Archive member included to satisfy reference by file (symbol)

/Applications/ArmGNUToolchain/15.3.rel1/arm-none-eabi/bin/../lib/gcc/arm-none-eabi/15.3.1/thumb/v6-m/nofp/libgcc.a(_dvmd_tls.o)
                              CMakeFiles/encoder.dir/Users/andrew/pico/pico-sdk/src/rp2_common/pico_divider/divider_hardware.S.o (__aeabi_idiv0)
/Applications/ArmGNUToolchain/15.3.rel1/arm-none-eabi/bin/../lib/gcc/arm-none-eabi/15.3.1/../../../../arm-none-eabi/lib/thumb/v6-m/nofp/libg.a(libc_a-calloc.o)
                              CMakeFiles/encoder.dir/Users/andrew/pico/pico-sdk/src/rp2_common/pico_malloc/malloc.c.o (calloc)
/Applications/ArmGNUToolchain/15.3.rel1/arm-none-eabi/bin/../lib/gcc/arm-none-eabi/15.3.1/../../../../arm-none-eabi/lib/thumb/v6-m/nofp/libg.a(libc_a-callocr.o)
                              /Applications/ArmGNUToolchain/15.3.rel1/arm-none-eabi/bin/../lib/gcc/arm-none-eabi/15.3.1/../../../../arm-none-eabi/lib/thumb/v6-m/nofp/libg.a(libc_a-calloc.o) (_calloc_r)
/Applications/ArmGNUToolchain/15.3.rel1/arm-none-eabi/bin/../lib/gcc/arm-none-eabi/15.3.1/../../../../arm-none-eabi/lib/thumb/v6-m/nofp/libg.a(libc_a-malloc.o)
                              CMakeFiles/encoder.dir/Users/andrew/pico/pico-sdk/src/rp2_common/pico_malloc/malloc.c.o (malloc)
/Applications/ArmGNUToolchain/15.3.rel1/arm-none-eabi/bin/../lib/gcc/arm-none-eabi/15.3.1/../../../../arm-none-eabi/lib/thumb/v6-m/nofp/libg.a(libc_a-mallocr.o)
                              /Applications/ArmGNUToolchain/15.3.rel1/arm-none-eabi/bin/../lib/gcc/arm-none-eabi/15.3.1/../../../../arm-none-eabi/lib/thumb/v6-m/nofp/libg.a(libc_a-callocr.o) (_malloc_r)
/Applications/ArmGNUToolchain/15.3.rel1/arm-none-eabi/bin/../lib/gcc/arm-none-eabi/15.3.1/../../../../arm-none-eabi/lib/thumb/v6-m/nofp/libg.a(libc_a-mlock.o)
                              /Applications/ArmGNUToolchain/15.3.rel1/arm-none-eabi/bin/../lib/gcc/arm-none-eabi/15.3.1/../../../../arm-none-eabi/lib/thumb/v6-m/nofp/libg.a(libc_a-mallocr.o) (__malloc_lock)
/Applications/ArmGNUToolchain/15.3.rel1/arm-none-eabi/bin/../lib/gcc/arm-none-eabi/15.3.1/../../../../arm-none-eabi/lib/thumb/v6-m/nofp/libg.a(libc_a-realloc.o)
                              CMakeFiles/encoder.dir/Users/andrew/pico/pico-sdk/src/rp2_common/pico_malloc/malloc.c.o (realloc)
/Applications/ArmGNUToolchain/15.3.rel1/arm-none-eabi/bin/../lib/gcc/arm-none-eabi/15.3.1/../../../../arm-none-eabi/lib/thumb/v6-m/nofp/libg.a(libc_a-reallocr.o)
                              /Applications/ArmGNUToolchain/15.3.rel1/arm-none-eabi/bin/../lib/gcc/arm-none-eabi/15.3.1/../../../../arm-none-eabi/lib/thumb/v6-m/nofp/libg.a(libc_a-realloc.o) (_realloc_r)
/Applications/ArmGNUToolchain/15.3.rel1/arm-none-eabi/bin/../lib/gcc/arm-none-eabi/15.3.1/../../../../arm-none-eabi/lib/thumb/v6-m/nofp/libg.a(libc_a-memcmp.o)
                              CMakeFiles/encoder.dir/Users/andrew/pico/pico-sdk/src/rp2_common/pico_atomic/atomic.c.o (memcmp)
/Applications/ArmGNUToolchain/15.3.rel1/arm-none-eabi/bin/../lib/gcc/arm-none-eabi/15.3.1/../../../../arm-none-eabi/lib/thumb/v6-m/nofp/libg.a(libc_a-memmove.o)
                              /Applications/ArmGNUToolchain/15.3.rel1/arm-none-eabi/bin/../lib/gcc/arm-none-eabi/15.3.1/../../../../arm-none-eabi/lib/thumb/v6-m/nofp/libg.a(libc_a-reallocr.o) (memmove)
/Applications/ArmGNUToolchain/15.3.rel1/arm-none-eabi/bin/../lib/gcc/arm-none-eabi/15.3.1/../../../../arm-none-eabi/lib/thumb/v6-m/nofp/libg.a(libc_a-lcltime_r.o)
                              CMakeFiles/encoder.dir/Users/andrew/pico/pico-sdk/src/common/pico_util/datetime.c.o (localtime_r)
/Applications/ArmGNUToolchain/15.3.rel1/arm-none-eabi/bin/../lib/gcc/arm-none-eabi/15.3.1/../../../../arm-none-eabi/lib/thumb/v6-m/nofp/libg.a(libc_a-mktime.o)
                              CMakeFiles/encoder.dir/Users/andrew/pico/pico-sdk/src/common/pico_util/datetime.c.o (mktime)
/Applications/ArmGNUToolchain/15.3.rel1/arm-none-eabi/bin/../lib/gcc/arm-none-eabi/15.3.1/../../../../arm-none-eabi/lib/thumb/v6-m/nofp/libg.a(libc_a-month_lengths.o)
                              /Applications/ArmGNUToolchain/15.3.rel1/arm-none-eabi/bin/../lib/gcc/arm-none-eabi/15.3.1/../../../../arm-none-eabi/lib/thumb/v6-m/nofp/libg.a(libc_a-lcltime_r.o) (__month_lengths)
/Applications/ArmGNUToolchain/15.3.rel1/arm-none-eabi/bin/../lib/gcc/arm-none-eabi/15.3.1/../../../../arm-none-eabi/lib/thumb/v6-m/nofp/libg.a(libc_a-tzcalc_limits.o)
                              /Applications/ArmGNUToolchain/15.3.rel1/arm-none-eabi/bin/../lib/gcc/arm-none-eabi/15.3.1/../../../../arm-none-eabi/lib/thumb/v6-m/nofp/libg.a(libc_a-lcltime_r.o) (__tzcalc_limits)
/Applications/ArmGNUToolchain/15.3.rel1/arm-none-eabi/bin/../lib/gcc/arm-none-eabi/15.3.1/../../../../arm-none-eabi/lib/thumb/v6-m/nofp/libg.a(libc_a-tzlock.o)
[...]
Memory Configuration

Name             Origin             Length             Attributes
FLASH            0x10000000         0x00200000         xr
XIP_RAM          0x15000000         0x00004000         xrw
RAM              0x20000000         0x00040000         xrw
SCRATCH_X        0x20040000         0x00001000         xrw
SCRATCH_Y        0x20041000         0x00001000         xrw
*default*        0x00000000         0xffffffff

Linker script and memory map

                0x20000000                        RAM_ORIGIN_DEFAULT = 0x20000000
                0x00040000                        RAM_LENGTH_DEFAULT = 0x40000
                0x20040000                        SCRATCH_X_ORIGIN_DEFAULT = 0x20040000
                0x00001000                        SCRATCH_X_LENGTH_DEFAULT = 0x1000
                0x20041000                        SCRATCH_Y_ORIGIN_DEFAULT = 0x20041000
                0x00001000                        SCRATCH_Y_LENGTH_DEFAULT = 0x1000
                0x15000000                        XIP_RAM_ORIGIN_DEFAULT = 0x15000000
                0x00004000                        XIP_RAM_LENGTH_DEFAULT = 0x4000
LOAD CMakeFiles/encoder.dir/encoder.c.o
LOAD CMakeFiles/encoder.dir/Users/andrew/pico/pico-sdk/src/rp2_common/pico_stdlib/stdlib.c.o
LOAD CMakeFiles/encoder.dir/Users/andrew/pico/pico-sdk/src/rp2_common/hardware_gpio/gpio.c.o
LOAD CMakeFiles/encoder.dir/Users/andrew/pico/pico-sdk/src/rp2040/pico_platform/platform.c.o
LOAD CMakeFiles/encoder.dir/Users/andrew/pico/pico-sdk/src/rp2_common/pico_platform_common/common.c.o
LOAD CMakeFiles/encoder.dir/Users/andrew/pico/pico-sdk/src/rp2_common/pico_platform_panic/panic.c.o
LOAD CMakeFiles/encoder.dir/Users/andrew/pico/pico-sdk/src/rp2_common/pico_platform_panic/custom_panic_function.S.o
LOAD CMakeFiles/encoder.dir/Users/andrew/pico/pico-sdk/src/common/hardware_claim/claim.c.o
LOAD CMakeFiles/encoder.dir/Users/andrew/pico/pico-sdk/src/rp2_common/hardware_sync/sync.c.o
LOAD CMakeFiles/encoder.dir/Users/andrew/pico/pico-sdk/src/rp2_common/hardware_sync_spin_lock/sync_spin_lock.c.o
LOAD CMakeFiles/encoder.dir/Users/andrew/pico/pico-sdk/src/rp2_common/hardware_irq/irq.c.o
LOAD CMakeFiles/encoder.dir/Users/andrew/pico/pico-sdk/src/rp2_common/hardware_irq/irq_handler_chain.S.o
LOAD CMakeFiles/encoder.dir/Users/andrew/pico/pico-sdk/src/common/pico_sync/sem.c.o
LOAD CMakeFiles/encoder.dir/Users/andrew/pico/pico-sdk/src/common/pico_sync/lock_core.c.o
LOAD CMakeFiles/encoder.dir/Users/andrew/pico/pico-sdk/src/common/pico_sync/mutex.c.o
LOAD CMakeFiles/encoder.dir/Users/andrew/pico/pico-sdk/src/common/pico_sync/critical_section.c.o
LOAD CMakeFiles/encoder.dir/Users/andrew/pico/pico-sdk/src/common/pico_time/time.c.o
LOAD CMakeFiles/encoder.dir/Users/andrew/pico/pico-sdk/src/common/pico_time/timeout_helper.c.o
LOAD CMakeFiles/encoder.dir/Users/andrew/pico/pico-sdk/src/rp2_common/hardware_timer/timer.c.o
LOAD CMakeFiles/encoder.dir/Users/andrew/pico/pico-sdk/src/common/pico_util/datetime.c.o
LOAD CMakeFiles/encoder.dir/Users/andrew/pico/pico-sdk/src/common/pico_util/fixed_bitset.c.o
LOAD CMakeFiles/encoder.dir/Users/andrew/pico/pico-sdk/src/common/pico_util/pheap.c.o
LOAD CMakeFiles/encoder.dir/Users/andrew/pico/pico-sdk/src/common/pico_util/queue.c.o
LOAD CMakeFiles/encoder.dir/Users/andrew/pico/pico-sdk/src/rp2_common/hardware_uart/uart.c.o
LOAD CMakeFiles/encoder.dir/Users/andrew/pico/pico-sdk/src/rp2_common/hardware_clocks/clocks.c.o
LOAD CMakeFiles/encoder.dir/Users/andrew/pico/pico-sdk/src/rp2_common/hardware_pll/pll.c.o
LOAD CMakeFiles/encoder.dir/Users/andrew/pico/pico-sdk/src/rp2_common/hardware_vreg/vreg.c.o
LOAD CMakeFiles/encoder.dir/Users/andrew/pico/pico-sdk/src/rp2_common/hardware_watchdog/watchdog.c.o
LOAD CMakeFiles/encoder.dir/Users/andrew/pico/pico-sdk/src/rp2_common/hardware_ticks/ticks.c.o
LOAD CMakeFiles/encoder.dir/Users/andrew/pico/pico-sdk/src/rp2_common/pico_bootrom/bootrom.c.o
LOAD CMakeFiles/encoder.dir/Users/andrew/pico/pico-sdk/src/rp2_common/pico_bootrom/bootrom_lock.c.o
LOAD CMakeFiles/encoder.dir/Users/andrew/pico/pico-sdk/src/rp2_common/hardware_boot_lock/boot_lock.c.o
LOAD CMakeFiles/encoder.dir/Users/andrew/pico/pico-sdk/src/rp2_common/pico_flash/flash.c.o
LOAD CMakeFiles/encoder.dir/Users/andrew/pico/pico-sdk/src/rp2_common/hardware_xosc/xosc.c.o
LOAD CMakeFiles/encoder.dir/Users/andrew/pico/pico-sdk/src/rp2_common/hardware_divider/divider.S.o
LOAD CMakeFiles/encoder.dir/Users/andrew/pico/pico-sdk/src/rp2_common/pico_runtime/runtime.c.o
LOAD CMakeFiles/encoder.dir/Users/andrew/pico/pico-sdk/src/rp2_common/pico_runtime_init/runtime_init.c.o
LOAD CMakeFiles/encoder.dir/Users/andrew/pico/pico-sdk/src/rp2_common/pico_runtime_init/runtime_init_clocks.c.o
LOAD CMakeFiles/encoder.dir/Users/andrew/pico/pico-sdk/src/rp2_common/pico_runtime_init/runtime_init_stack_guard.c.o
LOAD CMakeFiles/encoder.dir/Users/andrew/pico/pico-sdk/src/rp2_common/hardware_rtc/rtc.c.o
LOAD CMakeFiles/encoder.dir/Users/andrew/pico/pico-sdk/src/rp2_common/pico_bit_ops/bit_ops_aeabi.S.o
LOAD CMakeFiles/encoder.dir/Users/andrew/pico/pico-sdk/src/rp2_common/pico_divider/divider_hardware.S.o
LOAD CMakeFiles/encoder.dir/Users/andrew/pico/pico-sdk/src/rp2_common/pico_double/double_aeabi_rp2040.S.o
LOAD CMakeFiles/encoder.dir/Users/andrew/pico/pico-sdk/src/rp2_common/pico_double/double_init_rom_rp2040.c.o
LOAD CMakeFiles/encoder.dir/Users/andrew/pico/pico-sdk/src/rp2_common/pico_double/double_math.c.o
LOAD CMakeFiles/encoder.dir/Users/andrew/pico/pico-sdk/src/rp2_common/pico_double/double_v1_rom_shim_rp2040.S.o
LOAD CMakeFiles/encoder.dir/Users/andrew/pico/pico-sdk/src/rp2_common/pico_int64_ops/pico_int64_ops_aeabi.S.o
LOAD CMakeFiles/encoder.dir/Users/andrew/pico/pico-sdk/src/rp2_common/pico_float/float_aeabi_rp2040.S.o
LOAD CMakeFiles/encoder.dir/Users/andrew/pico/pico-sdk/src/rp2_common/pico_float/float_init_rom_rp2040.c.o
LOAD CMakeFiles/encoder.dir/Users/andrew/pico/pico-sdk/src/rp2_common/pico_float/float_math.c.o
LOAD CMakeFiles/encoder.dir/Users/andrew/pico/pico-sdk/src/rp2_common/pico_float/float_v1_rom_shim_rp2040.S.o
LOAD CMakeFiles/encoder.dir/Users/andrew/pico/pico-sdk/src/rp2_common/pico_malloc/malloc.c.o
LOAD CMakeFiles/encoder.dir/Users/andrew/pico/pico-sdk/src/rp2_common/pico_mem_ops/mem_ops_aeabi.S.o
LOAD CMakeFiles/encoder.dir/Users/andrew/pico/pico-sdk/src/rp2_common/pico_atomic/atomic.c.o
LOAD CMakeFiles/encoder.dir/Users/andrew/pico/pico-sdk/src/rp2_common/pico_cxx_options/new_delete.cpp.o
LOAD CMakeFiles/encoder.dir/Users/andrew/pico/pico-sdk/src/rp2_common/pico_standard_binary_info/standard_binary_info.c.o
LOAD CMakeFiles/encoder.dir/Users/andrew/pico/pico-sdk/src/rp2_common/pico_printf/printf.c.o
LOAD CMakeFiles/encoder.dir/Users/andrew/pico/pico-sdk/src/rp2_common/pico_crt0/crt0.S.o
LOAD CMakeFiles/encoder.dir/Users/andrew/pico/pico-sdk/src/rp2_common/pico_clib_interface/newlib_interface.c.o
LOAD CMakeFiles/encoder.dir/Users/andrew/pico/pico-sdk/src/rp2_common/pico_clib_interface/cxa_guard.c.o
LOAD CMakeFiles/encoder.dir/Users/andrew/pico/pico-sdk/src/rp2_common/pico_stdio/stdio.c.o
LOAD CMakeFiles/encoder.dir/Users/andrew/pico/pico-sdk/src/rp2_common/pico_stdio_usb/stdio_usb.c.o
LOAD CMakeFiles/encoder.dir/Users/andrew/pico/pico-sdk/src/rp2_common/pico_stdio_usb/stdio_usb_descriptors.c.o
LOAD CMakeFiles/encoder.dir/Users/andrew/pico/pico-sdk/src/rp2_common/pico_unique_id/unique_id.c.o
LOAD CMakeFiles/encoder.dir/Users/andrew/pico/pico-sdk/src/rp2_common/hardware_flash/flash.c.o
LOAD CMakeFiles/encoder.dir/Users/andrew/pico/pico-sdk/src/rp2_common/hardware_xip_cache/xip_cache.c.o
LOAD CMakeFiles/encoder.dir/Users/andrew/pico/pico-sdk/src/rp2_common/pico_usb_reset/usb_reset.c.o
LOAD CMakeFiles/encoder.dir/Users/andrew/pico/pico-sdk/lib/tinyusb/src/portable/raspberrypi/rp2040/dcd_rp2040.c.o
LOAD CMakeFiles/encoder.dir/Users/andrew/pico/pico-sdk/lib/tinyusb/src/portable/raspberrypi/rp2040/rp2040_usb.c.o
LOAD CMakeFiles/encoder.dir/Users/andrew/pico/pico-sdk/lib/tinyusb/src/device/usbd.c.o
LOAD CMakeFiles/encoder.dir/Users/andrew/pico/pico-sdk/lib/tinyusb/src/device/usbd_control.c.o
LOAD CMakeFiles/encoder.dir/Users/andrew/pico/pico-sdk/lib/tinyusb/src/class/audio/audio_device.c.o
LOAD CMakeFiles/encoder.dir/Users/andrew/pico/pico-sdk/lib/tinyusb/src/class/cdc/cdc_device.c.o
LOAD CMakeFiles/encoder.dir/Users/andrew/pico/pico-sdk/lib/tinyusb/src/class/dfu/dfu_device.c.o
LOAD CMakeFiles/encoder.dir/Users/andrew/pico/pico-sdk/lib/tinyusb/src/class/dfu/dfu_rt_device.c.o
LOAD CMakeFiles/encoder.dir/Users/andrew/pico/pico-sdk/lib/tinyusb/src/class/hid/hid_device.c.o
LOAD CMakeFiles/encoder.dir/Users/andrew/pico/pico-sdk/lib/tinyusb/src/class/midi/midi_device.c.o
LOAD CMakeFiles/encoder.dir/Users/andrew/pico/pico-sdk/lib/tinyusb/src/class/msc/msc_device.c.o
LOAD CMakeFiles/encoder.dir/Users/andrew/pico/pico-sdk/lib/tinyusb/src/class/net/ecm_rndis_device.c.o
LOAD CMakeFiles/encoder.dir/Users/andrew/pico/pico-sdk/lib/tinyusb/src/class/net/ncm_device.c.o
LOAD CMakeFiles/encoder.dir/Users/andrew/pico/pico-sdk/lib/tinyusb/src/class/usbtmc/usbtmc_device.c.o
LOAD CMakeFiles/encoder.dir/Users/andrew/pico/pico-sdk/lib/tinyusb/src/class/vendor/vendor_device.c.o
LOAD CMakeFiles/encoder.dir/Users/andrew/pico/pico-sdk/lib/tinyusb/src/class/video/video_device.c.o
LOAD CMakeFiles/encoder.dir/Users/andrew/pico/pico-sdk/lib/tinyusb/src/tusb.c.o
LOAD CMakeFiles/encoder.dir/Users/andrew/pico/pico-sdk/lib/tinyusb/src/common/tusb_fifo.c.o
LOAD CMakeFiles/encoder.dir/Users/andrew/pico/pico-sdk/src/rp2_common/pico_fix/rp2040_usb_device_enumeration/rp2040_usb_device_enumeration.c.o
LOAD CMakeFiles/encoder.dir/Users/andrew/pico/pico-sdk/src/rp2_common/pico_thread_local/thread_local.c.o
LOAD pico-sdk/src/rp2040/boot_stage2/CMakeFiles/bs2_default_library.dir/bs2_default_padded_checksummed.S.o
LOAD /Applications/ArmGNUToolchain/15.3.rel1/arm-none-eabi/bin/../lib/gcc/arm-none-eabi/15.3.1/../../../../arm-none-eabi/lib/thumb/v6-m/nofp/libstdc++.a
LOAD /Applications/ArmGNUToolchain/15.3.rel1/arm-none-eabi/bin/../lib/gcc/arm-none-eabi/15.3.1/../../../../arm-none-eabi/lib/thumb/v6-m/nofp/libm.a
START GROUP
LOAD /Applications/ArmGNUToolchain/15.3.rel1/arm-none-eabi/bin/../lib/gcc/arm-none-eabi/15.3.1/thumb/v6-m/nofp/libgcc.a
LOAD /Applications/ArmGNUToolchain/15.3.rel1/arm-none-eabi/bin/../lib/gcc/arm-none-eabi/15.3.1/../../../../arm-none-eabi/lib/thumb/v6-m/nofp/libg.a
LOAD /Applications/ArmGNUToolchain/15.3.rel1/arm-none-eabi/bin/../lib/gcc/arm-none-eabi/15.3.1/../../../../arm-none-eabi/lib/thumb/v6-m/nofp/libc.a
END GROUP
                0x20000000                        PROVIDE (RAM_ORIGIN = RAM_ORIGIN_DEFAULT)
                0x00040000                        PROVIDE (RAM_LENGTH = RAM_LENGTH_DEFAULT)
                0x20040000                        PROVIDE (SCRATCH_X_ORIGIN = SCRATCH_X_ORIGIN_DEFAULT)
                0x00001000                        PROVIDE (SCRATCH_X_LENGTH = SCRATCH_X_LENGTH_DEFAULT)
                0x20041000                        PROVIDE (SCRATCH_Y_ORIGIN = SCRATCH_Y_ORIGIN_DEFAULT)
                0x00001000                        PROVIDE (SCRATCH_Y_LENGTH = SCRATCH_Y_LENGTH_DEFAULT)
                0x15000000                        PROVIDE (XIP_RAM_ORIGIN = XIP_RAM_ORIGIN_DEFAULT)
                0x00004000                        PROVIDE (XIP_RAM_LENGTH = XIP_RAM_LENGTH_DEFAULT)
                0x20000000                        RAM_ORIGIN = DEFINED (RAM_ORIGIN)?RAM_ORIGIN:RAM_ORIGIN_DEFAULT
                0x00040000                        RAM_LENGTH = DEFINED (RAM_LENGTH)?RAM_LENGTH:RAM_LENGTH_DEFAULT
                0x20040000                        SCRATCH_X_ORIGIN = DEFINED (SCRATCH_X_ORIGIN)?SCRATCH_X_ORIGIN:SCRATCH_X_ORIGIN_DEFAULT
                0x00001000                        SCRATCH_X_LENGTH = DEFINED (SCRATCH_X_LENGTH)?SCRATCH_X_LENGTH:SCRATCH_X_LENGTH_DEFAULT
                0x20041000                        SCRATCH_Y_ORIGIN = DEFINED (SCRATCH_Y_ORIGIN)?SCRATCH_Y_ORIGIN:SCRATCH_Y_ORIGIN_DEFAULT
                0x00001000                        SCRATCH_Y_LENGTH = DEFINED (SCRATCH_Y_LENGTH)?SCRATCH_Y_LENGTH:SCRATCH_Y_LENGTH_DEFAULT
                0x15000000                        XIP_RAM_ORIGIN = DEFINED (XIP_RAM_ORIGIN)?XIP_RAM_ORIGIN:XIP_RAM_ORIGIN_DEFAULT
                0x00004000                        XIP_RAM_LENGTH = DEFINED (XIP_RAM_LENGTH)?XIP_RAM_LENGTH:XIP_RAM_LENGTH_DEFAULT

.flash_begin    0x10000000        0x0
                0x10000000                        __flash_binary_start = .

.boot2          0x10000000      0x100
                0x10000000                        __boot2_start__ = .
 *(.boot2)
 .boot2         0x10000000      0x100 pico-sdk/src/rp2040/boot_stage2/CMakeFiles/bs2_default_library.dir/bs2_default_padded_checksummed.S.o
                0x10000100                        __boot2_end__ = .
                0x00000001                        ASSERT (((__boot2_end__ - __boot2_start__) == 0x100), ERROR: Pico second stage bootloader must be exactly 256 bytes in size for RP2040)

.text           0x10000100     0x6a18
                0x10000100                        __logical_binary_start = .
 *(.vectors)
 .vectors       0x10000100       0xd4 CMakeFiles/encoder.dir/Users/andrew/pico/pico-sdk/src/rp2_common/pico_crt0/crt0.S.o
                0x10000100                __VECTOR_TABLE
                0x10000100                __vectors
                0x100001c0                isr_irq13
                0x100001c0                isr_irq27
                0x100001c0                isr_irq31
                0x100001c0                isr_irq5
                0x100001c0                isr_irq11
                0x100001c0                isr_irq23
                0x100001c0                isr_irq18
                0x100001c0                isr_irq9
                0x100001c0                __unhandled_user_irq
                0x100001c0                isr_irq25
                0x100001c0                isr_irq4
                0x100001c0                isr_irq16
                0x100001c0                isr_irq29
                0x100001c0                isr_irq26
                0x100001c0                isr_irq3
                0x100001c0                isr_irq12
                0x100001c0                isr_irq30
                0x100001c0                isr_irq28
                0x100001c0                isr_irq19
                0x100001c0                isr_irq0
                0x100001c0                isr_irq6
                0x100001c0                isr_irq22
                0x100001c0                isr_irq17
                0x100001c0                isr_irq14
                0x100001c0                __vectors_end
                0x100001c0                __default_isrs_start
                0x100001c0                isr_irq2
                0x100001c0                isr_irq10
                0x100001c0                isr_irq8
                0x100001c0                isr_irq24
                0x100001c0                isr_irq1
                0x100001c0                isr_irq7
                0x100001c0                isr_irq21
                0x100001c0                isr_irq20
                0x100001c0                isr_irq15
                0x100001c6                unhandled_user_irq_num_in_r0
                0x100001c8                isr_invalid
                0x100001ca                isr_nmi
                0x100001cc                isr_hardfault
                0x100001ce                isr_svcall
                0x100001d0                isr_pendsv
                0x100001d2                isr_systick
                0x100001d4                __default_isrs_end
 *(.binary_info_header)
 .binary_info_header
                0x100001d4       0x14 CMakeFiles/encoder.dir/Users/andrew/pico/pico-sdk/src/rp2_common/pico_crt0/crt0.S.o
                0x100001e8                        __binary_info_header_end = .
 *(.embedded_block)
                0x100001e8                        __embedded_block_end = .
 *(.reset)
 .reset         0x100001e8       0x98 CMakeFiles/encoder.dir/Users/andrew/pico/pico-sdk/src/rp2_common/pico_crt0/crt0.S.o
                0x100001e8                _entry_point
 *(.init)
 *libgcc.a:cmse_nonsecure_call.o()
 *(EXCLUDE_FILE(*libm.a: *lib*_a-mem*.o *libc.a: *libgcc.a:) .text*)
 .text.encoder_callback
                0x10000280       0x40 CMakeFiles/encoder.dir/encoder.c.o
                0x10000280                encoder_callback
 .text.startup.main
                0x100002c0       0x70 CMakeFiles/encoder.dir/encoder.c.o
                0x100002c0                main
 .text.gpio_default_irq_handler
                0x10000330      0x2bc CMakeFiles/encoder.dir/Users/andrew/pico/pico-sdk/src/rp2_common/hardware_gpio/gpio.c.o
 .text.gpio_set_irq_enabled
                0x100005ec       0x48 CMakeFiles/encoder.dir/Users/andrew/pico/pico-sdk/src/rp2_common/hardware_gpio/gpio.c.o
                0x100005ec                gpio_set_irq_enabled
 .text.gpio_set_irq_enabled_with_callback
                0x10000634       0xec CMakeFiles/encoder.dir/Users/andrew/pico/pico-sdk/src/rp2_common/hardware_gpio/gpio.c.o
                0x10000634                gpio_set_irq_enabled_with_callback
 .text.gpio_init
                0x10000720       0x3c CMakeFiles/encoder.dir/Users/andrew/pico/pico-sdk/src/rp2_common/hardware_gpio/gpio.c.o
                0x10000720                gpio_init
 .text.rp2040_chip_version
                0x1000075c        0xc CMakeFiles/encoder.dir/Users/andrew/pico/pico-sdk/src/rp2040/pico_platform/platform.c.o
                0x1000075c                rp2040_chip_version
 .text.panic    0x10000768       0x30 CMakeFiles/encoder.dir/Users/andrew/pico/pico-sdk/src/rp2_common/pico_platform_panic/panic.c.o
                0x10000768                panic
 .text.hw_claim_or_assert
                0x10000798       0x50 CMakeFiles/encoder.dir/Users/andrew/pico/pico-sdk/src/common/hardware_claim/claim.c.o
                0x10000798                hw_claim_or_assert
 .text.hw_claim_unused_from_range
                0x100007e8       0x88 CMakeFiles/encoder.dir/Users/andrew/pico/pico-sdk/src/common/hardware_claim/claim.c.o
                0x100007e8                hw_claim_unused_from_range
 .text.next_striped_spin_lock_num
                0x10000870       0x18 CMakeFiles/encoder.dir/Users/andrew/pico/pico-sdk/src/rp2_common/hardware_sync/sync.c.o
                0x10000870                next_striped_spin_lock_num
 .text.spin_lock_claim_unused
                0x10000888       0x20 CMakeFiles/encoder.dir/Users/andrew/pico/pico-sdk/src/rp2_common/hardware_sync/sync.c.o
                0x10000888                spin_lock_claim_unused
 .text.spin_locks_reset
                0x100008a8       0x1c CMakeFiles/encoder.dir/Users/andrew/pico/pico-sdk/src/rp2_common/hardware_sync_spin_lock/sync_spin_lock.c.o
                0x100008a8                spin_locks_reset
 .text.runtime_init_per_core_irq_priorities
                0x100008c4       0x48 CMakeFiles/encoder.dir/Users/andrew/pico/pico-sdk/src/rp2_common/hardware_irq/irq.c.o
                0x100008c4                runtime_init_per_core_irq_priorities
 .text.irq_set_enabled
                0x1000090c       0x24 CMakeFiles/encoder.dir/Users/andrew/pico/pico-sdk/src/rp2_common/hardware_irq/irq.c.o
                0x1000090c                irq_set_enabled
 .text.irq_is_enabled
                0x10000930       0x18 CMakeFiles/encoder.dir/Users/andrew/pico/pico-sdk/src/rp2_common/hardware_irq/irq.c.o
                0x10000930                irq_is_enabled
 .text.irq_set_pending
                0x10000948       0x10 CMakeFiles/encoder.dir/Users/andrew/pico/pico-sdk/src/rp2_common/hardware_irq/irq.c.o
                0x10000948                irq_set_pending
 .text.irq_has_shared_handler
                0x10000958       0x20 CMakeFiles/encoder.dir/Users/andrew/pico/pico-sdk/src/rp2_common/hardware_irq/irq.c.o
                0x10000958                irq_has_shared_handler
 .text.irq_set_exclusive_handler
                0x10000978       0x54 CMakeFiles/encoder.dir/Users/andrew/pico/pico-sdk/src/rp2_common/hardware_irq/irq.c.o
                0x10000978                irq_set_exclusive_handler
 .text.irq_add_shared_handler
                0x100009cc      0x1b8 CMakeFiles/encoder.dir/Users/andrew/pico/pico-sdk/src/rp2_common/hardware_irq/irq.c.o
                0x100009cc                irq_add_shared_handler
 .text.irq_remove_handler
                0x10000b84      0x1bc CMakeFiles/encoder.dir/Users/andrew/pico/pico-sdk/src/rp2_common/hardware_irq/irq.c.o
                0x10000b84                irq_remove_handler
 .text.irq_add_tail_to_free_list
                0x10000d40       0xcc CMakeFiles/encoder.dir/Users/andrew/pico/pico-sdk/src/rp2_common/hardware_irq/irq.c.o
                0x10000d40                irq_add_tail_to_free_list
 .text.user_irq_claim_unused
                0x10000e0c       0x28 CMakeFiles/encoder.dir/Users/andrew/pico/pico-sdk/src/rp2_common/hardware_irq/irq.c.o
                0x10000e0c                user_irq_claim_unused
 .text.lock_init
                0x10000e34       0x10 CMakeFiles/encoder.dir/Users/andrew/pico/pico-sdk/src/common/pico_sync/lock_core.c.o
                0x10000e34                lock_init
 .text.runtime_init_mutex
                0x10000e44       0x50 CMakeFiles/encoder.dir/Users/andrew/pico/pico-sdk/src/common/pico_sync/mutex.c.o
                0x10000e44                runtime_init_mutex
 .text.mutex_init
                0x10000e94       0x1c CMakeFiles/encoder.dir/Users/andrew/pico/pico-sdk/src/common/pico_sync/mutex.c.o
                0x10000e94                mutex_init
 .text.critical_section_init
                0x10000eb0       0x1c CMakeFiles/encoder.dir/Users/andrew/pico/pico-sdk/src/common/pico_sync/critical_section.c.o
                0x10000eb0                critical_section_init
 .text.critical_section_init_with_lock_num
                0x10000ecc       0x14 CMakeFiles/encoder.dir/Users/andrew/pico/pico-sdk/src/common/pico_sync/critical_section.c.o
                0x10000ecc                critical_section_init_with_lock_num
 .text.sleep_until_callback
                0x10000ee0       0x30 CMakeFiles/encoder.dir/Users/andrew/pico/pico-sdk/src/common/pico_time/time.c.o
 .text.alarm_pool_irq_handler
                0x10000f10      0x2f4 CMakeFiles/encoder.dir/Users/andrew/pico/pico-sdk/src/common/pico_time/time.c.o
 .text.runtime_init_default_alarm_pool
                0x10001204       0xd8 CMakeFiles/encoder.dir/Users/andrew/pico/pico-sdk/src/common/pico_time/time.c.o
                0x10001204                runtime_init_default_alarm_pool
 .text.alarm_pool_get_default
                0x100012dc        0x8 CMakeFiles/encoder.dir/Users/andrew/pico/pico-sdk/src/common/pico_time/time.c.o
                0x100012dc                alarm_pool_get_default
 .text.alarm_pool_add_alarm_at
                0x100012e4       0xcc CMakeFiles/encoder.dir/Users/andrew/pico/pico-sdk/src/common/pico_time/time.c.o
                0x100012e4                alarm_pool_add_alarm_at
 .text.alarm_pool_add_alarm_at_force_in_context
                0x100013b0       0xbc CMakeFiles/encoder.dir/Users/andrew/pico/pico-sdk/src/common/pico_time/time.c.o
                0x100013b0                alarm_pool_add_alarm_at_force_in_context
 .text.alarm_pool_cancel_alarm
                0x1000146c       0x74 CMakeFiles/encoder.dir/Users/andrew/pico/pico-sdk/src/common/pico_time/time.c.o
                0x1000146c                alarm_pool_cancel_alarm
 .text.alarm_pool_core_num
                0x100014e0        0x4 CMakeFiles/encoder.dir/Users/andrew/pico/pico-sdk/src/common/pico_time/time.c.o
                0x100014e0                alarm_pool_core_num
 .text.sleep_ms
                0x100014e4       0xfc CMakeFiles/encoder.dir/Users/andrew/pico/pico-sdk/src/common/pico_time/time.c.o
                0x100014e4                sleep_ms
 .text.best_effort_wfe_or_timeout
                0x100015e0      0x12c CMakeFiles/encoder.dir/Users/andrew/pico/pico-sdk/src/common/pico_time/time.c.o
                0x100015e0                best_effort_wfe_or_timeout
 .text.timer_hardware_alarm_claim
                0x1000170c       0x14 CMakeFiles/encoder.dir/Users/andrew/pico/pico-sdk/src/rp2_common/hardware_timer/timer.c.o
                0x1000170c                timer_hardware_alarm_claim
 .text.timer_time_us_64
                0x10001720       0x10 CMakeFiles/encoder.dir/Users/andrew/pico/pico-sdk/src/rp2_common/hardware_timer/timer.c.o
                0x10001720                timer_time_us_64
 .text.time_us_64
                0x10001730       0x14 CMakeFiles/encoder.dir/Users/andrew/pico/pico-sdk/src/rp2_common/hardware_timer/timer.c.o
                0x10001730                time_us_64
 .text.busy_wait_until
                0x10001744       0x20 CMakeFiles/encoder.dir/Users/andrew/pico/pico-sdk/src/rp2_common/hardware_timer/timer.c.o
                0x10001744                busy_wait_until
 .text.clock_configure_int_divider
                0x10001764       0xec CMakeFiles/encoder.dir/Users/andrew/pico/pico-sdk/src/rp2_common/hardware_clocks/clocks.c.o
                0x10001764                clock_configure_int_divider
 .text.clock_configure_undivided
                0x10001850       0xe0 CMakeFiles/encoder.dir/Users/andrew/pico/pico-sdk/src/rp2_common/hardware_clocks/clocks.c.o
                0x10001850                clock_configure_undivided
 .text.clock_get_hz
                0x10001930        0xc CMakeFiles/encoder.dir/Users/andrew/pico/pico-sdk/src/rp2_common/hardware_clocks/clocks.c.o
                0x10001930                clock_get_hz
 .text.pll_init
                0x1000193c       0xb0 CMakeFiles/encoder.dir/Users/andrew/pico/pico-sdk/src/rp2_common/hardware_pll/pll.c.o
                0x1000193c                pll_init
 .text.watchdog_reboot
                0x100019ec       0x9c CMakeFiles/encoder.dir/Users/andrew/pico/pico-sdk/src/rp2_common/hardware_watchdog/watchdog.c.o
                0x100019ec                watchdog_reboot
 .text.tick_start
                0x10001a88       0x10 CMakeFiles/encoder.dir/Users/andrew/pico/pico-sdk/src/rp2_common/hardware_ticks/ticks.c.o
                0x10001a88                tick_start
 .text.rom_func_lookup
                0x10001a98       0x10 CMakeFiles/encoder.dir/Users/andrew/pico/pico-sdk/src/rp2_common/pico_bootrom/bootrom.c.o
                0x10001a98                rom_func_lookup
 .text.rom_data_lookup
                0x10001aa8       0x10 CMakeFiles/encoder.dir/Users/andrew/pico/pico-sdk/src/rp2_common/pico_bootrom/bootrom.c.o
                0x10001aa8                rom_data_lookup
 .text.rom_funcs_lookup
                0x10001ab8       0x44 CMakeFiles/encoder.dir/Users/andrew/pico/pico-sdk/src/rp2_common/pico_bootrom/bootrom.c.o
                0x10001ab8                rom_funcs_lookup
 .text.rom_reset_usb_boot_extra
                0x10001afc       0x24 CMakeFiles/encoder.dir/Users/andrew/pico/pico-sdk/src/rp2_common/pico_bootrom/bootrom.c.o
                0x10001afc                rom_reset_usb_boot_extra
 .text.xosc_init
                0x10001b20       0x28 CMakeFiles/encoder.dir/Users/andrew/pico/pico-sdk/src/rp2_common/hardware_xosc/xosc.c.o
                0x10001b20                xosc_init
 .text.first_per_core_initializer
                0x10001b48        0x4 CMakeFiles/encoder.dir/Users/andrew/pico/pico-sdk/src/rp2_common/pico_runtime/runtime.c.o
 .text.hard_assertion_failure
                0x10001b4c        0xc CMakeFiles/encoder.dir/Users/andrew/pico/pico-sdk/src/rp2_common/pico_runtime/runtime.c.o
                0x10001b4c                hard_assertion_failure
 .text.runtime_run_initializers
                0x10001b58       0x28 CMakeFiles/encoder.dir/Users/andrew/pico/pico-sdk/src/rp2_common/pico_runtime/runtime.c.o
                0x10001b58                runtime_run_initializers
 .text.runtime_init_early_resets
                0x10001b80       0x2c CMakeFiles/encoder.dir/Users/andrew/pico/pico-sdk/src/rp2_common/pico_runtime_init/runtime_init.c.o
                0x10001b80                runtime_init_early_resets
 .text.runtime_init_usb_power_down
                0x10001bac       0x1c CMakeFiles/encoder.dir/Users/andrew/pico/pico-sdk/src/rp2_common/pico_runtime_init/runtime_init.c.o
                0x10001bac                runtime_init_usb_power_down
 .text.runtime_init_post_clock_resets
                0x10001bc8       0x20 CMakeFiles/encoder.dir/Users/andrew/pico/pico-sdk/src/rp2_common/pico_runtime_init/runtime_init.c.o
                0x10001bc8                runtime_init_post_clock_resets
 .text.runtime_init_rp2040_gpio_ie_disable
                0x10001be8       0x14 CMakeFiles/encoder.dir/Users/andrew/pico/pico-sdk/src/rp2_common/pico_runtime_init/runtime_init.c.o
                0x10001be8                runtime_init_rp2040_gpio_ie_disable
 .text.runtime_init_spin_locks_reset
                0x10001bfc        0x8 CMakeFiles/encoder.dir/Users/andrew/pico/pico-sdk/src/rp2_common/pico_runtime_init/runtime_init.c.o
                0x10001bfc                runtime_init_spin_locks_reset
 .text.runtime_init_install_ram_vector_table
                0x10001c04       0xb4 CMakeFiles/encoder.dir/Users/andrew/pico/pico-sdk/src/rp2_common/pico_runtime_init/runtime_init.c.o
                0x10001c04                runtime_init_install_ram_vector_table
 .text.runtime_init_clocks
                0x10001cb8       0xd8 CMakeFiles/encoder.dir/Users/andrew/pico/pico-sdk/src/rp2_common/pico_runtime_init/runtime_init_clocks.c.o
                0x10001cb8                runtime_init_clocks
 .text          0x10001d90       0x10 CMakeFiles/encoder.dir/Users/andrew/pico/pico-sdk/src/rp2_common/pico_bit_ops/bit_ops_aeabi.S.o
 .text.__wrap___aeabi_idiv
                0x10001da0       0x50 CMakeFiles/encoder.dir/Users/andrew/pico/pico-sdk/src/rp2_common/pico_divider/divider_hardware.S.o
                0x10001da0                __wrap___aeabi_idivmod
                0x10001da0                divmod_s32s32
                0x10001da0                div_s32s32
                0x10001da0                __wrap___aeabi_idiv
                0x10001dd4                divmod_s32s32_savestate
 .text.__wrap___aeabi_uidiv
                0x10001df0       0x4c CMakeFiles/encoder.dir/Users/andrew/pico/pico-sdk/src/rp2_common/pico_divider/divider_hardware.S.o
                0x10001df0                __wrap___aeabi_uidiv
                0x10001df0                __wrap___aeabi_uidivmod
                0x10001df0                div_u32u32
                0x10001df0                divmod_u32u32
                0x10001e20                divmod_u32u32_savestate
 .text.__wrap___aeabi_ldiv
                0x10001e3c      0x424 CMakeFiles/encoder.dir/Users/andrew/pico/pico-sdk/src/rp2_common/pico_divider/divider_hardware.S.o
                0x10001e3c                __wrap___aeabi_ldivmod
                0x10001e3c                div_s64s64
                0x10001e3c                divmod_s64s64
                0x10001e6c                divmod_u64u64
                0x10001e6c                div_u64u64
                0x10001e6c                __wrap___aeabi_uldivmod
                0x10001e7c                divmod_u64u64_savestate
                0x10001e9c                divmod_s64s64_unsafe
                0x10001f24                divmod_u64u64_unsafe
 .text.__wrap___aeabi_darithmetic
                0x10002260       0x80 CMakeFiles/encoder.dir/Users/andrew/pico/pico-sdk/src/rp2_common/pico_double/double_aeabi_rp2040.S.o
                0x10002260                __wrap___aeabi_drsub
                0x10002266                __wrap___aeabi_dsub
                0x10002278                __wrap___aeabi_dadd
                0x1000228a                __wrap___aeabi_ddiv
                0x100022c6                __wrap___aeabi_dmul
 .text.__wrap___aeabi_cdcmple
                0x100022e0       0x6c CMakeFiles/encoder.dir/Users/andrew/pico/pico-sdk/src/rp2_common/pico_double/double_aeabi_rp2040.S.o
                0x100022e0                __wrap___aeabi_cdrcmple
                0x100022f0                __wrap___aeabi_cdcmple
                0x100022f0                __wrap___aeabi_cdcmpeq
 .text.__wrap___aeabi_dcmplt
                0x1000234c        0xc CMakeFiles/encoder.dir/Users/andrew/pico/pico-sdk/src/rp2_common/pico_double/double_aeabi_rp2040.S.o
                0x1000234c                __wrap___aeabi_dcmplt
 .text.__wrap___aeabi_dcmple
                0x10002358       0x10 CMakeFiles/encoder.dir/Users/andrew/pico/pico-sdk/src/rp2_common/pico_double/double_aeabi_rp2040.S.o
                0x10002358                __wrap___aeabi_dcmple
 .text.__wrap___aeabi_dcmpge
                0x10002368       0x10 CMakeFiles/encoder.dir/Users/andrew/pico/pico-sdk/src/rp2_common/pico_double/double_aeabi_rp2040.S.o
                0x10002368                __wrap___aeabi_dcmpge
 .text.__wrap___aeabi_dcmpgt
                0x10002378        0xa CMakeFiles/encoder.dir/Users/andrew/pico/pico-sdk/src/rp2_common/pico_double/double_aeabi_rp2040.S.o
                0x10002378                __wrap___aeabi_dcmpgt
 .text.__wrap___aeabi_dcmpun
                0x10002382       0x18 CMakeFiles/encoder.dir/Users/andrew/pico/pico-sdk/src/rp2_common/pico_double/double_aeabi_rp2040.S.o
                0x10002382                __wrap___aeabi_dcmpun
 *fill*         0x1000239a        0x2 
 .text.__wrap___aeabi_i2d
                0x1000239c       0x38 CMakeFiles/encoder.dir/Users/andrew/pico/pico-sdk/src/rp2_common/pico_double/double_aeabi_rp2040.S.o
                0x1000239c                __wrap___aeabi_ui2d
                0x1000239c                uint2double
                0x100023a4                __wrap___aeabi_i2d
                0x100023a4                int2double
 .text.__wrap___aeabi_d2iz
                0x100023d4       0x48 CMakeFiles/encoder.dir/Users/andrew/pico/pico-sdk/src/rp2_common/pico_double/double_aeabi_rp2040.S.o
                0x100023d4                __wrap___aeabi_d2iz
                0x100023d4                double2int_z
 .text.__wrap___aeabi_d2uiz
                0x1000241c       0x18 CMakeFiles/encoder.dir/Users/andrew/pico/pico-sdk/src/rp2_common/pico_double/double_aeabi_rp2040.S.o
                0x1000241c                double2uint_z
                0x1000241c                double2uint
                0x1000241c                __wrap___aeabi_d2uiz
 .text.__aeabi_double_init
                0x10002434       0xa4 CMakeFiles/encoder.dir/Users/andrew/pico/pico-sdk/src/rp2_common/pico_double/double_init_rom_rp2040.c.o
                0x10002434                __aeabi_double_init
 .text.double_table_shim_on_use_helper
                0x100024d8       0x2c CMakeFiles/encoder.dir/Users/andrew/pico/pico-sdk/src/rp2_common/pico_double/double_v1_rom_shim_rp2040.S.o
                0x100024d8                double_table_shim_on_use_helper
 .text.__wrap___aeabi_dsub
                0x10002504       0x10 CMakeFiles/encoder.dir/Users/andrew/pico/pico-sdk/src/rp2_common/pico_double/double_v1_rom_shim_rp2040.S.o
                0x10002504                drsub_shim
                0x1000250a                dsub_shim
 .text.dadd_shim
                0x10002514      0x15c CMakeFiles/encoder.dir/Users/andrew/pico/pico-sdk/src/rp2_common/pico_double/double_v1_rom_shim_rp2040.S.o
                0x10002514                dadd_shim
 .text.dmul_shim
                0x10002670      0x15c CMakeFiles/encoder.dir/Users/andrew/pico/pico-sdk/src/rp2_common/pico_double/double_v1_rom_shim_rp2040.S.o
                0x10002670                dmul_shim
 .text.ddiv_shim
                0x100027cc      0x1b0 CMakeFiles/encoder.dir/Users/andrew/pico/pico-sdk/src/rp2_common/pico_double/double_v1_rom_shim_rp2040.S.o
                0x100027cc                ddiv_shim
 .text.double2uint_shim
                0x1000297c        0xe CMakeFiles/encoder.dir/Users/andrew/pico/pico-sdk/src/rp2_common/pico_double/double_v1_rom_shim_rp2040.S.o
                0x1000297c                double2uint_shim
                0x1000297e                double2ufix_shim
 *fill*         0x1000298a        0x2 
 .text.double2uint64_shim
                0x1000298c       0x70 CMakeFiles/encoder.dir/Users/andrew/pico/pico-sdk/src/rp2_common/pico_double/double_v1_rom_shim_rp2040.S.o
                0x1000298c                double2uint64_shim
                0x1000298e                double2ufix64_shim
                0x100029ae                d2fix_a
 .text.dunpacks
                0x100029fc       0x3c CMakeFiles/encoder.dir/Users/andrew/pico/pico-sdk/src/rp2_common/pico_double/double_v1_rom_shim_rp2040.S.o
                0x100029fc                dunpacks
 .text.__aeabi_lmul
                0x10002a38       0x32 CMakeFiles/encoder.dir/Users/andrew/pico/pico-sdk/src/rp2_common/pico_int64_ops/pico_int64_ops_aeabi.S.o
                0x10002a38                __wrap___aeabi_lmul
 *fill*         0x10002a6a        0x2 
 .text.__aeabi_float_init
                0x10002a6c       0x68 CMakeFiles/encoder.dir/Users/andrew/pico/pico-sdk/src/rp2_common/pico_float/float_init_rom_rp2040.c.o
                0x10002a6c                __aeabi_float_init
 .text.float_table_shim_on_use_helper
                0x10002ad4       0x2c CMakeFiles/encoder.dir/Users/andrew/pico/pico-sdk/src/rp2_common/pico_float/float_v1_rom_shim_rp2040.S.o
                0x10002ad4                float_table_shim_on_use_helper
 .text          0x10002b00       0x10 CMakeFiles/encoder.dir/Users/andrew/pico/pico-sdk/src/rp2_common/pico_mem_ops/mem_ops_aeabi.S.o
                0x10002b00                __aeabi_mem_init
 .text.memset   0x10002b10        0xc CMakeFiles/encoder.dir/Users/andrew/pico/pico-sdk/src/rp2_common/pico_mem_ops/mem_ops_aeabi.S.o
                0x10002b10                __wrap_memset
 .text.memcpy   0x10002b1c        0xc CMakeFiles/encoder.dir/Users/andrew/pico/pico-sdk/src/rp2_common/pico_mem_ops/mem_ops_aeabi.S.o
                0x10002b1c                __wrap___aeabi_memcpy
                0x10002b1c                __wrap_memcpy
 .text._out_null
                0x10002b28        0x4 CMakeFiles/encoder.dir/Users/andrew/pico/pico-sdk/src/rp2_common/pico_printf/printf.c.o
 .text._out_rev
                0x10002b2c       0xa8 CMakeFiles/encoder.dir/Users/andrew/pico/pico-sdk/src/rp2_common/pico_printf/printf.c.o
 .text._ntoa_format
                0x10002bd4      0x1d8 CMakeFiles/encoder.dir/Users/andrew/pico/pico-sdk/src/rp2_common/pico_printf/printf.c.o
 .text._out_char
                0x10002dac       0x10 CMakeFiles/encoder.dir/Users/andrew/pico/pico-sdk/src/rp2_common/pico_printf/printf.c.o
 .text._out_fct
                0x10002dbc       0x10 CMakeFiles/encoder.dir/Users/andrew/pico/pico-sdk/src/rp2_common/pico_printf/printf.c.o
 .text._ftoa    0x10002dcc      0x474 CMakeFiles/encoder.dir/Users/andrew/pico/pico-sdk/src/rp2_common/pico_printf/printf.c.o
 .text._etoa    0x10003240      0x560 CMakeFiles/encoder.dir/Users/andrew/pico/pico-sdk/src/rp2_common/pico_printf/printf.c.o
 .text._vsnprintf
                0x100037a0      0xab8 CMakeFiles/encoder.dir/Users/andrew/pico/pico-sdk/src/rp2_common/pico_printf/printf.c.o
 .text.vfctprintf
                0x10004258       0x20 CMakeFiles/encoder.dir/Users/andrew/pico/pico-sdk/src/rp2_common/pico_printf/printf.c.o
                0x10004258                vfctprintf
 .text.weak_raw_vprintf
                0x10004278       0x30 CMakeFiles/encoder.dir/Users/andrew/pico/pico-sdk/src/rp2_common/pico_printf/printf.c.o
                0x10004278                weak_raw_vprintf
 .text._exit    0x100042a8        0x4 CMakeFiles/encoder.dir/Users/andrew/pico/pico-sdk/src/rp2_common/pico_clib_interface/newlib_interface.c.o
                0x100042a8                _exit
 .text._fini    0x100042ac        0x4 CMakeFiles/encoder.dir/Users/andrew/pico/pico-sdk/src/rp2_common/pico_clib_interface/newlib_interface.c.o
                0x100042ac                _fini
 .text.exit     0x100042b0        0x8 CMakeFiles/encoder.dir/Users/andrew/pico/pico-sdk/src/rp2_common/pico_clib_interface/newlib_interface.c.o
                0x100042b0                exit
 .text.runtime_init
                0x100042b8       0x2c CMakeFiles/encoder.dir/Users/andrew/pico/pico-sdk/src/rp2_common/pico_clib_interface/newlib_interface.c.o
                0x100042b8                runtime_init
 .text.stdio_out_chars_no_crlf
                0x100042e4       0x10 CMakeFiles/encoder.dir/Users/andrew/pico/pico-sdk/src/rp2_common/pico_stdio/stdio.c.o
 .text.stdio_out_chars_crlf
                0x100042f4       0x90 CMakeFiles/encoder.dir/Users/andrew/pico/pico-sdk/src/rp2_common/pico_stdio/stdio.c.o
 .text.stdio_buffered_printer
                0x10004384       0x58 CMakeFiles/encoder.dir/Users/andrew/pico/pico-sdk/src/rp2_common/pico_stdio/stdio.c.o
 .text.stdio_put_string
                0x100043dc       0xf4 CMakeFiles/encoder.dir/Users/andrew/pico/pico-sdk/src/rp2_common/pico_stdio/stdio.c.o
                0x100043dc                stdio_put_string
 .text.stdio_set_driver_enabled
                0x100044d0       0x30 CMakeFiles/encoder.dir/Users/andrew/pico/pico-sdk/src/rp2_common/pico_stdio/stdio.c.o
                0x100044d0                stdio_set_driver_enabled
 .text.stdio_init_all
                0x10004500        0x8 CMakeFiles/encoder.dir/Users/andrew/pico/pico-sdk/src/rp2_common/pico_stdio/stdio.c.o
                0x10004500                stdio_init_all
 .text.__wrap_putchar
                0x10004508       0x94 CMakeFiles/encoder.dir/Users/andrew/pico/pico-sdk/src/rp2_common/pico_stdio/stdio.c.o
                0x10004508                stdio_putchar
                0x10004508                __wrap_putchar
 .text.__wrap_puts
                0x1000459c       0x3c CMakeFiles/encoder.dir/Users/andrew/pico/pico-sdk/src/rp2_common/pico_stdio/stdio.c.o
                0x1000459c                __wrap_puts
                0x1000459c                stdio_puts
 .text.__wrap_vprintf
                0x100045d8       0xc8 CMakeFiles/encoder.dir/Users/andrew/pico/pico-sdk/src/rp2_common/pico_stdio/stdio.c.o
                0x100045d8                __wrap_vprintf
                0x100045d8                stdio_vprintf
 .text.__wrap_printf
                0x100046a0       0x18 CMakeFiles/encoder.dir/Users/andrew/pico/pico-sdk/src/rp2_common/pico_stdio/stdio.c.o
                0x100046a0                stdio_printf
                0x100046a0                __wrap_printf
 .text.stdio_usb_set_chars_available_callback
                0x100046b8       0x14 CMakeFiles/encoder.dir/Users/andrew/pico/pico-sdk/src/rp2_common/pico_stdio_usb/stdio_usb.c.o
                0x100046b8                stdio_usb_set_chars_available_callback
 .text.usb_irq  0x100046cc       0x10 CMakeFiles/encoder.dir/Users/andrew/pico/pico-sdk/src/rp2_common/pico_stdio_usb/stdio_usb.c.o
 .text.timer_task
                0x100046dc       0x64 CMakeFiles/encoder.dir/Users/andrew/pico/pico-sdk/src/rp2_common/pico_stdio_usb/stdio_usb.c.o
 .text.stdio_usb_in_chars
                0x10004740       0x8c CMakeFiles/encoder.dir/Users/andrew/pico/pico-sdk/src/rp2_common/pico_stdio_usb/stdio_usb.c.o
                0x10004740                stdio_usb_in_chars
 .text.stdio_usb_out_flush
                0x100047cc       0x4c CMakeFiles/encoder.dir/Users/andrew/pico/pico-sdk/src/rp2_common/pico_stdio_usb/stdio_usb.c.o
 .text.stdio_usb_out_chars
                0x10004818       0xf8 CMakeFiles/encoder.dir/Users/andrew/pico/pico-sdk/src/rp2_common/pico_stdio_usb/stdio_usb.c.o
 .text.low_priority_worker_irq
                0x10004910       0xc4 CMakeFiles/encoder.dir/Users/andrew/pico/pico-sdk/src/rp2_common/pico_stdio_usb/stdio_usb.c.o
 .text.stdio_usb_init
                0x100049d4       0xe4 CMakeFiles/encoder.dir/Users/andrew/pico/pico-sdk/src/rp2_common/pico_stdio_usb/stdio_usb.c.o
                0x100049d4                stdio_usb_init
 .text.tud_descriptor_device_cb
                0x10004ab8        0x8 CMakeFiles/encoder.dir/Users/andrew/pico/pico-sdk/src/rp2_common/pico_stdio_usb/stdio_usb_descriptors.c.o
                0x10004ab8                tud_descriptor_device_cb
 .text.tud_descriptor_configuration_cb
                0x10004ac0        0x8 CMakeFiles/encoder.dir/Users/andrew/pico/pico-sdk/src/rp2_common/pico_stdio_usb/stdio_usb_descriptors.c.o
                0x10004ac0                tud_descriptor_configuration_cb
 .text.tud_descriptor_string_cb
                0x10004ac8       0x70 CMakeFiles/encoder.dir/Users/andrew/pico/pico-sdk/src/rp2_common/pico_stdio_usb/stdio_usb_descriptors.c.o
                0x10004ac8                tud_descriptor_string_cb
 .text.startup._retrieve_unique_id_on_boot
                0x10004b38       0x10 CMakeFiles/encoder.dir/Users/andrew/pico/pico-sdk/src/rp2_common/pico_unique_id/unique_id.c.o
 .text.pico_get_unique_board_id_string
                0x10004b48      0x1e0 CMakeFiles/encoder.dir/Users/andrew/pico/pico-sdk/src/rp2_common/pico_unique_id/unique_id.c.o
                0x10004b48                pico_get_unique_board_id_string
 .text.flash_get_unique_id
                0x10004d28       0x3c CMakeFiles/encoder.dir/Users/andrew/pico/pico-sdk/src/rp2_common/hardware_flash/flash.c.o
                0x10004d28                flash_get_unique_id
 .text.usb_reset_interface_init
                0x10004d64        0x4 CMakeFiles/encoder.dir/Users/andrew/pico/pico-sdk/src/rp2_common/pico_usb_reset/usb_reset.c.o
                0x10004d64                usb_reset_interface_init
 .text.usb_reset_interface_reset
                0x10004d68        0xc CMakeFiles/encoder.dir/Users/andrew/pico/pico-sdk/src/rp2_common/pico_usb_reset/usb_reset.c.o
                0x10004d68                usb_reset_interface_reset
 .text.usb_reset_interface_open
                0x10004d74       0x28 CMakeFiles/encoder.dir/Users/andrew/pico/pico-sdk/src/rp2_common/pico_usb_reset/usb_reset.c.o
                0x10004d74                usb_reset_interface_open
 .text.usb_reset_interface_xfer_cb
                0x10004d9c        0x4 CMakeFiles/encoder.dir/Users/andrew/pico/pico-sdk/src/rp2_common/pico_usb_reset/usb_reset.c.o
                0x10004d9c                usb_reset_interface_xfer_cb
 .text.usb_reset_interface_control_xfer_cb
                0x10004da0       0x60 CMakeFiles/encoder.dir/Users/andrew/pico/pico-sdk/src/rp2_common/pico_usb_reset/usb_reset.c.o
                0x10004da0                usb_reset_interface_control_xfer_cb
 .text.tud_descriptor_bos_cb
                0x10004e00        0x8 CMakeFiles/encoder.dir/Users/andrew/pico/pico-sdk/src/rp2_common/pico_usb_reset/usb_reset.c.o
                0x10004e00                tud_descriptor_bos_cb
 .text.tud_vendor_control_xfer_cb
                0x10004e08       0x38 CMakeFiles/encoder.dir/Users/andrew/pico/pico-sdk/src/rp2_common/pico_usb_reset/usb_reset.c.o
                0x10004e08                tud_vendor_control_xfer_cb
 .text.usbd_app_driver_get_cb
                0x10004e40        0xc CMakeFiles/encoder.dir/Users/andrew/pico/pico-sdk/src/rp2_common/pico_usb_reset/usb_reset.c.o
                0x10004e40                usbd_app_driver_get_cb
 .text.tud_cdc_line_coding_cb
                0x10004e4c       0x2c CMakeFiles/encoder.dir/Users/andrew/pico/pico-sdk/src/rp2_common/pico_usb_reset/usb_reset.c.o
                0x10004e4c                tud_cdc_line_coding_cb
 .text.dcd_init
                0x10004e78       0x90 CMakeFiles/encoder.dir/Users/andrew/pico/pico-sdk/lib/tinyusb/src/portable/raspberrypi/rp2040/dcd_rp2040.c.o
                0x10004e78                dcd_init
 .text.dcd_int_enable
                0x10004f08        0xc CMakeFiles/encoder.dir/Users/andrew/pico/pico-sdk/lib/tinyusb/src/portable/raspberrypi/rp2040/dcd_rp2040.c.o
                0x10004f08                dcd_int_enable
 .text.dcd_set_address
                0x10004f14       0x14 CMakeFiles/encoder.dir/Users/andrew/pico/pico-sdk/lib/tinyusb/src/portable/raspberrypi/rp2040/dcd_rp2040.c.o
                0x10004f14                dcd_set_address
 .text.dcd_sof_enable
                0x10004f28       0x1c CMakeFiles/encoder.dir/Users/andrew/pico/pico-sdk/lib/tinyusb/src/portable/raspberrypi/rp2040/dcd_rp2040.c.o
                0x10004f28                dcd_sof_enable
 .text.dcd_edpt0_status_complete
                0x10004f44       0x1c CMakeFiles/encoder.dir/Users/andrew/pico/pico-sdk/lib/tinyusb/src/portable/raspberrypi/rp2040/dcd_rp2040.c.o
                0x10004f44                dcd_edpt0_status_complete
 .text.dcd_edpt_open
                0x10004f60       0xfc CMakeFiles/encoder.dir/Users/andrew/pico/pico-sdk/lib/tinyusb/src/portable/raspberrypi/rp2040/dcd_rp2040.c.o
                0x10004f60                dcd_edpt_open
 .text.dcd_edpt_close_all
                0x1000505c        0x8 CMakeFiles/encoder.dir/Users/andrew/pico/pico-sdk/lib/tinyusb/src/portable/raspberrypi/rp2040/dcd_rp2040.c.o
                0x1000505c                dcd_edpt_close_all
 .text.dcd_edpt_xfer
                0x10005064       0x24 CMakeFiles/encoder.dir/Users/andrew/pico/pico-sdk/lib/tinyusb/src/portable/raspberrypi/rp2040/dcd_rp2040.c.o
                0x10005064                dcd_edpt_xfer
 .text.dcd_edpt_stall
                0x10005088       0x3c CMakeFiles/encoder.dir/Users/andrew/pico/pico-sdk/lib/tinyusb/src/portable/raspberrypi/rp2040/dcd_rp2040.c.o
                0x10005088                dcd_edpt_stall
 .text.dcd_edpt_clear_stall
                0x100050c4       0x30 CMakeFiles/encoder.dir/Users/andrew/pico/pico-sdk/lib/tinyusb/src/portable/raspberrypi/rp2040/dcd_rp2040.c.o
                0x100050c4                dcd_edpt_clear_stall
 .text.rp2040_usb_init
                0x100050f4       0x40 CMakeFiles/encoder.dir/Users/andrew/pico/pico-sdk/lib/tinyusb/src/portable/raspberrypi/rp2040/rp2040_usb.c.o
                0x100050f4                rp2040_usb_init
 .text.hw_endpoint_xfer_start
                0x10005134       0x40 CMakeFiles/encoder.dir/Users/andrew/pico/pico-sdk/lib/tinyusb/src/portable/raspberrypi/rp2040/rp2040_usb.c.o
                0x10005134                hw_endpoint_xfer_start
 .text.tud_event_hook_cb
                0x10005174        0x4 CMakeFiles/encoder.dir/Users/andrew/pico/pico-sdk/lib/tinyusb/src/device/usbd.c.o
                0x10005174                tud_event_hook_cb
 .text.tud_sof_cb
                0x10005178        0x4 CMakeFiles/encoder.dir/Users/andrew/pico/pico-sdk/lib/tinyusb/src/device/usbd.c.o
                0x10005178                tud_sof_cb
 .text.tud_descriptor_device_qualifier_cb
                0x1000517c        0x4 CMakeFiles/encoder.dir/Users/andrew/pico/pico-sdk/lib/tinyusb/src/device/usbd.c.o
                0x1000517c                tud_descriptor_device_qualifier_cb
 .text.tud_descriptor_other_speed_configuration_cb
                0x10005180        0x4 CMakeFiles/encoder.dir/Users/andrew/pico/pico-sdk/lib/tinyusb/src/device/usbd.c.o
                0x10005180                tud_descriptor_other_speed_configuration_cb
 .text.tud_mount_cb
                0x10005184        0x4 CMakeFiles/encoder.dir/Users/andrew/pico/pico-sdk/lib/tinyusb/src/device/usbd.c.o
                0x10005184                tud_mount_cb
 .text.tud_umount_cb
                0x10005188        0x4 CMakeFiles/encoder.dir/Users/andrew/pico/pico-sdk/lib/tinyusb/src/device/usbd.c.o
                0x10005188                tud_umount_cb
 .text.tud_suspend_cb
                0x1000518c        0x4 CMakeFiles/encoder.dir/Users/andrew/pico/pico-sdk/lib/tinyusb/src/device/usbd.c.o
                0x1000518c                tud_suspend_cb
 .text.tud_resume_cb
                0x10005190        0x4 CMakeFiles/encoder.dir/Users/andrew/pico/pico-sdk/lib/tinyusb/src/device/usbd.c.o
                0x10005190                tud_resume_cb
 .text.tud_mounted
                0x10005194       0x10 CMakeFiles/encoder.dir/Users/andrew/pico/pico-sdk/lib/tinyusb/src/device/usbd.c.o
                0x10005194                tud_mounted
 .text.tud_suspended
                0x100051a4       0x10 CMakeFiles/encoder.dir/Users/andrew/pico/pico-sdk/lib/tinyusb/src/device/usbd.c.o
                0x100051a4                tud_suspended
 .text.tud_rhport_init
                0x100051b4       0xe8 CMakeFiles/encoder.dir/Users/andrew/pico/pico-sdk/lib/tinyusb/src/device/usbd.c.o
                0x100051b4                tud_rhport_init
 .text.tud_task_ext
                0x1000529c      0x7d8 CMakeFiles/encoder.dir/Users/andrew/pico/pico-sdk/lib/tinyusb/src/device/usbd.c.o
                0x1000529c                tud_task_ext
 .text.usbd_open_edpt_pair
                0x10005a74       0x98 CMakeFiles/encoder.dir/Users/andrew/pico/pico-sdk/lib/tinyusb/src/device/usbd.c.o
                0x10005a74                usbd_open_edpt_pair
 .text.usbd_edpt_open
                0x10005b0c       0x34 CMakeFiles/encoder.dir/Users/andrew/pico/pico-sdk/lib/tinyusb/src/device/usbd.c.o
                0x10005b0c                usbd_edpt_open
 .text.usbd_edpt_claim
                0x10005b40       0x28 CMakeFiles/encoder.dir/Users/andrew/pico/pico-sdk/lib/tinyusb/src/device/usbd.c.o
                0x10005b40                usbd_edpt_claim
 .text.usbd_edpt_release
                0x10005b68       0x28 CMakeFiles/encoder.dir/Users/andrew/pico/pico-sdk/lib/tinyusb/src/device/usbd.c.o
                0x10005b68                usbd_edpt_release
 .text.usbd_edpt_xfer
                0x10005b90       0x50 CMakeFiles/encoder.dir/Users/andrew/pico/pico-sdk/lib/tinyusb/src/device/usbd.c.o
                0x10005b90                usbd_edpt_xfer
 .text.tud_control_status
                0x10005be0       0x2c CMakeFiles/encoder.dir/Users/andrew/pico/pico-sdk/lib/tinyusb/src/device/usbd_control.c.o
                0x10005be0                tud_control_status
 .text.tud_control_xfer
                0x10005c0c       0xa0 CMakeFiles/encoder.dir/Users/andrew/pico/pico-sdk/lib/tinyusb/src/device/usbd_control.c.o
                0x10005c0c                tud_control_xfer
 .text.usbd_control_reset
                0x10005cac       0x14 CMakeFiles/encoder.dir/Users/andrew/pico/pico-sdk/lib/tinyusb/src/device/usbd_control.c.o
                0x10005cac                usbd_control_reset
 .text.usbd_control_set_complete_callback
                0x10005cc0        0xc CMakeFiles/encoder.dir/Users/andrew/pico/pico-sdk/lib/tinyusb/src/device/usbd_control.c.o
                0x10005cc0                usbd_control_set_complete_callback
 .text.usbd_control_set_request
                0x10005ccc       0x1c CMakeFiles/encoder.dir/Users/andrew/pico/pico-sdk/lib/tinyusb/src/device/usbd_control.c.o
                0x10005ccc                usbd_control_set_request
 .text.usbd_control_xfer_cb
                0x10005ce8       0xe8 CMakeFiles/encoder.dir/Users/andrew/pico/pico-sdk/lib/tinyusb/src/device/usbd_control.c.o
                0x10005ce8                usbd_control_xfer_cb
 .text._prep_out_transaction.isra.0
                0x10005dd0       0x6c CMakeFiles/encoder.dir/Users/andrew/pico/pico-sdk/lib/tinyusb/src/class/cdc/cdc_device.c.o
 .text.tud_cdc_n_connected
                0x10005e3c       0x2c CMakeFiles/encoder.dir/Users/andrew/pico/pico-sdk/lib/tinyusb/src/class/cdc/cdc_device.c.o
                0x10005e3c                tud_cdc_n_connected
 .text.tud_cdc_n_available
                0x10005e68       0x14 CMakeFiles/encoder.dir/Users/andrew/pico/pico-sdk/lib/tinyusb/src/class/cdc/cdc_device.c.o
                0x10005e68                tud_cdc_n_available
 .text.tud_cdc_n_read
                0x10005e7c       0x88 CMakeFiles/encoder.dir/Users/andrew/pico/pico-sdk/lib/tinyusb/src/class/cdc/cdc_device.c.o
                0x10005e7c                tud_cdc_n_read
 .text.tud_cdc_n_write_flush
                0x10005f04       0x78 CMakeFiles/encoder.dir/Users/andrew/pico/pico-sdk/lib/tinyusb/src/class/cdc/cdc_device.c.o
                0x10005f04                tud_cdc_n_write_flush
 .text.tud_cdc_n_write
                0x10005f7c       0x40 CMakeFiles/encoder.dir/Users/andrew/pico/pico-sdk/lib/tinyusb/src/class/cdc/cdc_device.c.o
                0x10005f7c                tud_cdc_n_write
 .text.tud_cdc_n_write_available
                0x10005fbc       0x14 CMakeFiles/encoder.dir/Users/andrew/pico/pico-sdk/lib/tinyusb/src/class/cdc/cdc_device.c.o
                0x10005fbc                tud_cdc_n_write_available
 .text.cdcd_init
                0x10005fd0       0x70 CMakeFiles/encoder.dir/Users/andrew/pico/pico-sdk/lib/tinyusb/src/class/cdc/cdc_device.c.o
                0x10005fd0                cdcd_init
 .text.cdcd_deinit
                0x10006040       0x30 CMakeFiles/encoder.dir/Users/andrew/pico/pico-sdk/lib/tinyusb/src/class/cdc/cdc_device.c.o
                0x10006040                cdcd_deinit
 .text.cdcd_reset
                0x10006070       0x48 CMakeFiles/encoder.dir/Users/andrew/pico/pico-sdk/lib/tinyusb/src/class/cdc/cdc_device.c.o
                0x10006070                cdcd_reset
 .text.cdcd_open
                0x100060b8       0xa8 CMakeFiles/encoder.dir/Users/andrew/pico/pico-sdk/lib/tinyusb/src/class/cdc/cdc_device.c.o
                0x100060b8                cdcd_open
 .text.cdcd_control_xfer_cb
                0x10006160       0xf0 CMakeFiles/encoder.dir/Users/andrew/pico/pico-sdk/lib/tinyusb/src/class/cdc/cdc_device.c.o
                0x10006160                cdcd_control_xfer_cb
 .text.cdcd_xfer_cb
                0x10006250       0xf8 CMakeFiles/encoder.dir/Users/andrew/pico/pico-sdk/lib/tinyusb/src/class/cdc/cdc_device.c.o
                0x10006250                cdcd_xfer_cb
 .text.tusb_rhport_init
                0x10006348       0x4c CMakeFiles/encoder.dir/Users/andrew/pico/pico-sdk/lib/tinyusb/src/tusb.c.o
                0x10006348                tusb_rhport_init
 .text.tu_edpt_claim
                0x10006394       0x50 CMakeFiles/encoder.dir/Users/andrew/pico/pico-sdk/lib/tinyusb/src/tusb.c.o
                0x10006394                tu_edpt_claim
 .text.tu_edpt_release
                0x100063e4       0x38 CMakeFiles/encoder.dir/Users/andrew/pico/pico-sdk/lib/tinyusb/src/tusb.c.o
                0x100063e4                tu_edpt_release
 .text.tu_edpt_validate
                0x1000641c       0x74 CMakeFiles/encoder.dir/Users/andrew/pico/pico-sdk/lib/tinyusb/src/tusb.c.o
                0x1000641c                tu_edpt_validate
 .text.tu_edpt_bind_driver
                0x10006490       0x34 CMakeFiles/encoder.dir/Users/andrew/pico/pico-sdk/lib/tinyusb/src/tusb.c.o
                0x10006490                tu_edpt_bind_driver
 .text.tu_fifo_config
                0x100064c4       0x6c CMakeFiles/encoder.dir/Users/andrew/pico/pico-sdk/lib/tinyusb/src/common/tusb_fifo.c.o
                0x100064c4                tu_fifo_config
 .text.tu_fifo_count
                0x10006530       0x2c CMakeFiles/encoder.dir/Users/andrew/pico/pico-sdk/lib/tinyusb/src/common/tusb_fifo.c.o
                0x10006530                tu_fifo_count
 .text.tu_fifo_empty
                0x1000655c       0x10 CMakeFiles/encoder.dir/Users/andrew/pico/pico-sdk/lib/tinyusb/src/common/tusb_fifo.c.o
                0x1000655c                tu_fifo_empty
 .text.tu_fifo_remaining
                0x1000656c       0x2c CMakeFiles/encoder.dir/Users/andrew/pico/pico-sdk/lib/tinyusb/src/common/tusb_fifo.c.o
                0x1000656c                tu_fifo_remaining
 .text.tu_fifo_read
                0x10006598       0x9c CMakeFiles/encoder.dir/Users/andrew/pico/pico-sdk/lib/tinyusb/src/common/tusb_fifo.c.o
                0x10006598                tu_fifo_read
 .text.tu_fifo_read_n
                0x10006634       0xec CMakeFiles/encoder.dir/Users/andrew/pico/pico-sdk/lib/tinyusb/src/common/tusb_fifo.c.o
                0x10006634                tu_fifo_read_n
 .text.tu_fifo_write
                0x10006720       0xa4 CMakeFiles/encoder.dir/Users/andrew/pico/pico-sdk/lib/tinyusb/src/common/tusb_fifo.c.o
                0x10006720                tu_fifo_write
 .text.tu_fifo_write_n
                0x100067c4      0x168 CMakeFiles/encoder.dir/Users/andrew/pico/pico-sdk/lib/tinyusb/src/common/tusb_fifo.c.o
                0x100067c4                tu_fifo_write_n
 .text.tu_fifo_clear
                0x1000692c       0x40 CMakeFiles/encoder.dir/Users/andrew/pico/pico-sdk/lib/tinyusb/src/common/tusb_fifo.c.o
                0x1000692c                tu_fifo_clear
 .text.tu_fifo_set_overwritable
                0x1000696c       0x48 CMakeFiles/encoder.dir/Users/andrew/pico/pico-sdk/lib/tinyusb/src/common/tusb_fifo.c.o
                0x1000696c                tu_fifo_set_overwritable
 .text.strlen   0x100069b4       0x60 /Applications/ArmGNUToolchain/15.3.rel1/arm-none-eabi/bin/../lib/gcc/arm-none-eabi/15.3.1/../../../../arm-none-eabi/lib/thumb/v6-m/nofp/libg.a(libc_a-strlen-stub.o)
                0x100069b4                strlen
 *fill*         0x10006a14        0x4 
 .text.strlen.__stub
                0x10006a18       0xc0 linker stubs
 *(.fini)
 *crtbegin.o(.ctors)
 *crtbegin?.o(.ctors)
 *(EXCLUDE_FILE(*crtend.o *crtend?.o) .ctors)
 *(SORT_BY_NAME(.ctors.*))
 *(.ctors)
 *crtbegin.o(.dtors)
 *crtbegin?.o(.dtors)
 *(EXCLUDE_FILE(*crtend.o *crtend?.o) .dtors)
 *(SORT_BY_NAME(.dtors.*))
 *(.dtors)
                0x10006ad8                        . = ALIGN (0x4)
                [!provide]                        PROVIDE (__bothinit_array_start = .)
                0x10006ad8                        PROVIDE (__preinit_array_start = .)
 *(SORT_BY_NAME(.preinit_array.*))
 .preinit_array.00100
                0x10006ad8        0x4 CMakeFiles/encoder.dir/Users/andrew/pico/pico-sdk/src/rp2_common/pico_runtime_init/runtime_init.c.o
                0x10006ad8                __pre_init_runtime_init_early_resets
 .preinit_array.00101
                0x10006adc        0x4 CMakeFiles/encoder.dir/Users/andrew/pico/pico-sdk/src/rp2_common/pico_runtime_init/runtime_init.c.o
                0x10006adc                __pre_init_runtime_init_usb_power_down
 .preinit_array.00275
                0x10006ae0        0x4 CMakeFiles/encoder.dir/Users/andrew/pico/pico-sdk/src/rp2_common/pico_bit_ops/bit_ops_aeabi.S.o
 .preinit_array.00300
                0x10006ae4        0x4 CMakeFiles/encoder.dir/Users/andrew/pico/pico-sdk/src/rp2_common/pico_mem_ops/mem_ops_aeabi.S.o
 .preinit_array.00350
                0x10006ae8        0x4 CMakeFiles/encoder.dir/Users/andrew/pico/pico-sdk/src/rp2_common/pico_double/double_aeabi_rp2040.S.o
 .preinit_array.00350
                0x10006aec        0x4 CMakeFiles/encoder.dir/Users/andrew/pico/pico-sdk/src/rp2_common/pico_float/float_aeabi_rp2040.S.o
 .preinit_array.00500
                0x10006af0        0x4 CMakeFiles/encoder.dir/Users/andrew/pico/pico-sdk/src/rp2_common/pico_runtime_init/runtime_init.c.o
                0x10006af0                __pre_init_runtime_init_clocks
 .preinit_array.00600
                0x10006af4        0x4 CMakeFiles/encoder.dir/Users/andrew/pico/pico-sdk/src/rp2_common/pico_runtime_init/runtime_init.c.o
                0x10006af4                __pre_init_runtime_init_post_clock_resets
 .preinit_array.00700
                0x10006af8        0x4 CMakeFiles/encoder.dir/Users/andrew/pico/pico-sdk/src/rp2_common/pico_runtime_init/runtime_init.c.o
                0x10006af8                __pre_init_runtime_init_rp2040_gpio_ie_disable
 .preinit_array.01000
                0x10006afc        0x4 CMakeFiles/encoder.dir/Users/andrew/pico/pico-sdk/src/rp2_common/pico_runtime_init/runtime_init.c.o
                0x10006afc                __pre_init_runtime_init_spin_locks_reset
 .preinit_array.01100
                0x10006b00        0x4 CMakeFiles/encoder.dir/Users/andrew/pico/pico-sdk/src/common/pico_sync/mutex.c.o
                0x10006b00                __pre_init_runtime_init_mutex
 .preinit_array.10080
                0x10006b04        0x4 CMakeFiles/encoder.dir/Users/andrew/pico/pico-sdk/src/rp2_common/pico_runtime_init/runtime_init.c.o
                0x10006b04                __pre_init_runtime_init_install_ram_vector_table
 .preinit_array.11000
                0x10006b08        0x4 CMakeFiles/encoder.dir/Users/andrew/pico/pico-sdk/src/common/pico_time/time.c.o
                0x10006b08                __pre_init_runtime_init_default_alarm_pool
 .preinit_array.YYYYY
                0x10006b0c        0x4 CMakeFiles/encoder.dir/Users/andrew/pico/pico-sdk/src/rp2_common/pico_runtime/runtime.c.o
                0x10006b0c                __pre_init_first_per_core_initializer
 .preinit_array.ZZZZZ.01200
                0x10006b10        0x4 CMakeFiles/encoder.dir/Users/andrew/pico/pico-sdk/src/rp2_common/hardware_irq/irq.c.o
                0x10006b10                __pre_init_runtime_init_per_core_irq_priorities
 *(.preinit_array)
                0x10006b14                        PROVIDE (__preinit_array_end = .)
                0x10006b14                        . = ALIGN (0x4)
                0x10006b14                        PROVIDE (__init_array_start = .)
 *(SORT_BY_NAME(.init_array.*))
 .init_array.01000
                0x10006b14        0x4 CMakeFiles/encoder.dir/Users/andrew/pico/pico-sdk/src/rp2_common/pico_unique_id/unique_id.c.o
 *(.init_array)
                0x10006b18                        PROVIDE (__init_array_end = .)
                [!provide]                        PROVIDE (__bothinit_array_end = .)
                0x10006b18                        . = ALIGN (0x4)
                [!provide]                        PROVIDE (__fini_array_start = .)
 *(SORT_BY_NAME(.fini_array.*))
 *(.fini_array)
                [!provide]                        PROVIDE (__fini_array_end = .)
                [!provide]                        PROVIDE (__dso_handle = 0x0)
 *(.eh_frame*)
                0x10006b18                        . = ALIGN (0x4)

.glue_7         0x10006b18        0x0
 .glue_7        0x10006b18        0x0 linker stubs

.glue_7t        0x10006b18        0x0
 .glue_7t       0x10006b18        0x0 linker stubs

.vfp11_veneer   0x10006b18        0x0
 .vfp11_veneer  0x10006b18        0x0 linker stubs

.v4_bx          0x10006b18        0x0
 .v4_bx         0x10006b18        0x0 linker stubs

.iplt           0x10006b18        0x0
 .iplt          0x10006b18        0x0 CMakeFiles/encoder.dir/encoder.c.o

.rodata         0x10006b18      0x60c
 *(EXCLUDE_FILE(*libm.a: *lib*_a-mem*.o *libc.a: *libgcc.a:) .rodata*)
 .rodata.main.str1.4
                0x10006b18      0x174 CMakeFiles/encoder.dir/encoder.c.o
                                  0xb (size before relaxing)
 .rodata.qtable
                0x10006c8c       0x10 CMakeFiles/encoder.dir/encoder.c.o
 .rodata.panic.str1.4
                0x10006c9c        0x0 CMakeFiles/encoder.dir/Users/andrew/pico/pico-sdk/src/rp2_common/pico_platform_panic/panic.c.o
                                 0x11 (size before relaxing)
 .rodata.spin_lock_claim_unused.str1.4
                0x10006c9c        0x0 CMakeFiles/encoder.dir/Users/andrew/pico/pico-sdk/src/rp2_common/hardware_sync/sync.c.o
                                 0x1b (size before relaxing)
 .rodata.user_irq_claim_unused.str1.4
                0x10006c9c        0x0 CMakeFiles/encoder.dir/Users/andrew/pico/pico-sdk/src/rp2_common/hardware_irq/irq.c.o
                                 0x1b (size before relaxing)
 .rodata.timer_hardware_alarm_claim.str1.4
                0x10006c9c        0x0 CMakeFiles/encoder.dir/Users/andrew/pico/pico-sdk/src/rp2_common/hardware_timer/timer.c.o
                                 0x22 (size before relaxing)
 .rodata.hard_assertion_failure.str1.4
                0x10006c9c        0x0 CMakeFiles/encoder.dir/Users/andrew/pico/pico-sdk/src/rp2_common/pico_runtime/runtime.c.o
                                  0xc (size before relaxing)
 .rodata.str1.4
                0x10006c9c        0x0 CMakeFiles/encoder.dir/Users/andrew/pico/pico-sdk/src/rp2_common/pico_standard_binary_info/standard_binary_info.c.o
                                 0x3c (size before relaxing)
 .rodata.__bi_84
                0x10006c9c        0xc CMakeFiles/encoder.dir/Users/andrew/pico/pico-sdk/src/rp2_common/pico_standard_binary_info/standard_binary_info.c.o
 .rodata.__bi_78
                0x10006ca8        0xc CMakeFiles/encoder.dir/Users/andrew/pico/pico-sdk/src/rp2_common/pico_standard_binary_info/standard_binary_info.c.o
 .rodata.__bi_54
                0x10006cb4        0xc CMakeFiles/encoder.dir/Users/andrew/pico/pico-sdk/src/rp2_common/pico_standard_binary_info/standard_binary_info.c.o
 .rodata.__bi_48
                0x10006cc0        0xc CMakeFiles/encoder.dir/Users/andrew/pico/pico-sdk/src/rp2_common/pico_standard_binary_info/standard_binary_info.c.o
 .rodata.__bi_42
                0x10006ccc        0xc CMakeFiles/encoder.dir/Users/andrew/pico/pico-sdk/src/rp2_common/pico_standard_binary_info/standard_binary_info.c.o
 .rodata.__bi_34
                0x10006cd8        0xc CMakeFiles/encoder.dir/Users/andrew/pico/pico-sdk/src/rp2_common/pico_standard_binary_info/standard_binary_info.c.o
 .rodata.__bi_26
                0x10006ce4        0xc CMakeFiles/encoder.dir/Users/andrew/pico/pico-sdk/src/rp2_common/pico_standard_binary_info/standard_binary_info.c.o
 .rodata._ftoa.str1.4
                0x10006cf0        0x0 CMakeFiles/encoder.dir/Users/andrew/pico/pico-sdk/src/rp2_common/pico_printf/printf.c.o
                                 0x15 (size before relaxing)
 .rodata._vsnprintf
                0x10006cf0      0x19c CMakeFiles/encoder.dir/Users/andrew/pico/pico-sdk/src/rp2_common/pico_printf/printf.c.o
 *fill*         0x10006e8c        0x4 
 .rodata.pow10.0
                0x10006e90       0x50 CMakeFiles/encoder.dir/Users/andrew/pico/pico-sdk/src/rp2_common/pico_printf/printf.c.o
 .rodata.crlf_str.0
                0x10006ee0        0x2 CMakeFiles/encoder.dir/Users/andrew/pico/pico-sdk/src/rp2_common/pico_stdio/stdio.c.o
 .rodata.str1.4
                0x10006ee2        0x0 CMakeFiles/encoder.dir/Users/andrew/pico/pico-sdk/src/rp2_common/pico_stdio_usb/stdio_usb.c.o
                                 0x13 (size before relaxing)
 *fill*         0x10006ee2        0x2 
 .rodata.__bi_204.0
                0x10006ee4        0xc CMakeFiles/encoder.dir/Users/andrew/pico/pico-sdk/src/rp2_common/pico_stdio_usb/stdio_usb.c.o
 .rodata.str1.4
                0x10006ef0        0x0 CMakeFiles/encoder.dir/Users/andrew/pico/pico-sdk/src/rp2_common/pico_stdio_usb/stdio_usb_descriptors.c.o
                                 0x2a (size before relaxing)
 .rodata.usbd_desc_str
                0x10006ef0       0x18 CMakeFiles/encoder.dir/Users/andrew/pico/pico-sdk/src/rp2_common/pico_stdio_usb/stdio_usb_descriptors.c.o
 .rodata.usbd_desc_cfg
                0x10006f08       0x54 CMakeFiles/encoder.dir/Users/andrew/pico/pico-sdk/src/rp2_common/pico_stdio_usb/stdio_usb_descriptors.c.o
 .rodata.usbd_desc_device
                0x10006f5c       0x12 CMakeFiles/encoder.dir/Users/andrew/pico/pico-sdk/src/rp2_common/pico_stdio_usb/stdio_usb_descriptors.c.o
 *fill*         0x10006f6e        0x2 
 .rodata.desc_ms_os_20
                0x10006f70       0xa6 CMakeFiles/encoder.dir/Users/andrew/pico/pico-sdk/src/rp2_common/pico_usb_reset/usb_reset.c.o
 *fill*         0x10007016        0x2 
 .rodata.desc_bos
                0x10007018       0x21 CMakeFiles/encoder.dir/Users/andrew/pico/pico-sdk/src/rp2_common/pico_usb_reset/usb_reset.c.o
                0x10007018                desc_bos
 *fill*         0x10007039        0x3 
 .rodata.usb_reset_interface_driver
                0x1000703c       0x20 CMakeFiles/encoder.dir/Users/andrew/pico/pico-sdk/src/rp2_common/pico_usb_reset/usb_reset.c.o
 .rodata.str1.4
                0x1000705c        0x0 CMakeFiles/encoder.dir/Users/andrew/pico/pico-sdk/lib/tinyusb/src/portable/raspberrypi/rp2040/dcd_rp2040.c.o
                                 0x14 (size before relaxing)
 .rodata.str1.4
                0x1000705c        0x0 CMakeFiles/encoder.dir/Users/andrew/pico/pico-sdk/lib/tinyusb/src/portable/raspberrypi/rp2040/rp2040_usb.c.o
                                 0x48 (size before relaxing)
 .rodata.tud_task_ext
                0x1000705c       0x8c CMakeFiles/encoder.dir/Users/andrew/pico/pico-sdk/lib/tinyusb/src/device/usbd.c.o
 .rodata        0x100070e8       0x1c CMakeFiles/encoder.dir/Users/andrew/pico/pico-sdk/lib/tinyusb/src/device/usbd.c.o
 .rodata._usbd_driver
                0x10007104       0x20 CMakeFiles/encoder.dir/Users/andrew/pico/pico-sdk/lib/tinyusb/src/device/usbd.c.o
 *(.srodata*)
                0x10007124                        . = ALIGN (0x4)
 *(SORT_BY_ALIGNMENT(SORT_BY_NAME(.flashdata*)))
                0x10007124                        . = ALIGN (0x4)

.ARM.extab
 *(.ARM.extab* .gnu.linkonce.armextab.*)
                0x10007124                        __exidx_start = .

.ARM.exidx
 *(.ARM.exidx* .gnu.linkonce.armexidx.*)
                0x10007124                        __exidx_end = .
                0x10007124                        . = ALIGN (0x4)
                0x10007124                        __binary_info_start = .

.binary_info    0x10007124       0x20
 *(.binary_info.keep.*)
 .binary_info.keep.__bi_ptr84
                0x10007124        0x4 CMakeFiles/encoder.dir/Users/andrew/pico/pico-sdk/src/rp2_common/pico_standard_binary_info/standard_binary_info.c.o
 .binary_info.keep.__bi_ptr78
                0x10007128        0x4 CMakeFiles/encoder.dir/Users/andrew/pico/pico-sdk/src/rp2_common/pico_standard_binary_info/standard_binary_info.c.o
 .binary_info.keep.__bi_ptr54
                0x1000712c        0x4 CMakeFiles/encoder.dir/Users/andrew/pico/pico-sdk/src/rp2_common/pico_standard_binary_info/standard_binary_info.c.o
 .binary_info.keep.__bi_ptr48
                0x10007130        0x4 CMakeFiles/encoder.dir/Users/andrew/pico/pico-sdk/src/rp2_common/pico_standard_binary_info/standard_binary_info.c.o
 .binary_info.keep.__bi_ptr42
                0x10007134        0x4 CMakeFiles/encoder.dir/Users/andrew/pico/pico-sdk/src/rp2_common/pico_standard_binary_info/standard_binary_info.c.o
 .binary_info.keep.__bi_ptr34
                0x10007138        0x4 CMakeFiles/encoder.dir/Users/andrew/pico/pico-sdk/src/rp2_common/pico_standard_binary_info/standard_binary_info.c.o
 .binary_info.keep.__bi_ptr26
                0x1000713c        0x4 CMakeFiles/encoder.dir/Users/andrew/pico/pico-sdk/src/rp2_common/pico_standard_binary_info/standard_binary_info.c.o
 *(.binary_info.*)
 .binary_info.__bi_ptr204
                0x10007140        0x4 CMakeFiles/encoder.dir/Users/andrew/pico/pico-sdk/src/rp2_common/pico_stdio_usb/stdio_usb.c.o
                0x10007144                        __binary_info_end = .
                0x10007144                        . = ALIGN (0x4)

.xip_ram        0x15000000        0x0 load address 0x10007144
                0x15000000                        __xip_ram_start__ = .
                0x15000000                        . = ALIGN (0x4)
 *(.xip_ram*)
                0x15000000                        . = ALIGN (0x4)
                0x15000000                        __xip_ram_end__ = .
                0x10007144                        __xip_ram_source__ = LOADADDR (.xip_ram)

.ram_vector_table
                0x20000000       0xc0
 *(.ram_vector_table)
 .ram_vector_table
                0x20000000       0xc0 CMakeFiles/encoder.dir/Users/andrew/pico/pico-sdk/src/rp2_common/pico_runtime_init/runtime_init.c.o
                0x20000000                ram_vector_table

.uninitialized_data
                0x200000c0        0x0
                0x200000c0                        . = ALIGN (0x4)
 *(.uninitialized_data*)

.data           0x200000c0      0xf70 load address 0x10007144
                0x200000c0                        __data_start__ = .
 *(vtable)
 *(.time_critical*)
 .time_critical.mutex_try_enter
                0x200000c0       0x40 CMakeFiles/encoder.dir/Users/andrew/pico/pico-sdk/src/common/pico_sync/mutex.c.o
                0x200000c0                mutex_try_enter
 .time_critical.mutex_enter_block_until
                0x20000100       0x64 CMakeFiles/encoder.dir/Users/andrew/pico/pico-sdk/src/common/pico_sync/mutex.c.o
                0x20000100                mutex_enter_block_until
 .time_critical.mutex_try_enter_block_until
                0x20000164       0x34 CMakeFiles/encoder.dir/Users/andrew/pico/pico-sdk/src/common/pico_sync/mutex.c.o
                0x20000164                mutex_try_enter_block_until
 .time_critical.mutex_enter_timeout_ms
                0x20000198       0x3c CMakeFiles/encoder.dir/Users/andrew/pico/pico-sdk/src/common/pico_sync/mutex.c.o
                0x20000198                mutex_enter_timeout_ms
 .time_critical.mutex_exit
                0x200001d4       0x28 CMakeFiles/encoder.dir/Users/andrew/pico/pico-sdk/src/common/pico_sync/mutex.c.o
                0x200001d4                mutex_exit
 .time_critical.flash_init_boot2_copyout
                0x200001fc       0x30 CMakeFiles/encoder.dir/Users/andrew/pico/pico-sdk/src/rp2_common/hardware_flash/flash.c.o
 .time_critical.flash_enable_xip_via_boot2
                0x2000022c        0xc CMakeFiles/encoder.dir/Users/andrew/pico/pico-sdk/src/rp2_common/hardware_flash/flash.c.o
 .time_critical.flash_save_hardware_state
                0x20000238       0x28 CMakeFiles/encoder.dir/Users/andrew/pico/pico-sdk/src/rp2_common/hardware_flash/flash.c.o
 .time_critical.flash_restore_hardware_state
                0x20000260       0x28 CMakeFiles/encoder.dir/Users/andrew/pico/pico-sdk/src/rp2_common/hardware_flash/flash.c.o
 .time_critical.flash_do_cmd_cs
                0x20000288      0x148 CMakeFiles/encoder.dir/Users/andrew/pico/pico-sdk/src/rp2_common/hardware_flash/flash.c.o
                0x20000288                flash_do_cmd_cs
 .time_critical.reset_non_control_endpoints
                0x200003d0       0x68 CMakeFiles/encoder.dir/Users/andrew/pico/pico-sdk/lib/tinyusb/src/portable/raspberrypi/rp2040/dcd_rp2040.c.o
 .time_critical.hw_handle_buff_status
                0x20000438       0x88 CMakeFiles/encoder.dir/Users/andrew/pico/pico-sdk/lib/tinyusb/src/portable/raspberrypi/rp2040/dcd_rp2040.c.o
 .time_critical.dcd_rp2040_irq
                0x200004c0      0x53c CMakeFiles/encoder.dir/Users/andrew/pico/pico-sdk/lib/tinyusb/src/portable/raspberrypi/rp2040/dcd_rp2040.c.o
 .time_critical.prepare_ep_buffer
                0x200009fc       0xc4 CMakeFiles/encoder.dir/Users/andrew/pico/pico-sdk/lib/tinyusb/src/portable/raspberrypi/rp2040/rp2040_usb.c.o
 .time_critical.sync_ep_buffer
                0x20000ac0       0xa0 CMakeFiles/encoder.dir/Users/andrew/pico/pico-sdk/lib/tinyusb/src/portable/raspberrypi/rp2040/rp2040_usb.c.o
 .time_critical._hw_endpoint_xfer_sync
                0x20000b60       0x28 CMakeFiles/encoder.dir/Users/andrew/pico/pico-sdk/lib/tinyusb/src/portable/raspberrypi/rp2040/rp2040_usb.c.o
 .time_critical.e15_is_bulkin_ep
                0x20000b88       0x28 CMakeFiles/encoder.dir/Users/andrew/pico/pico-sdk/lib/tinyusb/src/portable/raspberrypi/rp2040/rp2040_usb.c.o
 .time_critical.e15_is_critical_frame_period
                0x20000bb0       0x30 CMakeFiles/encoder.dir/Users/andrew/pico/pico-sdk/lib/tinyusb/src/portable/raspberrypi/rp2040/rp2040_usb.c.o
 .time_critical.hw_endpoint_reset_transfer
                0x20000be0        0xc CMakeFiles/encoder.dir/Users/andrew/pico/pico-sdk/lib/tinyusb/src/portable/raspberrypi/rp2040/rp2040_usb.c.o
                0x20000be0                hw_endpoint_reset_transfer
 .time_critical._hw_endpoint_buffer_control_update32
                0x20000bec       0x50 CMakeFiles/encoder.dir/Users/andrew/pico/pico-sdk/lib/tinyusb/src/portable/raspberrypi/rp2040/rp2040_usb.c.o
                0x20000bec                _hw_endpoint_buffer_control_update32
 .time_critical.hw_endpoint_start_next_buffer
                0x20000c3c       0x68 CMakeFiles/encoder.dir/Users/andrew/pico/pico-sdk/lib/tinyusb/src/portable/raspberrypi/rp2040/rp2040_usb.c.o
                0x20000c3c                hw_endpoint_start_next_buffer
 .time_critical.hw_endpoint_xfer_continue
                0x20000ca4       0x40 CMakeFiles/encoder.dir/Users/andrew/pico/pico-sdk/lib/tinyusb/src/portable/raspberrypi/rp2040/rp2040_usb.c.o
                0x20000ca4                hw_endpoint_xfer_continue
 .time_critical.tinyusb
                0x20000ce4      0x1d4 CMakeFiles/encoder.dir/Users/andrew/pico/pico-sdk/lib/tinyusb/src/device/usbd.c.o
                0x20000ce4                dcd_event_handler
 *(.text*)
 .text          0x20000eb8        0x4 /Applications/ArmGNUToolchain/15.3.rel1/arm-none-eabi/bin/../lib/gcc/arm-none-eabi/15.3.1/thumb/v6-m/nofp/libgcc.a(_dvmd_tls.o)
                0x20000eb8                __aeabi_ldiv0
                0x20000eb8                __aeabi_idiv0
 *fill*         0x20000ebc        0x4 
 .text.__stub   0x20000ec0       0x80 linker stubs
                0x20000f40                        . = ALIGN (0x4)
 *(.rodata*)
                0x20000f40                        . = ALIGN (0x4)
                [!provide]                        PROVIDE (__emutls_array_start = .)
 *(.*.__emutls_v.*)
                [!provide]                        PROVIDE (__emutls_array_end = .)
                0x20000f40                        . = ALIGN (0x4)
 *(.data*)
 .data.striped_spin_lock_num
                0x20000f40        0x1 CMakeFiles/encoder.dir/Users/andrew/pico/pico-sdk/src/rp2_common/hardware_sync/sync.c.o
 *fill*         0x20000f41        0x3 
 .data          0x20000f44       0x60 CMakeFiles/encoder.dir/Users/andrew/pico/pico-sdk/src/rp2_common/hardware_irq/irq_handler_chain.S.o
                0x20000f44                irq_handler_chain_slots
                0x20000f8c                irq_handler_chain_first_slot
                0x20000f96                irq_handler_chain_remove_tail
 *fill*         0x20000fa4        0x4 
 .data.last_added.0
                0x20000fa8        0x8 CMakeFiles/encoder.dir/Users/andrew/pico/pico-sdk/src/common/pico_time/time.c.o
 .data.default_alarm_pool
                0x20000fb0       0x18 CMakeFiles/encoder.dir/Users/andrew/pico/pico-sdk/src/common/pico_time/time.c.o
 *fill*         0x20000fc8        0x8 
 .data.aeabi_bits_funcs
                0x20000fd0       0x10 CMakeFiles/encoder.dir/Users/andrew/pico/pico-sdk/src/rp2_common/pico_bit_ops/bit_ops_aeabi.S.o
                0x20000fd0                aeabi_bits_funcs
                0x20000fe0                aeabi_bits_funcs_end
 .data.aeabi_mem_funcs
                0x20000fe0       0x10 CMakeFiles/encoder.dir/Users/andrew/pico/pico-sdk/src/rp2_common/pico_mem_ops/mem_ops_aeabi.S.o
                0x20000fe0                aeabi_mem_funcs
                0x20000ff0                aeabi_mem_funcs_end
 .data.stdio_usb
                0x20000ff0       0x18 CMakeFiles/encoder.dir/Users/andrew/pico/pico-sdk/src/rp2_common/pico_stdio_usb/stdio_usb.c.o
                0x20000ff0                stdio_usb
 .data._usbd_qdef
                0x20001008       0x1c CMakeFiles/encoder.dir/Users/andrew/pico/pico-sdk/lib/tinyusb/src/device/usbd.c.o
                0x20001008                _usbd_qdef
 .data._usbd_rhport
                0x20001024        0x1 CMakeFiles/encoder.dir/Users/andrew/pico/pico-sdk/lib/tinyusb/src/device/usbd.c.o
 *(.sdata*)
                0x20001028                        . = ALIGN (0x4)
 *fill*         0x20001025        0x3 
 *(.after_data.*)
                0x20001028                        . = ALIGN (0x4)
                0x20001028                        PROVIDE (__mutex_array_start = .)
 *(SORT_BY_NAME(.mutex_array.*))
 *(.mutex_array)
 .mutex_array   0x20001028        0x8 CMakeFiles/encoder.dir/Users/andrew/pico/pico-sdk/src/rp2_common/pico_stdio/stdio.c.o
                0x20001030                        PROVIDE (__mutex_array_end = .)
 *(.jcr)
                0x20001030                        . = ALIGN (0x4)

.igot.plt       0x20001030        0x0 load address 0x100080b4
 .igot.plt      0x20001030        0x0 CMakeFiles/encoder.dir/encoder.c.o

.tdata          0x20001030        0x0 load address 0x100080b4
                0x20001030                        . = ALIGN (0x4)
 *(.tdata .tdata.* .gnu.linkonce.td.*)
                0x20001030                        __tdata_end = .
                0x20001030                        PROVIDE (__data_end__ = .)
                0x10007144                        __etext = LOADADDR (.data)
                0x20001030                        . = ALIGN (0x4)

.tbss           0x20001030        0x0 load address 0x100080b4
                0x20001030                        __bss_start__ = .
                0x20001030                        __tls_base = .
 *(.tbss .tbss.* .gnu.linkonce.tb.*)
 *(.tcommon)
                0x20001030                        . = ALIGN (0x4)
                0x20001030                        __tls_end = .

.tbss_space     0x20001030        0x0 load address 0x100080b4
                0x20001030                        . = (__bss_start__ + SIZEOF (.tbss))

.bss            0x20001030      0xc2c load address 0x100080b4
                0x20001030                        . = ALIGN (0x4)
                0x20001030                        __tbss_end = .
 *(SORT_BY_ALIGNMENT(SORT_BY_NAME(.bss*)))
 .bss._cdcd_itf
                0x20001030       0xc8 CMakeFiles/encoder.dir/Users/andrew/pico/pico-sdk/lib/tinyusb/src/class/cdc/cdc_device.c.o
 .bss.default_alarm_pool_entries
                0x200010f8      0x180 CMakeFiles/encoder.dir/Users/andrew/pico/pico-sdk/src/common/pico_time/time.c.o
 .bss.last_avail_time.1
                0x20001278        0x8 CMakeFiles/encoder.dir/Users/andrew/pico/pico-sdk/src/rp2_common/pico_stdio_usb/stdio_usb.c.o
 .bss.sd_table  0x20001280      0x100 CMakeFiles/encoder.dir/Users/andrew/pico/pico-sdk/src/rp2_common/pico_double/double_init_rom_rp2040.c.o
                0x20001280                sd_table
 .bss.sf_table  0x20001380      0x100 CMakeFiles/encoder.dir/Users/andrew/pico/pico-sdk/src/rp2_common/pico_float/float_init_rom_rp2040.c.o
                0x20001380                sf_table
 .bss._app_driver
                0x20001480        0x4 CMakeFiles/encoder.dir/Users/andrew/pico/pico-sdk/lib/tinyusb/src/device/usbd.c.o
 .bss._cdcd_epbuf
                0x20001484       0x80 CMakeFiles/encoder.dir/Users/andrew/pico/pico-sdk/lib/tinyusb/src/class/cdc/cdc_device.c.o
 .bss._cdcd_fifo_cfg
                0x20001504        0x1 CMakeFiles/encoder.dir/Users/andrew/pico/pico-sdk/lib/tinyusb/src/class/cdc/cdc_device.c.o
 *fill*         0x20001505        0x3 
 .bss._ctrl_epbuf
                0x20001508       0x40 CMakeFiles/encoder.dir/Users/andrew/pico/pico-sdk/lib/tinyusb/src/device/usbd_control.c.o
 .bss._ctrl_xfer
                0x20001548       0x14 CMakeFiles/encoder.dir/Users/andrew/pico/pico-sdk/lib/tinyusb/src/device/usbd_control.c.o
 .bss._tusb_rhport_role
                0x2000155c        0x2 CMakeFiles/encoder.dir/Users/andrew/pico/pico-sdk/lib/tinyusb/src/tusb.c.o
                0x2000155c                _tusb_rhport_role
 *fill*         0x2000155e        0x2 
 .bss._ubsd_mutexdef
                0x20001560        0x8 CMakeFiles/encoder.dir/Users/andrew/pico/pico-sdk/lib/tinyusb/src/device/usbd.c.o
 .bss._usbd_dev
                0x20001568       0x54 CMakeFiles/encoder.dir/Users/andrew/pico/pico-sdk/lib/tinyusb/src/device/usbd.c.o
 .bss._usbd_mutex
                0x200015bc        0x4 CMakeFiles/encoder.dir/Users/andrew/pico/pico-sdk/lib/tinyusb/src/device/usbd.c.o
 .bss._usbd_q   0x200015c0        0x4 CMakeFiles/encoder.dir/Users/andrew/pico/pico-sdk/lib/tinyusb/src/device/usbd.c.o
 .bss._usbd_qdef_buf
                0x200015c4       0xc0 CMakeFiles/encoder.dir/Users/andrew/pico/pico-sdk/lib/tinyusb/src/device/usbd.c.o
                0x200015c4                _usbd_qdef_buf
 .bss.boot2_copyout
                0x20001684      0x100 CMakeFiles/encoder.dir/Users/andrew/pico/pico-sdk/src/rp2_common/hardware_flash/flash.c.o
 .bss.callbacks
                0x20001784        0x8 CMakeFiles/encoder.dir/Users/andrew/pico/pico-sdk/src/rp2_common/hardware_gpio/gpio.c.o
 .bss.chars_available_callback
                0x2000178c        0x4 CMakeFiles/encoder.dir/Users/andrew/pico/pico-sdk/src/rp2_common/pico_stdio_usb/stdio_usb.c.o
 .bss.chars_available_param
                0x20001790        0x4 CMakeFiles/encoder.dir/Users/andrew/pico/pico-sdk/src/rp2_common/pico_stdio_usb/stdio_usb.c.o
 .bss.claimed   0x20001794        0x4 CMakeFiles/encoder.dir/Users/andrew/pico/pico-sdk/src/rp2_common/hardware_sync/sync.c.o
 .bss.claimed   0x20001798        0x1 CMakeFiles/encoder.dir/Users/andrew/pico/pico-sdk/src/rp2_common/hardware_timer/timer.c.o
 *fill*         0x20001799        0x3 
 .bss.configured_freq
                0x2000179c       0x28 CMakeFiles/encoder.dir/Users/andrew/pico/pico-sdk/src/rp2_common/hardware_clocks/clocks.c.o
 .bss.desc_str.0
                0x200017c4       0x28 CMakeFiles/encoder.dir/Users/andrew/pico/pico-sdk/src/rp2_common/pico_stdio_usb/stdio_usb_descriptors.c.o
 .bss.drivers   0x200017ec        0x4 CMakeFiles/encoder.dir/Users/andrew/pico/pico-sdk/src/rp2_common/pico_stdio/stdio.c.o
 .bss.e15_last_sof
                0x200017f0        0x4 CMakeFiles/encoder.dir/Users/andrew/pico/pico-sdk/lib/tinyusb/src/portable/raspberrypi/rp2040/rp2040_usb.c.o
                0x200017f0                e15_last_sof
 .bss.encoder_count
                0x200017f4        0x4 CMakeFiles/encoder.dir/encoder.c.o
                0x200017f4                encoder_count
 .bss.filter    0x200017f8        0x4 CMakeFiles/encoder.dir/Users/andrew/pico/pico-sdk/src/rp2_common/pico_stdio/stdio.c.o
 .bss.hw_endpoints
                0x200017fc      0x400 CMakeFiles/encoder.dir/Users/andrew/pico/pico-sdk/lib/tinyusb/src/portable/raspberrypi/rp2040/dcd_rp2040.c.o
 .bss.lazy_vsnprintf
                0x20001bfc        0x4 CMakeFiles/encoder.dir/Users/andrew/pico/pico-sdk/src/rp2_common/pico_printf/printf.c.o
 .bss.load_value
                0x20001c00        0x4 CMakeFiles/encoder.dir/Users/andrew/pico/pico-sdk/src/rp2_common/hardware_watchdog/watchdog.c.o
 .bss.next_buffer_ptr
                0x20001c04        0x4 CMakeFiles/encoder.dir/Users/andrew/pico/pico-sdk/lib/tinyusb/src/portable/raspberrypi/rp2040/dcd_rp2040.c.o
 .bss.one_shot_timer_crit_sec
                0x20001c08        0x8 CMakeFiles/encoder.dir/Users/andrew/pico/pico-sdk/src/rp2_common/pico_stdio_usb/stdio_usb.c.o
 .bss.pools     0x20001c10       0x10 CMakeFiles/encoder.dir/Users/andrew/pico/pico-sdk/src/common/pico_time/time.c.o
 .bss.raw_irq_mask
                0x20001c20        0x8 CMakeFiles/encoder.dir/Users/andrew/pico/pico-sdk/src/rp2_common/hardware_gpio/gpio.c.o
 .bss.retrieved_id
                0x20001c28        0x8 CMakeFiles/encoder.dir/Users/andrew/pico/pico-sdk/src/rp2_common/pico_unique_id/unique_id.c.o
 .bss.sf_clz_func
                0x20001c30        0x4 CMakeFiles/encoder.dir/Users/andrew/pico/pico-sdk/src/rp2_common/pico_double/double_init_rom_rp2040.c.o
                0x20001c30                sf_clz_func
 .bss.sleep_notifier
                0x20001c34        0x4 CMakeFiles/encoder.dir/Users/andrew/pico/pico-sdk/src/common/pico_time/time.c.o
 .bss.stdio_usb_mutex
                0x20001c38        0x8 CMakeFiles/encoder.dir/Users/andrew/pico/pico-sdk/src/rp2_common/pico_stdio_usb/stdio_usb.c.o
 .bss.usbd_serial_str
                0x20001c40       0x11 CMakeFiles/encoder.dir/Users/andrew/pico/pico-sdk/src/rp2_common/pico_stdio_usb/stdio_usb_descriptors.c.o
 .bss._app_driver_count
                0x20001c51        0x1 CMakeFiles/encoder.dir/Users/andrew/pico/pico-sdk/lib/tinyusb/src/device/usbd.c.o
 .bss._sof_enable
                0x20001c52        0x1 CMakeFiles/encoder.dir/Users/andrew/pico/pico-sdk/lib/tinyusb/src/portable/raspberrypi/rp2040/dcd_rp2040.c.o
 .bss._usbd_queued_setup
                0x20001c53        0x1 CMakeFiles/encoder.dir/Users/andrew/pico/pico-sdk/lib/tinyusb/src/device/usbd.c.o
 .bss.boot2_copyout_valid
                0x20001c54        0x1 CMakeFiles/encoder.dir/Users/andrew/pico/pico-sdk/src/rp2_common/hardware_flash/flash.c.o
 .bss.irq_handler_chain_free_slot_head
                0x20001c55        0x1 CMakeFiles/encoder.dir/Users/andrew/pico/pico-sdk/src/rp2_common/hardware_irq/irq.c.o
 .bss.itf_num   0x20001c56        0x1 CMakeFiles/encoder.dir/Users/andrew/pico/pico-sdk/src/rp2_common/pico_usb_reset/usb_reset.c.o
 .bss.last_state
                0x20001c57        0x1 CMakeFiles/encoder.dir/encoder.c.o
                0x20001c57                last_state
 .bss.low_priority_irq_num
                0x20001c58        0x1 CMakeFiles/encoder.dir/Users/andrew/pico/pico-sdk/src/rp2_common/pico_stdio_usb/stdio_usb.c.o
 .bss.one_shot_timer_pending
                0x20001c59        0x1 CMakeFiles/encoder.dir/Users/andrew/pico/pico-sdk/src/rp2_common/pico_stdio_usb/stdio_usb.c.o
 .bss.user_irq_claimed
                0x20001c5a        0x1 CMakeFiles/encoder.dir/Users/andrew/pico/pico-sdk/src/rp2_common/hardware_irq/irq.c.o
 *(COMMON)
                [!provide]                        PROVIDE (__global_pointer$ = (. + 0x800))
 *(.sbss*)
                0x20001c5c                        . = ALIGN (0x4)
 *fill*         0x20001c5b        0x1 
                0x20001c5c                        __bss_end__ = .
                [!provide]                        PROVIDE (__tls_start = SIZEOF (.tdata)?ADDR (.tdata):ADDR (.tbss))
                [!provide]                        PROVIDE (__tls_size = (__tls_end - __tls_start))
                0x00000001                        PROVIDE (__tls_align = MAX (ALIGNOF (.tdata), ALIGNOF (.tbss)))
                [!provide]                        PROVIDE (__tls_size_align = ALIGN (__tls_size, __tls_align))
                0x00000008                        PROVIDE (__arm32_tls_tcb_offset = MAX (0x8, __tls_align))
                0x00000000                        PROVIDE (__tdata_size = SIZEOF (.tdata))
                0x100080b4                        PROVIDE (__tdata_source = LOADADDR (.tdata))
                0x00000000                        PROVIDE (__tbss_size = SIZEOF (.tbss))
                [!provide]                        PROVIDE (__tbss_offset = (ADDR (.tbss) - __tls_start))

.tlsX_not_needed_marker
 *(.tlsX_not_needed_marker)
                [!provide]                        PROVIDE (__tlsX_align = (SIZEOF (.tlsX_not_needed_marker) > 0x0)?0x4:__tls_align)
                [!provide]                        PROVIDE (__tlsX_size_align = (SIZEOF (.tlsX_not_needed_marker) > 0x0)?0x0:__tls_size_align)