Archive member included to satisfy reference by file (symbol)

/Applications/ArmGNUToolchain/15.3.rel1/arm-none-eabi/bin/../lib/gcc/arm-none-eabi/15.3.1/thumb/v6-m/nofp/libgcc.a(_dvmd_tls.o)
                              CMakeFiles/stepper.dir/Users/andrew/pico/pico-sdk/src/rp2_common/pico_divider/divider_hardware.S.o (__aeabi_idiv0)
/Applications/ArmGNUToolchain/15.3.rel1/arm-none-eabi/bin/../lib/gcc/arm-none-eabi/15.3.1/../../../../arm-none-eabi/lib/thumb/v6-m/nofp/libg.a(libc_a-calloc.o)
                              CMakeFiles/stepper.dir/Users/andrew/pico/pico-sdk/src/rp2_common/pico_malloc/malloc.c.o (calloc)
/Applications/ArmGNUToolchain/15.3.rel1/arm-none-eabi/bin/../lib/gcc/arm-none-eabi/15.3.1/../../../../arm-none-eabi/lib/thumb/v6-m/nofp/libg.a(libc_a-callocr.o)
                              /Applications/ArmGNUToolchain/15.3.rel1/arm-none-eabi/bin/../lib/gcc/arm-none-eabi/15.3.1/../../../../arm-none-eabi/lib/thumb/v6-m/nofp/libg.a(libc_a-calloc.o) (_calloc_r)
/Applications/ArmGNUToolchain/15.3.rel1/arm-none-eabi/bin/../lib/gcc/arm-none-eabi/15.3.1/../../../../arm-none-eabi/lib/thumb/v6-m/nofp/libg.a(libc_a-malloc.o)
                              CMakeFiles/stepper.dir/Users/andrew/pico/pico-sdk/src/rp2_common/pico_malloc/malloc.c.o (malloc)
/Applications/ArmGNUToolchain/15.3.rel1/arm-none-eabi/bin/../lib/gcc/arm-none-eabi/15.3.1/../../../../arm-none-eabi/lib/thumb/v6-m/nofp/libg.a(libc_a-mallocr.o)
                              /Applications/ArmGNUToolchain/15.3.rel1/arm-none-eabi/bin/../lib/gcc/arm-none-eabi/15.3.1/../../../../arm-none-eabi/lib/thumb/v6-m/nofp/libg.a(libc_a-callocr.o) (_malloc_r)
/Applications/ArmGNUToolchain/15.3.rel1/arm-none-eabi/bin/../lib/gcc/arm-none-eabi/15.3.1/../../../../arm-none-eabi/lib/thumb/v6-m/nofp/libg.a(libc_a-mlock.o)
                              /Applications/ArmGNUToolchain/15.3.rel1/arm-none-eabi/bin/../lib/gcc/arm-none-eabi/15.3.1/../../../../arm-none-eabi/lib/thumb/v6-m/nofp/libg.a(libc_a-mallocr.o) (__malloc_lock)
/Applications/ArmGNUToolchain/15.3.rel1/arm-none-eabi/bin/../lib/gcc/arm-none-eabi/15.3.1/../../../../arm-none-eabi/lib/thumb/v6-m/nofp/libg.a(libc_a-realloc.o)
                              CMakeFiles/stepper.dir/Users/andrew/pico/pico-sdk/src/rp2_common/pico_malloc/malloc.c.o (realloc)
/Applications/ArmGNUToolchain/15.3.rel1/arm-none-eabi/bin/../lib/gcc/arm-none-eabi/15.3.1/../../../../arm-none-eabi/lib/thumb/v6-m/nofp/libg.a(libc_a-reallocr.o)
                              /Applications/ArmGNUToolchain/15.3.rel1/arm-none-eabi/bin/../lib/gcc/arm-none-eabi/15.3.1/../../../../arm-none-eabi/lib/thumb/v6-m/nofp/libg.a(libc_a-realloc.o) (_realloc_r)
/Applications/ArmGNUToolchain/15.3.rel1/arm-none-eabi/bin/../lib/gcc/arm-none-eabi/15.3.1/../../../../arm-none-eabi/lib/thumb/v6-m/nofp/libg.a(libc_a-memcmp.o)
                              CMakeFiles/stepper.dir/Users/andrew/pico/pico-sdk/src/rp2_common/pico_atomic/atomic.c.o (memcmp)
/Applications/ArmGNUToolchain/15.3.rel1/arm-none-eabi/bin/../lib/gcc/arm-none-eabi/15.3.1/../../../../arm-none-eabi/lib/thumb/v6-m/nofp/libg.a(libc_a-memmove.o)
                              /Applications/ArmGNUToolchain/15.3.rel1/arm-none-eabi/bin/../lib/gcc/arm-none-eabi/15.3.1/../../../../arm-none-eabi/lib/thumb/v6-m/nofp/libg.a(libc_a-reallocr.o) (memmove)
/Applications/ArmGNUToolchain/15.3.rel1/arm-none-eabi/bin/../lib/gcc/arm-none-eabi/15.3.1/../../../../arm-none-eabi/lib/thumb/v6-m/nofp/libg.a(libc_a-lcltime_r.o)
                              CMakeFiles/stepper.dir/Users/andrew/pico/pico-sdk/src/common/pico_util/datetime.c.o (localtime_r)
/Applications/ArmGNUToolchain/15.3.rel1/arm-none-eabi/bin/../lib/gcc/arm-none-eabi/15.3.1/../../../../arm-none-eabi/lib/thumb/v6-m/nofp/libg.a(libc_a-mktime.o)
                              CMakeFiles/stepper.dir/Users/andrew/pico/pico-sdk/src/common/pico_util/datetime.c.o (mktime)
/Applications/ArmGNUToolchain/15.3.rel1/arm-none-eabi/bin/../lib/gcc/arm-none-eabi/15.3.1/../../../../arm-none-eabi/lib/thumb/v6-m/nofp/libg.a(libc_a-month_lengths.o)
                              /Applications/ArmGNUToolchain/15.3.rel1/arm-none-eabi/bin/../lib/gcc/arm-none-eabi/15.3.1/../../../../arm-none-eabi/lib/thumb/v6-m/nofp/libg.a(libc_a-lcltime_r.o) (__month_lengths)
/Applications/ArmGNUToolchain/15.3.rel1/arm-none-eabi/bin/../lib/gcc/arm-none-eabi/15.3.1/../../../../arm-none-eabi/lib/thumb/v6-m/nofp/libg.a(libc_a-tzcalc_limits.o)
                              /Applications/ArmGNUToolchain/15.3.rel1/arm-none-eabi/bin/../lib/gcc/arm-none-eabi/15.3.1/../../../../arm-none-eabi/lib/thumb/v6-m/nofp/libg.a(libc_a-lcltime_r.o) (__tzcalc_limits)
/Applications/ArmGNUToolchain/15.3.rel1/arm-none-eabi/bin/../lib/gcc/arm-none-eabi/15.3.1/../../../../arm-none-eabi/lib/thumb/v6-m/nofp/libg.a(libc_a-tzlock.o)
[...]
Memory Configuration

Name             Origin             Length             Attributes
FLASH            0x10000000         0x00200000         xr
XIP_RAM          0x15000000         0x00004000         xrw
RAM              0x20000000         0x00040000         xrw
SCRATCH_X        0x20040000         0x00001000         xrw
SCRATCH_Y        0x20041000         0x00001000         xrw
*default*        0x00000000         0xffffffff

Linker script and memory map

                0x20000000                        RAM_ORIGIN_DEFAULT = 0x20000000
                0x00040000                        RAM_LENGTH_DEFAULT = 0x40000
                0x20040000                        SCRATCH_X_ORIGIN_DEFAULT = 0x20040000
                0x00001000                        SCRATCH_X_LENGTH_DEFAULT = 0x1000
                0x20041000                        SCRATCH_Y_ORIGIN_DEFAULT = 0x20041000
                0x00001000                        SCRATCH_Y_LENGTH_DEFAULT = 0x1000
                0x15000000                        XIP_RAM_ORIGIN_DEFAULT = 0x15000000
                0x00004000                        XIP_RAM_LENGTH_DEFAULT = 0x4000
LOAD CMakeFiles/stepper.dir/stepper.c.o
LOAD CMakeFiles/stepper.dir/Users/andrew/pico/pico-sdk/src/rp2_common/pico_stdlib/stdlib.c.o
LOAD CMakeFiles/stepper.dir/Users/andrew/pico/pico-sdk/src/rp2_common/hardware_gpio/gpio.c.o
LOAD CMakeFiles/stepper.dir/Users/andrew/pico/pico-sdk/src/rp2040/pico_platform/platform.c.o
LOAD CMakeFiles/stepper.dir/Users/andrew/pico/pico-sdk/src/rp2_common/pico_platform_common/common.c.o
LOAD CMakeFiles/stepper.dir/Users/andrew/pico/pico-sdk/src/rp2_common/pico_platform_panic/panic.c.o
LOAD CMakeFiles/stepper.dir/Users/andrew/pico/pico-sdk/src/rp2_common/pico_platform_panic/custom_panic_function.S.o
LOAD CMakeFiles/stepper.dir/Users/andrew/pico/pico-sdk/src/common/hardware_claim/claim.c.o
LOAD CMakeFiles/stepper.dir/Users/andrew/pico/pico-sdk/src/rp2_common/hardware_sync/sync.c.o
LOAD CMakeFiles/stepper.dir/Users/andrew/pico/pico-sdk/src/rp2_common/hardware_sync_spin_lock/sync_spin_lock.c.o
LOAD CMakeFiles/stepper.dir/Users/andrew/pico/pico-sdk/src/rp2_common/hardware_irq/irq.c.o
LOAD CMakeFiles/stepper.dir/Users/andrew/pico/pico-sdk/src/rp2_common/hardware_irq/irq_handler_chain.S.o
LOAD CMakeFiles/stepper.dir/Users/andrew/pico/pico-sdk/src/common/pico_sync/sem.c.o
LOAD CMakeFiles/stepper.dir/Users/andrew/pico/pico-sdk/src/common/pico_sync/lock_core.c.o
LOAD CMakeFiles/stepper.dir/Users/andrew/pico/pico-sdk/src/common/pico_sync/mutex.c.o
LOAD CMakeFiles/stepper.dir/Users/andrew/pico/pico-sdk/src/common/pico_sync/critical_section.c.o
LOAD CMakeFiles/stepper.dir/Users/andrew/pico/pico-sdk/src/common/pico_time/time.c.o
LOAD CMakeFiles/stepper.dir/Users/andrew/pico/pico-sdk/src/common/pico_time/timeout_helper.c.o
LOAD CMakeFiles/stepper.dir/Users/andrew/pico/pico-sdk/src/rp2_common/hardware_timer/timer.c.o
LOAD CMakeFiles/stepper.dir/Users/andrew/pico/pico-sdk/src/common/pico_util/datetime.c.o
LOAD CMakeFiles/stepper.dir/Users/andrew/pico/pico-sdk/src/common/pico_util/fixed_bitset.c.o
LOAD CMakeFiles/stepper.dir/Users/andrew/pico/pico-sdk/src/common/pico_util/pheap.c.o
LOAD CMakeFiles/stepper.dir/Users/andrew/pico/pico-sdk/src/common/pico_util/queue.c.o
LOAD CMakeFiles/stepper.dir/Users/andrew/pico/pico-sdk/src/rp2_common/hardware_uart/uart.c.o
LOAD CMakeFiles/stepper.dir/Users/andrew/pico/pico-sdk/src/rp2_common/hardware_clocks/clocks.c.o
LOAD CMakeFiles/stepper.dir/Users/andrew/pico/pico-sdk/src/rp2_common/hardware_pll/pll.c.o
LOAD CMakeFiles/stepper.dir/Users/andrew/pico/pico-sdk/src/rp2_common/hardware_vreg/vreg.c.o
LOAD CMakeFiles/stepper.dir/Users/andrew/pico/pico-sdk/src/rp2_common/hardware_watchdog/watchdog.c.o
LOAD CMakeFiles/stepper.dir/Users/andrew/pico/pico-sdk/src/rp2_common/hardware_ticks/ticks.c.o
LOAD CMakeFiles/stepper.dir/Users/andrew/pico/pico-sdk/src/rp2_common/pico_bootrom/bootrom.c.o
LOAD CMakeFiles/stepper.dir/Users/andrew/pico/pico-sdk/src/rp2_common/pico_bootrom/bootrom_lock.c.o
LOAD CMakeFiles/stepper.dir/Users/andrew/pico/pico-sdk/src/rp2_common/hardware_boot_lock/boot_lock.c.o
LOAD CMakeFiles/stepper.dir/Users/andrew/pico/pico-sdk/src/rp2_common/pico_flash/flash.c.o
LOAD CMakeFiles/stepper.dir/Users/andrew/pico/pico-sdk/src/rp2_common/hardware_xosc/xosc.c.o
LOAD CMakeFiles/stepper.dir/Users/andrew/pico/pico-sdk/src/rp2_common/hardware_divider/divider.S.o
LOAD CMakeFiles/stepper.dir/Users/andrew/pico/pico-sdk/src/rp2_common/pico_runtime/runtime.c.o
LOAD CMakeFiles/stepper.dir/Users/andrew/pico/pico-sdk/src/rp2_common/pico_runtime_init/runtime_init.c.o
LOAD CMakeFiles/stepper.dir/Users/andrew/pico/pico-sdk/src/rp2_common/pico_runtime_init/runtime_init_clocks.c.o
LOAD CMakeFiles/stepper.dir/Users/andrew/pico/pico-sdk/src/rp2_common/pico_runtime_init/runtime_init_stack_guard.c.o
LOAD CMakeFiles/stepper.dir/Users/andrew/pico/pico-sdk/src/rp2_common/hardware_rtc/rtc.c.o
LOAD CMakeFiles/stepper.dir/Users/andrew/pico/pico-sdk/src/rp2_common/pico_bit_ops/bit_ops_aeabi.S.o
LOAD CMakeFiles/stepper.dir/Users/andrew/pico/pico-sdk/src/rp2_common/pico_divider/divider_hardware.S.o
LOAD CMakeFiles/stepper.dir/Users/andrew/pico/pico-sdk/src/rp2_common/pico_double/double_aeabi_rp2040.S.o
LOAD CMakeFiles/stepper.dir/Users/andrew/pico/pico-sdk/src/rp2_common/pico_double/double_init_rom_rp2040.c.o
LOAD CMakeFiles/stepper.dir/Users/andrew/pico/pico-sdk/src/rp2_common/pico_double/double_math.c.o
LOAD CMakeFiles/stepper.dir/Users/andrew/pico/pico-sdk/src/rp2_common/pico_double/double_v1_rom_shim_rp2040.S.o
LOAD CMakeFiles/stepper.dir/Users/andrew/pico/pico-sdk/src/rp2_common/pico_int64_ops/pico_int64_ops_aeabi.S.o
LOAD CMakeFiles/stepper.dir/Users/andrew/pico/pico-sdk/src/rp2_common/pico_float/float_aeabi_rp2040.S.o
LOAD CMakeFiles/stepper.dir/Users/andrew/pico/pico-sdk/src/rp2_common/pico_float/float_init_rom_rp2040.c.o
LOAD CMakeFiles/stepper.dir/Users/andrew/pico/pico-sdk/src/rp2_common/pico_float/float_math.c.o
LOAD CMakeFiles/stepper.dir/Users/andrew/pico/pico-sdk/src/rp2_common/pico_float/float_v1_rom_shim_rp2040.S.o
LOAD CMakeFiles/stepper.dir/Users/andrew/pico/pico-sdk/src/rp2_common/pico_malloc/malloc.c.o
LOAD CMakeFiles/stepper.dir/Users/andrew/pico/pico-sdk/src/rp2_common/pico_mem_ops/mem_ops_aeabi.S.o
LOAD CMakeFiles/stepper.dir/Users/andrew/pico/pico-sdk/src/rp2_common/pico_atomic/atomic.c.o
LOAD CMakeFiles/stepper.dir/Users/andrew/pico/pico-sdk/src/rp2_common/pico_cxx_options/new_delete.cpp.o
LOAD CMakeFiles/stepper.dir/Users/andrew/pico/pico-sdk/src/rp2_common/pico_standard_binary_info/standard_binary_info.c.o
LOAD CMakeFiles/stepper.dir/Users/andrew/pico/pico-sdk/src/rp2_common/pico_printf/printf.c.o
LOAD CMakeFiles/stepper.dir/Users/andrew/pico/pico-sdk/src/rp2_common/pico_crt0/crt0.S.o
LOAD CMakeFiles/stepper.dir/Users/andrew/pico/pico-sdk/src/rp2_common/pico_clib_interface/newlib_interface.c.o
LOAD CMakeFiles/stepper.dir/Users/andrew/pico/pico-sdk/src/rp2_common/pico_clib_interface/cxa_guard.c.o
LOAD CMakeFiles/stepper.dir/Users/andrew/pico/pico-sdk/src/rp2_common/pico_stdio/stdio.c.o
LOAD CMakeFiles/stepper.dir/Users/andrew/pico/pico-sdk/src/rp2_common/pico_stdio_usb/stdio_usb.c.o
LOAD CMakeFiles/stepper.dir/Users/andrew/pico/pico-sdk/src/rp2_common/pico_stdio_usb/stdio_usb_descriptors.c.o
LOAD CMakeFiles/stepper.dir/Users/andrew/pico/pico-sdk/src/rp2_common/pico_unique_id/unique_id.c.o
LOAD CMakeFiles/stepper.dir/Users/andrew/pico/pico-sdk/src/rp2_common/hardware_flash/flash.c.o
LOAD CMakeFiles/stepper.dir/Users/andrew/pico/pico-sdk/src/rp2_common/hardware_xip_cache/xip_cache.c.o
LOAD CMakeFiles/stepper.dir/Users/andrew/pico/pico-sdk/src/rp2_common/pico_usb_reset/usb_reset.c.o
LOAD CMakeFiles/stepper.dir/Users/andrew/pico/pico-sdk/lib/tinyusb/src/portable/raspberrypi/rp2040/dcd_rp2040.c.o
LOAD CMakeFiles/stepper.dir/Users/andrew/pico/pico-sdk/lib/tinyusb/src/portable/raspberrypi/rp2040/rp2040_usb.c.o
LOAD CMakeFiles/stepper.dir/Users/andrew/pico/pico-sdk/lib/tinyusb/src/device/usbd.c.o
LOAD CMakeFiles/stepper.dir/Users/andrew/pico/pico-sdk/lib/tinyusb/src/device/usbd_control.c.o
LOAD CMakeFiles/stepper.dir/Users/andrew/pico/pico-sdk/lib/tinyusb/src/class/audio/audio_device.c.o
LOAD CMakeFiles/stepper.dir/Users/andrew/pico/pico-sdk/lib/tinyusb/src/class/cdc/cdc_device.c.o
LOAD CMakeFiles/stepper.dir/Users/andrew/pico/pico-sdk/lib/tinyusb/src/class/dfu/dfu_device.c.o
LOAD CMakeFiles/stepper.dir/Users/andrew/pico/pico-sdk/lib/tinyusb/src/class/dfu/dfu_rt_device.c.o
LOAD CMakeFiles/stepper.dir/Users/andrew/pico/pico-sdk/lib/tinyusb/src/class/hid/hid_device.c.o
LOAD CMakeFiles/stepper.dir/Users/andrew/pico/pico-sdk/lib/tinyusb/src/class/midi/midi_device.c.o
LOAD CMakeFiles/stepper.dir/Users/andrew/pico/pico-sdk/lib/tinyusb/src/class/msc/msc_device.c.o
LOAD CMakeFiles/stepper.dir/Users/andrew/pico/pico-sdk/lib/tinyusb/src/class/net/ecm_rndis_device.c.o
LOAD CMakeFiles/stepper.dir/Users/andrew/pico/pico-sdk/lib/tinyusb/src/class/net/ncm_device.c.o
LOAD CMakeFiles/stepper.dir/Users/andrew/pico/pico-sdk/lib/tinyusb/src/class/usbtmc/usbtmc_device.c.o
LOAD CMakeFiles/stepper.dir/Users/andrew/pico/pico-sdk/lib/tinyusb/src/class/vendor/vendor_device.c.o
LOAD CMakeFiles/stepper.dir/Users/andrew/pico/pico-sdk/lib/tinyusb/src/class/video/video_device.c.o
LOAD CMakeFiles/stepper.dir/Users/andrew/pico/pico-sdk/lib/tinyusb/src/tusb.c.o
LOAD CMakeFiles/stepper.dir/Users/andrew/pico/pico-sdk/lib/tinyusb/src/common/tusb_fifo.c.o
LOAD CMakeFiles/stepper.dir/Users/andrew/pico/pico-sdk/src/rp2_common/pico_fix/rp2040_usb_device_enumeration/rp2040_usb_device_enumeration.c.o
LOAD CMakeFiles/stepper.dir/Users/andrew/pico/pico-sdk/src/rp2_common/pico_thread_local/thread_local.c.o
LOAD pico-sdk/src/rp2040/boot_stage2/CMakeFiles/bs2_default_library.dir/bs2_default_padded_checksummed.S.o
LOAD /Applications/ArmGNUToolchain/15.3.rel1/arm-none-eabi/bin/../lib/gcc/arm-none-eabi/15.3.1/../../../../arm-none-eabi/lib/thumb/v6-m/nofp/libstdc++.a
LOAD /Applications/ArmGNUToolchain/15.3.rel1/arm-none-eabi/bin/../lib/gcc/arm-none-eabi/15.3.1/../../../../arm-none-eabi/lib/thumb/v6-m/nofp/libm.a
START GROUP
LOAD /Applications/ArmGNUToolchain/15.3.rel1/arm-none-eabi/bin/../lib/gcc/arm-none-eabi/15.3.1/thumb/v6-m/nofp/libgcc.a
LOAD /Applications/ArmGNUToolchain/15.3.rel1/arm-none-eabi/bin/../lib/gcc/arm-none-eabi/15.3.1/../../../../arm-none-eabi/lib/thumb/v6-m/nofp/libg.a
LOAD /Applications/ArmGNUToolchain/15.3.rel1/arm-none-eabi/bin/../lib/gcc/arm-none-eabi/15.3.1/../../../../arm-none-eabi/lib/thumb/v6-m/nofp/libc.a
END GROUP
                0x20000000                        PROVIDE (RAM_ORIGIN = RAM_ORIGIN_DEFAULT)
                0x00040000                        PROVIDE (RAM_LENGTH = RAM_LENGTH_DEFAULT)
                0x20040000                        PROVIDE (SCRATCH_X_ORIGIN = SCRATCH_X_ORIGIN_DEFAULT)
                0x00001000                        PROVIDE (SCRATCH_X_LENGTH = SCRATCH_X_LENGTH_DEFAULT)
                0x20041000                        PROVIDE (SCRATCH_Y_ORIGIN = SCRATCH_Y_ORIGIN_DEFAULT)
                0x00001000                        PROVIDE (SCRATCH_Y_LENGTH = SCRATCH_Y_LENGTH_DEFAULT)
                0x15000000                        PROVIDE (XIP_RAM_ORIGIN = XIP_RAM_ORIGIN_DEFAULT)
                0x00004000                        PROVIDE (XIP_RAM_LENGTH = XIP_RAM_LENGTH_DEFAULT)
                0x20000000                        RAM_ORIGIN = DEFINED (RAM_ORIGIN)?RAM_ORIGIN:RAM_ORIGIN_DEFAULT
                0x00040000                        RAM_LENGTH = DEFINED (RAM_LENGTH)?RAM_LENGTH:RAM_LENGTH_DEFAULT
                0x20040000                        SCRATCH_X_ORIGIN = DEFINED (SCRATCH_X_ORIGIN)?SCRATCH_X_ORIGIN:SCRATCH_X_ORIGIN_DEFAULT
                0x00001000                        SCRATCH_X_LENGTH = DEFINED (SCRATCH_X_LENGTH)?SCRATCH_X_LENGTH:SCRATCH_X_LENGTH_DEFAULT
                0x20041000                        SCRATCH_Y_ORIGIN = DEFINED (SCRATCH_Y_ORIGIN)?SCRATCH_Y_ORIGIN:SCRATCH_Y_ORIGIN_DEFAULT
                0x00001000                        SCRATCH_Y_LENGTH = DEFINED (SCRATCH_Y_LENGTH)?SCRATCH_Y_LENGTH:SCRATCH_Y_LENGTH_DEFAULT
                0x15000000                        XIP_RAM_ORIGIN = DEFINED (XIP_RAM_ORIGIN)?XIP_RAM_ORIGIN:XIP_RAM_ORIGIN_DEFAULT
                0x00004000                        XIP_RAM_LENGTH = DEFINED (XIP_RAM_LENGTH)?XIP_RAM_LENGTH:XIP_RAM_LENGTH_DEFAULT

.flash_begin    0x10000000        0x0
                0x10000000                        __flash_binary_start = .

.boot2          0x10000000      0x100
                0x10000000                        __boot2_start__ = .
 *(.boot2)
 .boot2         0x10000000      0x100 pico-sdk/src/rp2040/boot_stage2/CMakeFiles/bs2_default_library.dir/bs2_default_padded_checksummed.S.o
                0x10000100                        __boot2_end__ = .
                0x00000001                        ASSERT (((__boot2_end__ - __boot2_start__) == 0x100), ERROR: Pico second stage bootloader must be exactly 256 bytes in size for RP2040)

.text           0x10000100     0x4170
                0x10000100                        __logical_binary_start = .
 *(.vectors)
 .vectors       0x10000100       0xd4 CMakeFiles/stepper.dir/Users/andrew/pico/pico-sdk/src/rp2_common/pico_crt0/crt0.S.o
                0x10000100                __VECTOR_TABLE
                0x10000100                __vectors
                0x100001c0                isr_irq13
                0x100001c0                isr_irq27
                0x100001c0                isr_irq31
                0x100001c0                isr_irq5
                0x100001c0                isr_irq11
                0x100001c0                isr_irq23
                0x100001c0                isr_irq18
                0x100001c0                isr_irq9
                0x100001c0                __unhandled_user_irq
                0x100001c0                isr_irq25
                0x100001c0                isr_irq4
                0x100001c0                isr_irq16
                0x100001c0                isr_irq29
                0x100001c0                isr_irq26
                0x100001c0                isr_irq3
                0x100001c0                isr_irq12
                0x100001c0                isr_irq30
                0x100001c0                isr_irq28
                0x100001c0                isr_irq19
                0x100001c0                isr_irq0
                0x100001c0                isr_irq6
                0x100001c0                isr_irq22
                0x100001c0                isr_irq17
                0x100001c0                isr_irq14
                0x100001c0                __vectors_end
                0x100001c0                __default_isrs_start
                0x100001c0                isr_irq2
                0x100001c0                isr_irq10
                0x100001c0                isr_irq8
                0x100001c0                isr_irq24
                0x100001c0                isr_irq1
                0x100001c0                isr_irq7
                0x100001c0                isr_irq21
                0x100001c0                isr_irq20
                0x100001c0                isr_irq15
                0x100001c6                unhandled_user_irq_num_in_r0
                0x100001c8                isr_invalid
                0x100001ca                isr_nmi
                0x100001cc                isr_hardfault
                0x100001ce                isr_svcall
                0x100001d0                isr_pendsv
                0x100001d2                isr_systick
                0x100001d4                __default_isrs_end
 *(.binary_info_header)
 .binary_info_header
                0x100001d4       0x14 CMakeFiles/stepper.dir/Users/andrew/pico/pico-sdk/src/rp2_common/pico_crt0/crt0.S.o
                0x100001e8                        __binary_info_header_end = .
 *(.embedded_block)
                0x100001e8                        __embedded_block_end = .
 *(.reset)
 .reset         0x100001e8       0x98 CMakeFiles/stepper.dir/Users/andrew/pico/pico-sdk/src/rp2_common/pico_crt0/crt0.S.o
                0x100001e8                _entry_point
 *(.init)
 *libgcc.a:cmse_nonsecure_call.o()
 *(EXCLUDE_FILE(*libm.a: *lib*_a-mem*.o *libc.a: *libgcc.a:) .text*)
 .text.startup.main
                0x10000280       0xcc CMakeFiles/stepper.dir/stepper.c.o
                0x10000280                main
 .text.gpio_init
                0x1000034c       0x3c CMakeFiles/stepper.dir/Users/andrew/pico/pico-sdk/src/rp2_common/hardware_gpio/gpio.c.o
                0x1000034c                gpio_init
 .text.rp2040_chip_version
                0x10000388        0xc CMakeFiles/stepper.dir/Users/andrew/pico/pico-sdk/src/rp2040/pico_platform/platform.c.o
                0x10000388                rp2040_chip_version
 .text.panic    0x10000394       0x30 CMakeFiles/stepper.dir/Users/andrew/pico/pico-sdk/src/rp2_common/pico_platform_panic/panic.c.o
                0x10000394                panic
 .text.hw_claim_or_assert
                0x100003c4       0x50 CMakeFiles/stepper.dir/Users/andrew/pico/pico-sdk/src/common/hardware_claim/claim.c.o
                0x100003c4                hw_claim_or_assert
 .text.hw_claim_unused_from_range
                0x10000414       0x88 CMakeFiles/stepper.dir/Users/andrew/pico/pico-sdk/src/common/hardware_claim/claim.c.o
                0x10000414                hw_claim_unused_from_range
 .text.next_striped_spin_lock_num
                0x1000049c       0x18 CMakeFiles/stepper.dir/Users/andrew/pico/pico-sdk/src/rp2_common/hardware_sync/sync.c.o
                0x1000049c                next_striped_spin_lock_num
 .text.spin_lock_claim_unused
                0x100004b4       0x20 CMakeFiles/stepper.dir/Users/andrew/pico/pico-sdk/src/rp2_common/hardware_sync/sync.c.o
                0x100004b4                spin_lock_claim_unused
 .text.spin_locks_reset
                0x100004d4       0x1c CMakeFiles/stepper.dir/Users/andrew/pico/pico-sdk/src/rp2_common/hardware_sync_spin_lock/sync_spin_lock.c.o
                0x100004d4                spin_locks_reset
 .text.runtime_init_per_core_irq_priorities
                0x100004f0       0x48 CMakeFiles/stepper.dir/Users/andrew/pico/pico-sdk/src/rp2_common/hardware_irq/irq.c.o
                0x100004f0                runtime_init_per_core_irq_priorities
 .text.irq_set_enabled
                0x10000538       0x24 CMakeFiles/stepper.dir/Users/andrew/pico/pico-sdk/src/rp2_common/hardware_irq/irq.c.o
                0x10000538                irq_set_enabled
 .text.irq_is_enabled
                0x1000055c       0x18 CMakeFiles/stepper.dir/Users/andrew/pico/pico-sdk/src/rp2_common/hardware_irq/irq.c.o
                0x1000055c                irq_is_enabled
 .text.irq_set_pending
                0x10000574       0x10 CMakeFiles/stepper.dir/Users/andrew/pico/pico-sdk/src/rp2_common/hardware_irq/irq.c.o
                0x10000574                irq_set_pending
 .text.irq_has_shared_handler
                0x10000584       0x20 CMakeFiles/stepper.dir/Users/andrew/pico/pico-sdk/src/rp2_common/hardware_irq/irq.c.o
                0x10000584                irq_has_shared_handler
 .text.irq_set_exclusive_handler
                0x100005a4       0x54 CMakeFiles/stepper.dir/Users/andrew/pico/pico-sdk/src/rp2_common/hardware_irq/irq.c.o
                0x100005a4                irq_set_exclusive_handler
 .text.irq_add_shared_handler
                0x100005f8      0x1b8 CMakeFiles/stepper.dir/Users/andrew/pico/pico-sdk/src/rp2_common/hardware_irq/irq.c.o
                0x100005f8                irq_add_shared_handler
 .text.irq_add_tail_to_free_list
                0x100007b0       0xcc CMakeFiles/stepper.dir/Users/andrew/pico/pico-sdk/src/rp2_common/hardware_irq/irq.c.o
                0x100007b0                irq_add_tail_to_free_list
 .text.user_irq_claim_unused
                0x1000087c       0x28 CMakeFiles/stepper.dir/Users/andrew/pico/pico-sdk/src/rp2_common/hardware_irq/irq.c.o
                0x1000087c                user_irq_claim_unused
 .text.lock_init
                0x100008a4       0x10 CMakeFiles/stepper.dir/Users/andrew/pico/pico-sdk/src/common/pico_sync/lock_core.c.o
                0x100008a4                lock_init
 .text.runtime_init_mutex
                0x100008b4       0x50 CMakeFiles/stepper.dir/Users/andrew/pico/pico-sdk/src/common/pico_sync/mutex.c.o
                0x100008b4                runtime_init_mutex
 .text.mutex_init
                0x10000904       0x1c CMakeFiles/stepper.dir/Users/andrew/pico/pico-sdk/src/common/pico_sync/mutex.c.o
                0x10000904                mutex_init
 .text.critical_section_init
                0x10000920       0x1c CMakeFiles/stepper.dir/Users/andrew/pico/pico-sdk/src/common/pico_sync/critical_section.c.o
                0x10000920                critical_section_init
 .text.critical_section_init_with_lock_num
                0x1000093c       0x14 CMakeFiles/stepper.dir/Users/andrew/pico/pico-sdk/src/common/pico_sync/critical_section.c.o
                0x1000093c                critical_section_init_with_lock_num
 .text.sleep_until_callback
                0x10000950       0x30 CMakeFiles/stepper.dir/Users/andrew/pico/pico-sdk/src/common/pico_time/time.c.o
 .text.alarm_pool_irq_handler
                0x10000980      0x2f4 CMakeFiles/stepper.dir/Users/andrew/pico/pico-sdk/src/common/pico_time/time.c.o
 .text.runtime_init_default_alarm_pool
                0x10000c74       0xd8 CMakeFiles/stepper.dir/Users/andrew/pico/pico-sdk/src/common/pico_time/time.c.o
                0x10000c74                runtime_init_default_alarm_pool
 .text.alarm_pool_get_default
                0x10000d4c        0x8 CMakeFiles/stepper.dir/Users/andrew/pico/pico-sdk/src/common/pico_time/time.c.o
                0x10000d4c                alarm_pool_get_default
 .text.alarm_pool_add_alarm_at
                0x10000d54       0xcc CMakeFiles/stepper.dir/Users/andrew/pico/pico-sdk/src/common/pico_time/time.c.o
                0x10000d54                alarm_pool_add_alarm_at
 .text.alarm_pool_add_alarm_at_force_in_context
                0x10000e20       0xbc CMakeFiles/stepper.dir/Users/andrew/pico/pico-sdk/src/common/pico_time/time.c.o
                0x10000e20                alarm_pool_add_alarm_at_force_in_context
 .text.alarm_pool_cancel_alarm
                0x10000edc       0x74 CMakeFiles/stepper.dir/Users/andrew/pico/pico-sdk/src/common/pico_time/time.c.o
                0x10000edc                alarm_pool_cancel_alarm
 .text.alarm_pool_core_num
                0x10000f50        0x4 CMakeFiles/stepper.dir/Users/andrew/pico/pico-sdk/src/common/pico_time/time.c.o
                0x10000f50                alarm_pool_core_num
 .text.sleep_us
                0x10000f54       0xec CMakeFiles/stepper.dir/Users/andrew/pico/pico-sdk/src/common/pico_time/time.c.o
                0x10000f54                sleep_us
 .text.sleep_ms
                0x10001040       0xfc CMakeFiles/stepper.dir/Users/andrew/pico/pico-sdk/src/common/pico_time/time.c.o
                0x10001040                sleep_ms
 .text.best_effort_wfe_or_timeout
                0x1000113c      0x12c CMakeFiles/stepper.dir/Users/andrew/pico/pico-sdk/src/common/pico_time/time.c.o
                0x1000113c                best_effort_wfe_or_timeout
 .text.timer_hardware_alarm_claim
                0x10001268       0x14 CMakeFiles/stepper.dir/Users/andrew/pico/pico-sdk/src/rp2_common/hardware_timer/timer.c.o
                0x10001268                timer_hardware_alarm_claim
 .text.timer_time_us_64
                0x1000127c       0x10 CMakeFiles/stepper.dir/Users/andrew/pico/pico-sdk/src/rp2_common/hardware_timer/timer.c.o
                0x1000127c                timer_time_us_64
 .text.time_us_64
                0x1000128c       0x14 CMakeFiles/stepper.dir/Users/andrew/pico/pico-sdk/src/rp2_common/hardware_timer/timer.c.o
                0x1000128c                time_us_64
 .text.busy_wait_until
                0x100012a0       0x20 CMakeFiles/stepper.dir/Users/andrew/pico/pico-sdk/src/rp2_common/hardware_timer/timer.c.o
                0x100012a0                busy_wait_until
 .text.clock_configure_int_divider
                0x100012c0       0xec CMakeFiles/stepper.dir/Users/andrew/pico/pico-sdk/src/rp2_common/hardware_clocks/clocks.c.o
                0x100012c0                clock_configure_int_divider
 .text.clock_configure_undivided
                0x100013ac       0xe0 CMakeFiles/stepper.dir/Users/andrew/pico/pico-sdk/src/rp2_common/hardware_clocks/clocks.c.o
                0x100013ac                clock_configure_undivided
 .text.clock_get_hz
                0x1000148c        0xc CMakeFiles/stepper.dir/Users/andrew/pico/pico-sdk/src/rp2_common/hardware_clocks/clocks.c.o
                0x1000148c                clock_get_hz
 .text.pll_init
                0x10001498       0xb0 CMakeFiles/stepper.dir/Users/andrew/pico/pico-sdk/src/rp2_common/hardware_pll/pll.c.o
                0x10001498                pll_init
 .text.watchdog_reboot
                0x10001548       0x9c CMakeFiles/stepper.dir/Users/andrew/pico/pico-sdk/src/rp2_common/hardware_watchdog/watchdog.c.o
                0x10001548                watchdog_reboot
 .text.tick_start
                0x100015e4       0x10 CMakeFiles/stepper.dir/Users/andrew/pico/pico-sdk/src/rp2_common/hardware_ticks/ticks.c.o
                0x100015e4                tick_start
 .text.rom_func_lookup
                0x100015f4       0x10 CMakeFiles/stepper.dir/Users/andrew/pico/pico-sdk/src/rp2_common/pico_bootrom/bootrom.c.o
                0x100015f4                rom_func_lookup
 .text.rom_data_lookup
                0x10001604       0x10 CMakeFiles/stepper.dir/Users/andrew/pico/pico-sdk/src/rp2_common/pico_bootrom/bootrom.c.o
                0x10001604                rom_data_lookup
 .text.rom_funcs_lookup
                0x10001614       0x44 CMakeFiles/stepper.dir/Users/andrew/pico/pico-sdk/src/rp2_common/pico_bootrom/bootrom.c.o
                0x10001614                rom_funcs_lookup
 .text.rom_reset_usb_boot_extra
                0x10001658       0x24 CMakeFiles/stepper.dir/Users/andrew/pico/pico-sdk/src/rp2_common/pico_bootrom/bootrom.c.o
                0x10001658                rom_reset_usb_boot_extra
 .text.xosc_init
                0x1000167c       0x28 CMakeFiles/stepper.dir/Users/andrew/pico/pico-sdk/src/rp2_common/hardware_xosc/xosc.c.o
                0x1000167c                xosc_init
 .text.first_per_core_initializer
                0x100016a4        0x4 CMakeFiles/stepper.dir/Users/andrew/pico/pico-sdk/src/rp2_common/pico_runtime/runtime.c.o
 .text.hard_assertion_failure
                0x100016a8        0xc CMakeFiles/stepper.dir/Users/andrew/pico/pico-sdk/src/rp2_common/pico_runtime/runtime.c.o
                0x100016a8                hard_assertion_failure
 .text.runtime_run_initializers
                0x100016b4       0x28 CMakeFiles/stepper.dir/Users/andrew/pico/pico-sdk/src/rp2_common/pico_runtime/runtime.c.o
                0x100016b4                runtime_run_initializers
 .text.runtime_init_early_resets
                0x100016dc       0x2c CMakeFiles/stepper.dir/Users/andrew/pico/pico-sdk/src/rp2_common/pico_runtime_init/runtime_init.c.o
                0x100016dc                runtime_init_early_resets
 .text.runtime_init_usb_power_down
                0x10001708       0x1c CMakeFiles/stepper.dir/Users/andrew/pico/pico-sdk/src/rp2_common/pico_runtime_init/runtime_init.c.o
                0x10001708                runtime_init_usb_power_down
 .text.runtime_init_post_clock_resets
                0x10001724       0x20 CMakeFiles/stepper.dir/Users/andrew/pico/pico-sdk/src/rp2_common/pico_runtime_init/runtime_init.c.o
                0x10001724                runtime_init_post_clock_resets
 .text.runtime_init_rp2040_gpio_ie_disable
                0x10001744       0x14 CMakeFiles/stepper.dir/Users/andrew/pico/pico-sdk/src/rp2_common/pico_runtime_init/runtime_init.c.o
                0x10001744                runtime_init_rp2040_gpio_ie_disable
 .text.runtime_init_spin_locks_reset
                0x10001758        0x8 CMakeFiles/stepper.dir/Users/andrew/pico/pico-sdk/src/rp2_common/pico_runtime_init/runtime_init.c.o
                0x10001758                runtime_init_spin_locks_reset
 .text.runtime_init_install_ram_vector_table
                0x10001760       0xb4 CMakeFiles/stepper.dir/Users/andrew/pico/pico-sdk/src/rp2_common/pico_runtime_init/runtime_init.c.o
                0x10001760                runtime_init_install_ram_vector_table
 .text.runtime_init_clocks
                0x10001814       0xd8 CMakeFiles/stepper.dir/Users/andrew/pico/pico-sdk/src/rp2_common/pico_runtime_init/runtime_init_clocks.c.o
                0x10001814                runtime_init_clocks
 .text          0x100018ec       0x10 CMakeFiles/stepper.dir/Users/andrew/pico/pico-sdk/src/rp2_common/pico_bit_ops/bit_ops_aeabi.S.o
 .text.__wrap___aeabi_uidiv
                0x100018fc       0x4c CMakeFiles/stepper.dir/Users/andrew/pico/pico-sdk/src/rp2_common/pico_divider/divider_hardware.S.o
                0x100018fc                __wrap___aeabi_uidiv
                0x100018fc                __wrap___aeabi_uidivmod
                0x100018fc                div_u32u32
                0x100018fc                divmod_u32u32
                0x1000192c                divmod_u32u32_savestate
 .text.__aeabi_double_init
                0x10001948       0xa4 CMakeFiles/stepper.dir/Users/andrew/pico/pico-sdk/src/rp2_common/pico_double/double_init_rom_rp2040.c.o
                0x10001948                __aeabi_double_init
 .text.double_table_shim_on_use_helper
                0x100019ec       0x2c CMakeFiles/stepper.dir/Users/andrew/pico/pico-sdk/src/rp2_common/pico_double/double_v1_rom_shim_rp2040.S.o
                0x100019ec                double_table_shim_on_use_helper
 .text.__aeabi_lmul
                0x10001a18       0x32 CMakeFiles/stepper.dir/Users/andrew/pico/pico-sdk/src/rp2_common/pico_int64_ops/pico_int64_ops_aeabi.S.o
                0x10001a18                __wrap___aeabi_lmul
 *fill*         0x10001a4a        0x2 
 .text.__aeabi_float_init
                0x10001a4c       0x68 CMakeFiles/stepper.dir/Users/andrew/pico/pico-sdk/src/rp2_common/pico_float/float_init_rom_rp2040.c.o
                0x10001a4c                __aeabi_float_init
 .text.float_table_shim_on_use_helper
                0x10001ab4       0x2c CMakeFiles/stepper.dir/Users/andrew/pico/pico-sdk/src/rp2_common/pico_float/float_v1_rom_shim_rp2040.S.o
                0x10001ab4                float_table_shim_on_use_helper
 .text          0x10001ae0       0x10 CMakeFiles/stepper.dir/Users/andrew/pico/pico-sdk/src/rp2_common/pico_mem_ops/mem_ops_aeabi.S.o
                0x10001ae0                __aeabi_mem_init
 .text.memset   0x10001af0        0xc CMakeFiles/stepper.dir/Users/andrew/pico/pico-sdk/src/rp2_common/pico_mem_ops/mem_ops_aeabi.S.o
                0x10001af0                __wrap_memset
 .text.memcpy   0x10001afc        0xc CMakeFiles/stepper.dir/Users/andrew/pico/pico-sdk/src/rp2_common/pico_mem_ops/mem_ops_aeabi.S.o
                0x10001afc                __wrap___aeabi_memcpy
                0x10001afc                __wrap_memcpy
 .text._out_char
                0x10001b08       0x10 CMakeFiles/stepper.dir/Users/andrew/pico/pico-sdk/src/rp2_common/pico_printf/printf.c.o
 .text.weak_raw_vprintf
                0x10001b18       0x30 CMakeFiles/stepper.dir/Users/andrew/pico/pico-sdk/src/rp2_common/pico_printf/printf.c.o
                0x10001b18                weak_raw_vprintf
 .text._exit    0x10001b48        0x4 CMakeFiles/stepper.dir/Users/andrew/pico/pico-sdk/src/rp2_common/pico_clib_interface/newlib_interface.c.o
                0x10001b48                _exit
 .text._fini    0x10001b4c        0x4 CMakeFiles/stepper.dir/Users/andrew/pico/pico-sdk/src/rp2_common/pico_clib_interface/newlib_interface.c.o
                0x10001b4c                _fini
 .text.exit     0x10001b50        0x8 CMakeFiles/stepper.dir/Users/andrew/pico/pico-sdk/src/rp2_common/pico_clib_interface/newlib_interface.c.o
                0x10001b50                exit
 .text.runtime_init
                0x10001b58       0x2c CMakeFiles/stepper.dir/Users/andrew/pico/pico-sdk/src/rp2_common/pico_clib_interface/newlib_interface.c.o
                0x10001b58                runtime_init
 .text.stdio_out_chars_no_crlf
                0x10001b84       0x10 CMakeFiles/stepper.dir/Users/andrew/pico/pico-sdk/src/rp2_common/pico_stdio/stdio.c.o
 .text.stdio_out_chars_crlf
                0x10001b94       0x90 CMakeFiles/stepper.dir/Users/andrew/pico/pico-sdk/src/rp2_common/pico_stdio/stdio.c.o
 .text.stdio_put_string
                0x10001c24       0xf4 CMakeFiles/stepper.dir/Users/andrew/pico/pico-sdk/src/rp2_common/pico_stdio/stdio.c.o
                0x10001c24                stdio_put_string
 .text.stdio_set_driver_enabled
                0x10001d18       0x30 CMakeFiles/stepper.dir/Users/andrew/pico/pico-sdk/src/rp2_common/pico_stdio/stdio.c.o
                0x10001d18                stdio_set_driver_enabled
 .text.stdio_init_all
                0x10001d48        0x8 CMakeFiles/stepper.dir/Users/andrew/pico/pico-sdk/src/rp2_common/pico_stdio/stdio.c.o
                0x10001d48                stdio_init_all
 .text.__wrap_putchar
                0x10001d50       0x94 CMakeFiles/stepper.dir/Users/andrew/pico/pico-sdk/src/rp2_common/pico_stdio/stdio.c.o
                0x10001d50                stdio_putchar
                0x10001d50                __wrap_putchar
 .text.__wrap_puts
                0x10001de4       0x3c CMakeFiles/stepper.dir/Users/andrew/pico/pico-sdk/src/rp2_common/pico_stdio/stdio.c.o
                0x10001de4                __wrap_puts
                0x10001de4                stdio_puts
 .text.stdio_usb_set_chars_available_callback
                0x10001e20       0x14 CMakeFiles/stepper.dir/Users/andrew/pico/pico-sdk/src/rp2_common/pico_stdio_usb/stdio_usb.c.o
                0x10001e20                stdio_usb_set_chars_available_callback
 .text.usb_irq  0x10001e34       0x10 CMakeFiles/stepper.dir/Users/andrew/pico/pico-sdk/src/rp2_common/pico_stdio_usb/stdio_usb.c.o
 .text.timer_task
                0x10001e44       0x64 CMakeFiles/stepper.dir/Users/andrew/pico/pico-sdk/src/rp2_common/pico_stdio_usb/stdio_usb.c.o
 .text.stdio_usb_in_chars
                0x10001ea8       0x8c CMakeFiles/stepper.dir/Users/andrew/pico/pico-sdk/src/rp2_common/pico_stdio_usb/stdio_usb.c.o
                0x10001ea8                stdio_usb_in_chars
 .text.stdio_usb_out_flush
                0x10001f34       0x4c CMakeFiles/stepper.dir/Users/andrew/pico/pico-sdk/src/rp2_common/pico_stdio_usb/stdio_usb.c.o
 .text.stdio_usb_out_chars
                0x10001f80       0xf8 CMakeFiles/stepper.dir/Users/andrew/pico/pico-sdk/src/rp2_common/pico_stdio_usb/stdio_usb.c.o
 .text.low_priority_worker_irq
                0x10002078       0xc4 CMakeFiles/stepper.dir/Users/andrew/pico/pico-sdk/src/rp2_common/pico_stdio_usb/stdio_usb.c.o
 .text.stdio_usb_init
                0x1000213c       0xe4 CMakeFiles/stepper.dir/Users/andrew/pico/pico-sdk/src/rp2_common/pico_stdio_usb/stdio_usb.c.o
                0x1000213c                stdio_usb_init
 .text.tud_descriptor_device_cb
                0x10002220        0x8 CMakeFiles/stepper.dir/Users/andrew/pico/pico-sdk/src/rp2_common/pico_stdio_usb/stdio_usb_descriptors.c.o
                0x10002220                tud_descriptor_device_cb
 .text.tud_descriptor_configuration_cb
                0x10002228        0x8 CMakeFiles/stepper.dir/Users/andrew/pico/pico-sdk/src/rp2_common/pico_stdio_usb/stdio_usb_descriptors.c.o
                0x10002228                tud_descriptor_configuration_cb
 .text.tud_descriptor_string_cb
                0x10002230       0x70 CMakeFiles/stepper.dir/Users/andrew/pico/pico-sdk/src/rp2_common/pico_stdio_usb/stdio_usb_descriptors.c.o
                0x10002230                tud_descriptor_string_cb
 .text.startup._retrieve_unique_id_on_boot
                0x100022a0       0x10 CMakeFiles/stepper.dir/Users/andrew/pico/pico-sdk/src/rp2_common/pico_unique_id/unique_id.c.o
 .text.pico_get_unique_board_id_string
                0x100022b0      0x1e0 CMakeFiles/stepper.dir/Users/andrew/pico/pico-sdk/src/rp2_common/pico_unique_id/unique_id.c.o
                0x100022b0                pico_get_unique_board_id_string
 .text.flash_get_unique_id
                0x10002490       0x3c CMakeFiles/stepper.dir/Users/andrew/pico/pico-sdk/src/rp2_common/hardware_flash/flash.c.o
                0x10002490                flash_get_unique_id
 .text.usb_reset_interface_init
                0x100024cc        0x4 CMakeFiles/stepper.dir/Users/andrew/pico/pico-sdk/src/rp2_common/pico_usb_reset/usb_reset.c.o
                0x100024cc                usb_reset_interface_init
 .text.usb_reset_interface_reset
                0x100024d0        0xc CMakeFiles/stepper.dir/Users/andrew/pico/pico-sdk/src/rp2_common/pico_usb_reset/usb_reset.c.o
                0x100024d0                usb_reset_interface_reset
 .text.usb_reset_interface_open
                0x100024dc       0x28 CMakeFiles/stepper.dir/Users/andrew/pico/pico-sdk/src/rp2_common/pico_usb_reset/usb_reset.c.o
                0x100024dc                usb_reset_interface_open
 .text.usb_reset_interface_xfer_cb
                0x10002504        0x4 CMakeFiles/stepper.dir/Users/andrew/pico/pico-sdk/src/rp2_common/pico_usb_reset/usb_reset.c.o
                0x10002504                usb_reset_interface_xfer_cb
 .text.usb_reset_interface_control_xfer_cb
                0x10002508       0x60 CMakeFiles/stepper.dir/Users/andrew/pico/pico-sdk/src/rp2_common/pico_usb_reset/usb_reset.c.o
                0x10002508                usb_reset_interface_control_xfer_cb
 .text.tud_descriptor_bos_cb
                0x10002568        0x8 CMakeFiles/stepper.dir/Users/andrew/pico/pico-sdk/src/rp2_common/pico_usb_reset/usb_reset.c.o
                0x10002568                tud_descriptor_bos_cb
 .text.tud_vendor_control_xfer_cb
                0x10002570       0x38 CMakeFiles/stepper.dir/Users/andrew/pico/pico-sdk/src/rp2_common/pico_usb_reset/usb_reset.c.o
                0x10002570                tud_vendor_control_xfer_cb
 .text.usbd_app_driver_get_cb
                0x100025a8        0xc CMakeFiles/stepper.dir/Users/andrew/pico/pico-sdk/src/rp2_common/pico_usb_reset/usb_reset.c.o
                0x100025a8                usbd_app_driver_get_cb
 .text.tud_cdc_line_coding_cb
                0x100025b4       0x2c CMakeFiles/stepper.dir/Users/andrew/pico/pico-sdk/src/rp2_common/pico_usb_reset/usb_reset.c.o
                0x100025b4                tud_cdc_line_coding_cb
 .text.dcd_init
                0x100025e0       0x90 CMakeFiles/stepper.dir/Users/andrew/pico/pico-sdk/lib/tinyusb/src/portable/raspberrypi/rp2040/dcd_rp2040.c.o
                0x100025e0                dcd_init
 .text.dcd_int_enable
                0x10002670        0xc CMakeFiles/stepper.dir/Users/andrew/pico/pico-sdk/lib/tinyusb/src/portable/raspberrypi/rp2040/dcd_rp2040.c.o
                0x10002670                dcd_int_enable
 .text.dcd_set_address
                0x1000267c       0x14 CMakeFiles/stepper.dir/Users/andrew/pico/pico-sdk/lib/tinyusb/src/portable/raspberrypi/rp2040/dcd_rp2040.c.o
                0x1000267c                dcd_set_address
 .text.dcd_sof_enable
                0x10002690       0x1c CMakeFiles/stepper.dir/Users/andrew/pico/pico-sdk/lib/tinyusb/src/portable/raspberrypi/rp2040/dcd_rp2040.c.o
                0x10002690                dcd_sof_enable
 .text.dcd_edpt0_status_complete
                0x100026ac       0x1c CMakeFiles/stepper.dir/Users/andrew/pico/pico-sdk/lib/tinyusb/src/portable/raspberrypi/rp2040/dcd_rp2040.c.o
                0x100026ac                dcd_edpt0_status_complete
 .text.dcd_edpt_open
                0x100026c8       0xfc CMakeFiles/stepper.dir/Users/andrew/pico/pico-sdk/lib/tinyusb/src/portable/raspberrypi/rp2040/dcd_rp2040.c.o
                0x100026c8                dcd_edpt_open
 .text.dcd_edpt_close_all
                0x100027c4        0x8 CMakeFiles/stepper.dir/Users/andrew/pico/pico-sdk/lib/tinyusb/src/portable/raspberrypi/rp2040/dcd_rp2040.c.o
                0x100027c4                dcd_edpt_close_all
 .text.dcd_edpt_xfer
                0x100027cc       0x24 CMakeFiles/stepper.dir/Users/andrew/pico/pico-sdk/lib/tinyusb/src/portable/raspberrypi/rp2040/dcd_rp2040.c.o
                0x100027cc                dcd_edpt_xfer
 .text.dcd_edpt_stall
                0x100027f0       0x3c CMakeFiles/stepper.dir/Users/andrew/pico/pico-sdk/lib/tinyusb/src/portable/raspberrypi/rp2040/dcd_rp2040.c.o
                0x100027f0                dcd_edpt_stall
 .text.dcd_edpt_clear_stall
                0x1000282c       0x30 CMakeFiles/stepper.dir/Users/andrew/pico/pico-sdk/lib/tinyusb/src/portable/raspberrypi/rp2040/dcd_rp2040.c.o
                0x1000282c                dcd_edpt_clear_stall
 .text.rp2040_usb_init
                0x1000285c       0x40 CMakeFiles/stepper.dir/Users/andrew/pico/pico-sdk/lib/tinyusb/src/portable/raspberrypi/rp2040/rp2040_usb.c.o
                0x1000285c                rp2040_usb_init
 .text.hw_endpoint_xfer_start
                0x1000289c       0x40 CMakeFiles/stepper.dir/Users/andrew/pico/pico-sdk/lib/tinyusb/src/portable/raspberrypi/rp2040/rp2040_usb.c.o
                0x1000289c                hw_endpoint_xfer_start
 .text.tud_event_hook_cb
                0x100028dc        0x4 CMakeFiles/stepper.dir/Users/andrew/pico/pico-sdk/lib/tinyusb/src/device/usbd.c.o
                0x100028dc                tud_event_hook_cb
 .text.tud_sof_cb
                0x100028e0        0x4 CMakeFiles/stepper.dir/Users/andrew/pico/pico-sdk/lib/tinyusb/src/device/usbd.c.o
                0x100028e0                tud_sof_cb
 .text.tud_descriptor_device_qualifier_cb
                0x100028e4        0x4 CMakeFiles/stepper.dir/Users/andrew/pico/pico-sdk/lib/tinyusb/src/device/usbd.c.o
                0x100028e4                tud_descriptor_device_qualifier_cb
 .text.tud_descriptor_other_speed_configuration_cb
                0x100028e8        0x4 CMakeFiles/stepper.dir/Users/andrew/pico/pico-sdk/lib/tinyusb/src/device/usbd.c.o
                0x100028e8                tud_descriptor_other_speed_configuration_cb
 .text.tud_mount_cb
                0x100028ec        0x4 CMakeFiles/stepper.dir/Users/andrew/pico/pico-sdk/lib/tinyusb/src/device/usbd.c.o
                0x100028ec                tud_mount_cb
 .text.tud_umount_cb
                0x100028f0        0x4 CMakeFiles/stepper.dir/Users/andrew/pico/pico-sdk/lib/tinyusb/src/device/usbd.c.o
                0x100028f0                tud_umount_cb
 .text.tud_suspend_cb
                0x100028f4        0x4 CMakeFiles/stepper.dir/Users/andrew/pico/pico-sdk/lib/tinyusb/src/device/usbd.c.o
                0x100028f4                tud_suspend_cb
 .text.tud_resume_cb
                0x100028f8        0x4 CMakeFiles/stepper.dir/Users/andrew/pico/pico-sdk/lib/tinyusb/src/device/usbd.c.o
                0x100028f8                tud_resume_cb
 .text.tud_mounted
                0x100028fc       0x10 CMakeFiles/stepper.dir/Users/andrew/pico/pico-sdk/lib/tinyusb/src/device/usbd.c.o
                0x100028fc                tud_mounted
 .text.tud_suspended
                0x1000290c       0x10 CMakeFiles/stepper.dir/Users/andrew/pico/pico-sdk/lib/tinyusb/src/device/usbd.c.o
                0x1000290c                tud_suspended
 .text.tud_rhport_init
                0x1000291c       0xe8 CMakeFiles/stepper.dir/Users/andrew/pico/pico-sdk/lib/tinyusb/src/device/usbd.c.o
                0x1000291c                tud_rhport_init
 .text.tud_task_ext
                0x10002a04      0x7d8 CMakeFiles/stepper.dir/Users/andrew/pico/pico-sdk/lib/tinyusb/src/device/usbd.c.o
                0x10002a04                tud_task_ext
 .text.usbd_open_edpt_pair
                0x100031dc       0x98 CMakeFiles/stepper.dir/Users/andrew/pico/pico-sdk/lib/tinyusb/src/device/usbd.c.o
                0x100031dc                usbd_open_edpt_pair
 .text.usbd_edpt_open
                0x10003274       0x34 CMakeFiles/stepper.dir/Users/andrew/pico/pico-sdk/lib/tinyusb/src/device/usbd.c.o
                0x10003274                usbd_edpt_open
 .text.usbd_edpt_claim
                0x100032a8       0x28 CMakeFiles/stepper.dir/Users/andrew/pico/pico-sdk/lib/tinyusb/src/device/usbd.c.o
                0x100032a8                usbd_edpt_claim
 .text.usbd_edpt_release
                0x100032d0       0x28 CMakeFiles/stepper.dir/Users/andrew/pico/pico-sdk/lib/tinyusb/src/device/usbd.c.o
                0x100032d0                usbd_edpt_release
 .text.usbd_edpt_xfer
                0x100032f8       0x50 CMakeFiles/stepper.dir/Users/andrew/pico/pico-sdk/lib/tinyusb/src/device/usbd.c.o
                0x100032f8                usbd_edpt_xfer
 .text.tud_control_status
                0x10003348       0x2c CMakeFiles/stepper.dir/Users/andrew/pico/pico-sdk/lib/tinyusb/src/device/usbd_control.c.o
                0x10003348                tud_control_status
 .text.tud_control_xfer
                0x10003374       0xa0 CMakeFiles/stepper.dir/Users/andrew/pico/pico-sdk/lib/tinyusb/src/device/usbd_control.c.o
                0x10003374                tud_control_xfer
 .text.usbd_control_reset
                0x10003414       0x14 CMakeFiles/stepper.dir/Users/andrew/pico/pico-sdk/lib/tinyusb/src/device/usbd_control.c.o
                0x10003414                usbd_control_reset
 .text.usbd_control_set_complete_callback
                0x10003428        0xc CMakeFiles/stepper.dir/Users/andrew/pico/pico-sdk/lib/tinyusb/src/device/usbd_control.c.o
                0x10003428                usbd_control_set_complete_callback
 .text.usbd_control_set_request
                0x10003434       0x1c CMakeFiles/stepper.dir/Users/andrew/pico/pico-sdk/lib/tinyusb/src/device/usbd_control.c.o
                0x10003434                usbd_control_set_request
 .text.usbd_control_xfer_cb
                0x10003450       0xe8 CMakeFiles/stepper.dir/Users/andrew/pico/pico-sdk/lib/tinyusb/src/device/usbd_control.c.o
                0x10003450                usbd_control_xfer_cb
 .text._prep_out_transaction.isra.0
                0x10003538       0x6c CMakeFiles/stepper.dir/Users/andrew/pico/pico-sdk/lib/tinyusb/src/class/cdc/cdc_device.c.o
 .text.tud_cdc_n_connected
                0x100035a4       0x2c CMakeFiles/stepper.dir/Users/andrew/pico/pico-sdk/lib/tinyusb/src/class/cdc/cdc_device.c.o
                0x100035a4                tud_cdc_n_connected
 .text.tud_cdc_n_available
                0x100035d0       0x14 CMakeFiles/stepper.dir/Users/andrew/pico/pico-sdk/lib/tinyusb/src/class/cdc/cdc_device.c.o
                0x100035d0                tud_cdc_n_available
 .text.tud_cdc_n_read
                0x100035e4       0x88 CMakeFiles/stepper.dir/Users/andrew/pico/pico-sdk/lib/tinyusb/src/class/cdc/cdc_device.c.o
                0x100035e4                tud_cdc_n_read
 .text.tud_cdc_n_write_flush
                0x1000366c       0x78 CMakeFiles/stepper.dir/Users/andrew/pico/pico-sdk/lib/tinyusb/src/class/cdc/cdc_device.c.o
                0x1000366c                tud_cdc_n_write_flush
 .text.tud_cdc_n_write
                0x100036e4       0x40 CMakeFiles/stepper.dir/Users/andrew/pico/pico-sdk/lib/tinyusb/src/class/cdc/cdc_device.c.o
                0x100036e4                tud_cdc_n_write
 .text.tud_cdc_n_write_available
                0x10003724       0x14 CMakeFiles/stepper.dir/Users/andrew/pico/pico-sdk/lib/tinyusb/src/class/cdc/cdc_device.c.o
                0x10003724                tud_cdc_n_write_available
 .text.cdcd_init
                0x10003738       0x70 CMakeFiles/stepper.dir/Users/andrew/pico/pico-sdk/lib/tinyusb/src/class/cdc/cdc_device.c.o
                0x10003738                cdcd_init
 .text.cdcd_deinit
                0x100037a8       0x30 CMakeFiles/stepper.dir/Users/andrew/pico/pico-sdk/lib/tinyusb/src/class/cdc/cdc_device.c.o
                0x100037a8                cdcd_deinit
 .text.cdcd_reset
                0x100037d8       0x48 CMakeFiles/stepper.dir/Users/andrew/pico/pico-sdk/lib/tinyusb/src/class/cdc/cdc_device.c.o
                0x100037d8                cdcd_reset
 .text.cdcd_open
                0x10003820       0xa8 CMakeFiles/stepper.dir/Users/andrew/pico/pico-sdk/lib/tinyusb/src/class/cdc/cdc_device.c.o
                0x10003820                cdcd_open
 .text.cdcd_control_xfer_cb
                0x100038c8       0xf0 CMakeFiles/stepper.dir/Users/andrew/pico/pico-sdk/lib/tinyusb/src/class/cdc/cdc_device.c.o
                0x100038c8                cdcd_control_xfer_cb
 .text.cdcd_xfer_cb
                0x100039b8       0xf8 CMakeFiles/stepper.dir/Users/andrew/pico/pico-sdk/lib/tinyusb/src/class/cdc/cdc_device.c.o
                0x100039b8                cdcd_xfer_cb
 .text.tusb_rhport_init
                0x10003ab0       0x4c CMakeFiles/stepper.dir/Users/andrew/pico/pico-sdk/lib/tinyusb/src/tusb.c.o
                0x10003ab0                tusb_rhport_init
 .text.tu_edpt_claim
                0x10003afc       0x50 CMakeFiles/stepper.dir/Users/andrew/pico/pico-sdk/lib/tinyusb/src/tusb.c.o
                0x10003afc                tu_edpt_claim
 .text.tu_edpt_release
                0x10003b4c       0x38 CMakeFiles/stepper.dir/Users/andrew/pico/pico-sdk/lib/tinyusb/src/tusb.c.o
                0x10003b4c                tu_edpt_release
 .text.tu_edpt_validate
                0x10003b84       0x74 CMakeFiles/stepper.dir/Users/andrew/pico/pico-sdk/lib/tinyusb/src/tusb.c.o
                0x10003b84                tu_edpt_validate
 .text.tu_edpt_bind_driver
                0x10003bf8       0x34 CMakeFiles/stepper.dir/Users/andrew/pico/pico-sdk/lib/tinyusb/src/tusb.c.o
                0x10003bf8                tu_edpt_bind_driver
 .text.tu_fifo_config
                0x10003c2c       0x6c CMakeFiles/stepper.dir/Users/andrew/pico/pico-sdk/lib/tinyusb/src/common/tusb_fifo.c.o
                0x10003c2c                tu_fifo_config
 .text.tu_fifo_count
                0x10003c98       0x2c CMakeFiles/stepper.dir/Users/andrew/pico/pico-sdk/lib/tinyusb/src/common/tusb_fifo.c.o
                0x10003c98                tu_fifo_count
 .text.tu_fifo_empty
                0x10003cc4       0x10 CMakeFiles/stepper.dir/Users/andrew/pico/pico-sdk/lib/tinyusb/src/common/tusb_fifo.c.o
                0x10003cc4                tu_fifo_empty
 .text.tu_fifo_remaining
                0x10003cd4       0x2c CMakeFiles/stepper.dir/Users/andrew/pico/pico-sdk/lib/tinyusb/src/common/tusb_fifo.c.o
                0x10003cd4                tu_fifo_remaining
 .text.tu_fifo_read
                0x10003d00       0x9c CMakeFiles/stepper.dir/Users/andrew/pico/pico-sdk/lib/tinyusb/src/common/tusb_fifo.c.o
                0x10003d00                tu_fifo_read
 .text.tu_fifo_read_n
                0x10003d9c       0xec CMakeFiles/stepper.dir/Users/andrew/pico/pico-sdk/lib/tinyusb/src/common/tusb_fifo.c.o
                0x10003d9c                tu_fifo_read_n
 .text.tu_fifo_write
                0x10003e88       0xa4 CMakeFiles/stepper.dir/Users/andrew/pico/pico-sdk/lib/tinyusb/src/common/tusb_fifo.c.o
                0x10003e88                tu_fifo_write
 .text.tu_fifo_write_n
                0x10003f2c      0x168 CMakeFiles/stepper.dir/Users/andrew/pico/pico-sdk/lib/tinyusb/src/common/tusb_fifo.c.o
                0x10003f2c                tu_fifo_write_n
 .text.tu_fifo_clear
                0x10004094       0x40 CMakeFiles/stepper.dir/Users/andrew/pico/pico-sdk/lib/tinyusb/src/common/tusb_fifo.c.o
                0x10004094                tu_fifo_clear
 .text.tu_fifo_set_overwritable
                0x100040d4       0x48 CMakeFiles/stepper.dir/Users/andrew/pico/pico-sdk/lib/tinyusb/src/common/tusb_fifo.c.o
                0x100040d4                tu_fifo_set_overwritable
 .text.strlen   0x1000411c       0x60 /Applications/ArmGNUToolchain/15.3.rel1/arm-none-eabi/bin/../lib/gcc/arm-none-eabi/15.3.1/../../../../arm-none-eabi/lib/thumb/v6-m/nofp/libg.a(libc_a-strlen-stub.o)
                0x1000411c                strlen
 *fill*         0x1000417c        0x4 
 .text.strlen.__stub
                0x10004180       0xb0 linker stubs
 *(.fini)
 *crtbegin.o(.ctors)
 *crtbegin?.o(.ctors)
 *(EXCLUDE_FILE(*crtend.o *crtend?.o) .ctors)
 *(SORT_BY_NAME(.ctors.*))
 *(.ctors)
 *crtbegin.o(.dtors)
 *crtbegin?.o(.dtors)
 *(EXCLUDE_FILE(*crtend.o *crtend?.o) .dtors)
 *(SORT_BY_NAME(.dtors.*))
 *(.dtors)
                0x10004230                        . = ALIGN (0x4)
                [!provide]                        PROVIDE (__bothinit_array_start = .)
                0x10004230                        PROVIDE (__preinit_array_start = .)
 *(SORT_BY_NAME(.preinit_array.*))
 .preinit_array.00100
                0x10004230        0x4 CMakeFiles/stepper.dir/Users/andrew/pico/pico-sdk/src/rp2_common/pico_runtime_init/runtime_init.c.o
                0x10004230                __pre_init_runtime_init_early_resets
 .preinit_array.00101
                0x10004234        0x4 CMakeFiles/stepper.dir/Users/andrew/pico/pico-sdk/src/rp2_common/pico_runtime_init/runtime_init.c.o
                0x10004234                __pre_init_runtime_init_usb_power_down
 .preinit_array.00275
                0x10004238        0x4 CMakeFiles/stepper.dir/Users/andrew/pico/pico-sdk/src/rp2_common/pico_bit_ops/bit_ops_aeabi.S.o
 .preinit_array.00300
                0x1000423c        0x4 CMakeFiles/stepper.dir/Users/andrew/pico/pico-sdk/src/rp2_common/pico_mem_ops/mem_ops_aeabi.S.o
 .preinit_array.00350
                0x10004240        0x4 CMakeFiles/stepper.dir/Users/andrew/pico/pico-sdk/src/rp2_common/pico_double/double_aeabi_rp2040.S.o
 .preinit_array.00350
                0x10004244        0x4 CMakeFiles/stepper.dir/Users/andrew/pico/pico-sdk/src/rp2_common/pico_float/float_aeabi_rp2040.S.o
 .preinit_array.00500
                0x10004248        0x4 CMakeFiles/stepper.dir/Users/andrew/pico/pico-sdk/src/rp2_common/pico_runtime_init/runtime_init.c.o
                0x10004248                __pre_init_runtime_init_clocks
 .preinit_array.00600
                0x1000424c        0x4 CMakeFiles/stepper.dir/Users/andrew/pico/pico-sdk/src/rp2_common/pico_runtime_init/runtime_init.c.o
                0x1000424c                __pre_init_runtime_init_post_clock_resets
 .preinit_array.00700
                0x10004250        0x4 CMakeFiles/stepper.dir/Users/andrew/pico/pico-sdk/src/rp2_common/pico_runtime_init/runtime_init.c.o
                0x10004250                __pre_init_runtime_init_rp2040_gpio_ie_disable
 .preinit_array.01000
                0x10004254        0x4 CMakeFiles/stepper.dir/Users/andrew/pico/pico-sdk/src/rp2_common/pico_runtime_init/runtime_init.c.o
                0x10004254                __pre_init_runtime_init_spin_locks_reset
 .preinit_array.01100
                0x10004258        0x4 CMakeFiles/stepper.dir/Users/andrew/pico/pico-sdk/src/common/pico_sync/mutex.c.o
                0x10004258                __pre_init_runtime_init_mutex
 .preinit_array.10080
                0x1000425c        0x4 CMakeFiles/stepper.dir/Users/andrew/pico/pico-sdk/src/rp2_common/pico_runtime_init/runtime_init.c.o
                0x1000425c                __pre_init_runtime_init_install_ram_vector_table
 .preinit_array.11000
                0x10004260        0x4 CMakeFiles/stepper.dir/Users/andrew/pico/pico-sdk/src/common/pico_time/time.c.o
                0x10004260                __pre_init_runtime_init_default_alarm_pool
 .preinit_array.YYYYY
                0x10004264        0x4 CMakeFiles/stepper.dir/Users/andrew/pico/pico-sdk/src/rp2_common/pico_runtime/runtime.c.o
                0x10004264                __pre_init_first_per_core_initializer
 .preinit_array.ZZZZZ.01200
                0x10004268        0x4 CMakeFiles/stepper.dir/Users/andrew/pico/pico-sdk/src/rp2_common/hardware_irq/irq.c.o
                0x10004268                __pre_init_runtime_init_per_core_irq_priorities
 *(.preinit_array)
                0x1000426c                        PROVIDE (__preinit_array_end = .)
                0x1000426c                        . = ALIGN (0x4)
                0x1000426c                        PROVIDE (__init_array_start = .)
 *(SORT_BY_NAME(.init_array.*))
 .init_array.01000
                0x1000426c        0x4 CMakeFiles/stepper.dir/Users/andrew/pico/pico-sdk/src/rp2_common/pico_unique_id/unique_id.c.o
 *(.init_array)
                0x10004270                        PROVIDE (__init_array_end = .)
                [!provide]                        PROVIDE (__bothinit_array_end = .)
                0x10004270                        . = ALIGN (0x4)
                [!provide]                        PROVIDE (__fini_array_start = .)
 *(SORT_BY_NAME(.fini_array.*))
 *(.fini_array)
                [!provide]                        PROVIDE (__fini_array_end = .)
                [!provide]                        PROVIDE (__dso_handle = 0x0)
 *(.eh_frame*)
                0x10004270                        . = ALIGN (0x4)

.glue_7         0x10004270        0x0
 .glue_7        0x10004270        0x0 linker stubs

.glue_7t        0x10004270        0x0
 .glue_7t       0x10004270        0x0 linker stubs

.vfp11_veneer   0x10004270        0x0
 .vfp11_veneer  0x10004270        0x0 linker stubs

.v4_bx          0x10004270        0x0
 .v4_bx         0x10004270        0x0 linker stubs

.iplt           0x10004270        0x0
 .iplt          0x10004270        0x0 CMakeFiles/stepper.dir/stepper.c.o

.rodata         0x10004270      0x470
 *(EXCLUDE_FILE(*libm.a: *lib*_a-mem*.o *libc.a: *libgcc.a:) .rodata*)
 .rodata.main.str1.4
                0x10004270      0x1d8 CMakeFiles/stepper.dir/stepper.c.o
                                 0x88 (size before relaxing)
 .rodata.panic.str1.4
                0x10004448        0x0 CMakeFiles/stepper.dir/Users/andrew/pico/pico-sdk/src/rp2_common/pico_platform_panic/panic.c.o
                                 0x11 (size before relaxing)
 .rodata.spin_lock_claim_unused.str1.4
                0x10004448        0x0 CMakeFiles/stepper.dir/Users/andrew/pico/pico-sdk/src/rp2_common/hardware_sync/sync.c.o
                                 0x1b (size before relaxing)
 .rodata.user_irq_claim_unused.str1.4
                0x10004448        0x0 CMakeFiles/stepper.dir/Users/andrew/pico/pico-sdk/src/rp2_common/hardware_irq/irq.c.o
                                 0x1b (size before relaxing)
 .rodata.timer_hardware_alarm_claim.str1.4
                0x10004448        0x0 CMakeFiles/stepper.dir/Users/andrew/pico/pico-sdk/src/rp2_common/hardware_timer/timer.c.o
                                 0x22 (size before relaxing)
 .rodata.hard_assertion_failure.str1.4
                0x10004448        0x0 CMakeFiles/stepper.dir/Users/andrew/pico/pico-sdk/src/rp2_common/pico_runtime/runtime.c.o
                                  0xc (size before relaxing)
 .rodata.str1.4
                0x10004448        0x0 CMakeFiles/stepper.dir/Users/andrew/pico/pico-sdk/src/rp2_common/pico_standard_binary_info/standard_binary_info.c.o
                                 0x3c (size before relaxing)
 .rodata.__bi_84
                0x10004448        0xc CMakeFiles/stepper.dir/Users/andrew/pico/pico-sdk/src/rp2_common/pico_standard_binary_info/standard_binary_info.c.o
 .rodata.__bi_78
                0x10004454        0xc CMakeFiles/stepper.dir/Users/andrew/pico/pico-sdk/src/rp2_common/pico_standard_binary_info/standard_binary_info.c.o
 .rodata.__bi_54
                0x10004460        0xc CMakeFiles/stepper.dir/Users/andrew/pico/pico-sdk/src/rp2_common/pico_standard_binary_info/standard_binary_info.c.o
 .rodata.__bi_48
                0x1000446c        0xc CMakeFiles/stepper.dir/Users/andrew/pico/pico-sdk/src/rp2_common/pico_standard_binary_info/standard_binary_info.c.o
 .rodata.__bi_42
                0x10004478        0xc CMakeFiles/stepper.dir/Users/andrew/pico/pico-sdk/src/rp2_common/pico_standard_binary_info/standard_binary_info.c.o
 .rodata.__bi_34
                0x10004484        0xc CMakeFiles/stepper.dir/Users/andrew/pico/pico-sdk/src/rp2_common/pico_standard_binary_info/standard_binary_info.c.o
 .rodata.__bi_26
                0x10004490        0xc CMakeFiles/stepper.dir/Users/andrew/pico/pico-sdk/src/rp2_common/pico_standard_binary_info/standard_binary_info.c.o
 .rodata.crlf_str.0
                0x1000449c        0x2 CMakeFiles/stepper.dir/Users/andrew/pico/pico-sdk/src/rp2_common/pico_stdio/stdio.c.o
 .rodata.str1.4
                0x1000449e        0x0 CMakeFiles/stepper.dir/Users/andrew/pico/pico-sdk/src/rp2_common/pico_stdio_usb/stdio_usb.c.o
                                 0x13 (size before relaxing)
 *fill*         0x1000449e        0x2 
 .rodata.__bi_204.0
                0x100044a0        0xc CMakeFiles/stepper.dir/Users/andrew/pico/pico-sdk/src/rp2_common/pico_stdio_usb/stdio_usb.c.o
 .rodata.str1.4
                0x100044ac        0x0 CMakeFiles/stepper.dir/Users/andrew/pico/pico-sdk/src/rp2_common/pico_stdio_usb/stdio_usb_descriptors.c.o
                                 0x2a (size before relaxing)
 .rodata.usbd_desc_str
                0x100044ac       0x18 CMakeFiles/stepper.dir/Users/andrew/pico/pico-sdk/src/rp2_common/pico_stdio_usb/stdio_usb_descriptors.c.o
 .rodata.usbd_desc_cfg
                0x100044c4       0x54 CMakeFiles/stepper.dir/Users/andrew/pico/pico-sdk/src/rp2_common/pico_stdio_usb/stdio_usb_descriptors.c.o
 .rodata.usbd_desc_device
                0x10004518       0x12 CMakeFiles/stepper.dir/Users/andrew/pico/pico-sdk/src/rp2_common/pico_stdio_usb/stdio_usb_descriptors.c.o
 *fill*         0x1000452a        0x2 
 .rodata.desc_ms_os_20
                0x1000452c       0xa6 CMakeFiles/stepper.dir/Users/andrew/pico/pico-sdk/src/rp2_common/pico_usb_reset/usb_reset.c.o
 *fill*         0x100045d2        0x2 
 .rodata.desc_bos
                0x100045d4       0x21 CMakeFiles/stepper.dir/Users/andrew/pico/pico-sdk/src/rp2_common/pico_usb_reset/usb_reset.c.o
                0x100045d4                desc_bos
 *fill*         0x100045f5        0x3 
 .rodata.usb_reset_interface_driver
                0x100045f8       0x20 CMakeFiles/stepper.dir/Users/andrew/pico/pico-sdk/src/rp2_common/pico_usb_reset/usb_reset.c.o
 .rodata.str1.4
                0x10004618        0x0 CMakeFiles/stepper.dir/Users/andrew/pico/pico-sdk/lib/tinyusb/src/portable/raspberrypi/rp2040/dcd_rp2040.c.o
                                 0x14 (size before relaxing)
 .rodata.str1.4
                0x10004618        0x0 CMakeFiles/stepper.dir/Users/andrew/pico/pico-sdk/lib/tinyusb/src/portable/raspberrypi/rp2040/rp2040_usb.c.o
                                 0x48 (size before relaxing)
 .rodata.tud_task_ext
                0x10004618       0x8c CMakeFiles/stepper.dir/Users/andrew/pico/pico-sdk/lib/tinyusb/src/device/usbd.c.o
 .rodata        0x100046a4       0x1c CMakeFiles/stepper.dir/Users/andrew/pico/pico-sdk/lib/tinyusb/src/device/usbd.c.o
 .rodata._usbd_driver
                0x100046c0       0x20 CMakeFiles/stepper.dir/Users/andrew/pico/pico-sdk/lib/tinyusb/src/device/usbd.c.o
 *(.srodata*)
                0x100046e0                        . = ALIGN (0x4)
 *(SORT_BY_ALIGNMENT(SORT_BY_NAME(.flashdata*)))
                0x100046e0                        . = ALIGN (0x4)

.ARM.extab
 *(.ARM.extab* .gnu.linkonce.armextab.*)
                0x100046e0                        __exidx_start = .

.ARM.exidx
 *(.ARM.exidx* .gnu.linkonce.armexidx.*)
                0x100046e0                        __exidx_end = .
                0x100046e0                        . = ALIGN (0x4)
                0x100046e0                        __binary_info_start = .

.binary_info    0x100046e0       0x20
 *(.binary_info.keep.*)
 .binary_info.keep.__bi_ptr84
                0x100046e0        0x4 CMakeFiles/stepper.dir/Users/andrew/pico/pico-sdk/src/rp2_common/pico_standard_binary_info/standard_binary_info.c.o
 .binary_info.keep.__bi_ptr78
                0x100046e4        0x4 CMakeFiles/stepper.dir/Users/andrew/pico/pico-sdk/src/rp2_common/pico_standard_binary_info/standard_binary_info.c.o
 .binary_info.keep.__bi_ptr54
                0x100046e8        0x4 CMakeFiles/stepper.dir/Users/andrew/pico/pico-sdk/src/rp2_common/pico_standard_binary_info/standard_binary_info.c.o
 .binary_info.keep.__bi_ptr48
                0x100046ec        0x4 CMakeFiles/stepper.dir/Users/andrew/pico/pico-sdk/src/rp2_common/pico_standard_binary_info/standard_binary_info.c.o
 .binary_info.keep.__bi_ptr42
                0x100046f0        0x4 CMakeFiles/stepper.dir/Users/andrew/pico/pico-sdk/src/rp2_common/pico_standard_binary_info/standard_binary_info.c.o
 .binary_info.keep.__bi_ptr34
                0x100046f4        0x4 CMakeFiles/stepper.dir/Users/andrew/pico/pico-sdk/src/rp2_common/pico_standard_binary_info/standard_binary_info.c.o
 .binary_info.keep.__bi_ptr26
                0x100046f8        0x4 CMakeFiles/stepper.dir/Users/andrew/pico/pico-sdk/src/rp2_common/pico_standard_binary_info/standard_binary_info.c.o
 *(.binary_info.*)
 .binary_info.__bi_ptr204
                0x100046fc        0x4 CMakeFiles/stepper.dir/Users/andrew/pico/pico-sdk/src/rp2_common/pico_stdio_usb/stdio_usb.c.o
                0x10004700                        __binary_info_end = .
                0x10004700                        . = ALIGN (0x4)

.xip_ram        0x15000000        0x0 load address 0x10004700
                0x15000000                        __xip_ram_start__ = .
                0x15000000                        . = ALIGN (0x4)
 *(.xip_ram*)
                0x15000000                        . = ALIGN (0x4)
                0x15000000                        __xip_ram_end__ = .
                0x10004700                        __xip_ram_source__ = LOADADDR (.xip_ram)

.ram_vector_table
                0x20000000       0xc0
 *(.ram_vector_table)
 .ram_vector_table
                0x20000000       0xc0 CMakeFiles/stepper.dir/Users/andrew/pico/pico-sdk/src/rp2_common/pico_runtime_init/runtime_init.c.o
                0x20000000                ram_vector_table

.uninitialized_data
                0x200000c0        0x0
                0x200000c0                        . = ALIGN (0x4)
 *(.uninitialized_data*)

.data           0x200000c0      0xf70 load address 0x10004700
                0x200000c0                        __data_start__ = .
 *(vtable)
 *(.time_critical*)
 .time_critical.mutex_try_enter
                0x200000c0       0x40 CMakeFiles/stepper.dir/Users/andrew/pico/pico-sdk/src/common/pico_sync/mutex.c.o
                0x200000c0                mutex_try_enter
 .time_critical.mutex_enter_block_until
                0x20000100       0x64 CMakeFiles/stepper.dir/Users/andrew/pico/pico-sdk/src/common/pico_sync/mutex.c.o
                0x20000100                mutex_enter_block_until
 .time_critical.mutex_try_enter_block_until
                0x20000164       0x34 CMakeFiles/stepper.dir/Users/andrew/pico/pico-sdk/src/common/pico_sync/mutex.c.o
                0x20000164                mutex_try_enter_block_until
 .time_critical.mutex_enter_timeout_ms
                0x20000198       0x3c CMakeFiles/stepper.dir/Users/andrew/pico/pico-sdk/src/common/pico_sync/mutex.c.o
                0x20000198                mutex_enter_timeout_ms
 .time_critical.mutex_exit
                0x200001d4       0x28 CMakeFiles/stepper.dir/Users/andrew/pico/pico-sdk/src/common/pico_sync/mutex.c.o
                0x200001d4                mutex_exit
 .time_critical.flash_init_boot2_copyout
                0x200001fc       0x30 CMakeFiles/stepper.dir/Users/andrew/pico/pico-sdk/src/rp2_common/hardware_flash/flash.c.o
 .time_critical.flash_enable_xip_via_boot2
                0x2000022c        0xc CMakeFiles/stepper.dir/Users/andrew/pico/pico-sdk/src/rp2_common/hardware_flash/flash.c.o
 .time_critical.flash_save_hardware_state
                0x20000238       0x28 CMakeFiles/stepper.dir/Users/andrew/pico/pico-sdk/src/rp2_common/hardware_flash/flash.c.o
 .time_critical.flash_restore_hardware_state
                0x20000260       0x28 CMakeFiles/stepper.dir/Users/andrew/pico/pico-sdk/src/rp2_common/hardware_flash/flash.c.o
 .time_critical.flash_do_cmd_cs
                0x20000288      0x148 CMakeFiles/stepper.dir/Users/andrew/pico/pico-sdk/src/rp2_common/hardware_flash/flash.c.o
                0x20000288                flash_do_cmd_cs
 .time_critical.reset_non_control_endpoints
                0x200003d0       0x68 CMakeFiles/stepper.dir/Users/andrew/pico/pico-sdk/lib/tinyusb/src/portable/raspberrypi/rp2040/dcd_rp2040.c.o
 .time_critical.hw_handle_buff_status
                0x20000438       0x88 CMakeFiles/stepper.dir/Users/andrew/pico/pico-sdk/lib/tinyusb/src/portable/raspberrypi/rp2040/dcd_rp2040.c.o
 .time_critical.dcd_rp2040_irq
                0x200004c0      0x53c CMakeFiles/stepper.dir/Users/andrew/pico/pico-sdk/lib/tinyusb/src/portable/raspberrypi/rp2040/dcd_rp2040.c.o
 .time_critical.prepare_ep_buffer
                0x200009fc       0xc4 CMakeFiles/stepper.dir/Users/andrew/pico/pico-sdk/lib/tinyusb/src/portable/raspberrypi/rp2040/rp2040_usb.c.o
 .time_critical.sync_ep_buffer
                0x20000ac0       0xa0 CMakeFiles/stepper.dir/Users/andrew/pico/pico-sdk/lib/tinyusb/src/portable/raspberrypi/rp2040/rp2040_usb.c.o
 .time_critical._hw_endpoint_xfer_sync
                0x20000b60       0x28 CMakeFiles/stepper.dir/Users/andrew/pico/pico-sdk/lib/tinyusb/src/portable/raspberrypi/rp2040/rp2040_usb.c.o
 .time_critical.e15_is_bulkin_ep
                0x20000b88       0x28 CMakeFiles/stepper.dir/Users/andrew/pico/pico-sdk/lib/tinyusb/src/portable/raspberrypi/rp2040/rp2040_usb.c.o
 .time_critical.e15_is_critical_frame_period
                0x20000bb0       0x30 CMakeFiles/stepper.dir/Users/andrew/pico/pico-sdk/lib/tinyusb/src/portable/raspberrypi/rp2040/rp2040_usb.c.o
 .time_critical.hw_endpoint_reset_transfer
                0x20000be0        0xc CMakeFiles/stepper.dir/Users/andrew/pico/pico-sdk/lib/tinyusb/src/portable/raspberrypi/rp2040/rp2040_usb.c.o
                0x20000be0                hw_endpoint_reset_transfer
 .time_critical._hw_endpoint_buffer_control_update32
                0x20000bec       0x50 CMakeFiles/stepper.dir/Users/andrew/pico/pico-sdk/lib/tinyusb/src/portable/raspberrypi/rp2040/rp2040_usb.c.o
                0x20000bec                _hw_endpoint_buffer_control_update32
 .time_critical.hw_endpoint_start_next_buffer
                0x20000c3c       0x68 CMakeFiles/stepper.dir/Users/andrew/pico/pico-sdk/lib/tinyusb/src/portable/raspberrypi/rp2040/rp2040_usb.c.o
                0x20000c3c                hw_endpoint_start_next_buffer
 .time_critical.hw_endpoint_xfer_continue
                0x20000ca4       0x40 CMakeFiles/stepper.dir/Users/andrew/pico/pico-sdk/lib/tinyusb/src/portable/raspberrypi/rp2040/rp2040_usb.c.o
                0x20000ca4                hw_endpoint_xfer_continue
 .time_critical.tinyusb
                0x20000ce4      0x1d4 CMakeFiles/stepper.dir/Users/andrew/pico/pico-sdk/lib/tinyusb/src/device/usbd.c.o
                0x20000ce4                dcd_event_handler
 *(.text*)
 .text          0x20000eb8        0x4 /Applications/ArmGNUToolchain/15.3.rel1/arm-none-eabi/bin/../lib/gcc/arm-none-eabi/15.3.1/thumb/v6-m/nofp/libgcc.a(_dvmd_tls.o)
                0x20000eb8                __aeabi_ldiv0
                0x20000eb8                __aeabi_idiv0
 *fill*         0x20000ebc        0x4 
 .text.__stub   0x20000ec0       0x80 linker stubs
                0x20000f40                        . = ALIGN (0x4)
 *(.rodata*)
                0x20000f40                        . = ALIGN (0x4)
                [!provide]                        PROVIDE (__emutls_array_start = .)
 *(.*.__emutls_v.*)
                [!provide]                        PROVIDE (__emutls_array_end = .)
                0x20000f40                        . = ALIGN (0x4)
 *(.data*)
 .data.striped_spin_lock_num
                0x20000f40        0x1 CMakeFiles/stepper.dir/Users/andrew/pico/pico-sdk/src/rp2_common/hardware_sync/sync.c.o
 *fill*         0x20000f41        0x3 
 .data          0x20000f44       0x60 CMakeFiles/stepper.dir/Users/andrew/pico/pico-sdk/src/rp2_common/hardware_irq/irq_handler_chain.S.o
                0x20000f44                irq_handler_chain_slots
                0x20000f8c                irq_handler_chain_first_slot
                0x20000f96                irq_handler_chain_remove_tail
 *fill*         0x20000fa4        0x4 
 .data.last_added.0
                0x20000fa8        0x8 CMakeFiles/stepper.dir/Users/andrew/pico/pico-sdk/src/common/pico_time/time.c.o
 .data.default_alarm_pool
                0x20000fb0       0x18 CMakeFiles/stepper.dir/Users/andrew/pico/pico-sdk/src/common/pico_time/time.c.o
 *fill*         0x20000fc8        0x8 
 .data.aeabi_bits_funcs
                0x20000fd0       0x10 CMakeFiles/stepper.dir/Users/andrew/pico/pico-sdk/src/rp2_common/pico_bit_ops/bit_ops_aeabi.S.o
                0x20000fd0                aeabi_bits_funcs
                0x20000fe0                aeabi_bits_funcs_end
 .data.aeabi_mem_funcs
                0x20000fe0       0x10 CMakeFiles/stepper.dir/Users/andrew/pico/pico-sdk/src/rp2_common/pico_mem_ops/mem_ops_aeabi.S.o
                0x20000fe0                aeabi_mem_funcs
                0x20000ff0                aeabi_mem_funcs_end
 .data.stdio_usb
                0x20000ff0       0x18 CMakeFiles/stepper.dir/Users/andrew/pico/pico-sdk/src/rp2_common/pico_stdio_usb/stdio_usb.c.o
                0x20000ff0                stdio_usb
 .data._usbd_qdef
                0x20001008       0x1c CMakeFiles/stepper.dir/Users/andrew/pico/pico-sdk/lib/tinyusb/src/device/usbd.c.o
                0x20001008                _usbd_qdef
 .data._usbd_rhport
                0x20001024        0x1 CMakeFiles/stepper.dir/Users/andrew/pico/pico-sdk/lib/tinyusb/src/device/usbd.c.o
 *(.sdata*)
                0x20001028                        . = ALIGN (0x4)
 *fill*         0x20001025        0x3 
 *(.after_data.*)
                0x20001028                        . = ALIGN (0x4)
                0x20001028                        PROVIDE (__mutex_array_start = .)
 *(SORT_BY_NAME(.mutex_array.*))
 *(.mutex_array)
 .mutex_array   0x20001028        0x8 CMakeFiles/stepper.dir/Users/andrew/pico/pico-sdk/src/rp2_common/pico_stdio/stdio.c.o
                0x20001030                        PROVIDE (__mutex_array_end = .)
 *(.jcr)
                0x20001030                        . = ALIGN (0x4)

.igot.plt       0x20001030        0x0 load address 0x10005670
 .igot.plt      0x20001030        0x0 CMakeFiles/stepper.dir/stepper.c.o

.tdata          0x20001030        0x0 load address 0x10005670
                0x20001030                        . = ALIGN (0x4)
 *(.tdata .tdata.* .gnu.linkonce.td.*)
                0x20001030                        __tdata_end = .
                0x20001030                        PROVIDE (__data_end__ = .)
                0x10004700                        __etext = LOADADDR (.data)
                0x20001030                        . = ALIGN (0x4)

.tbss           0x20001030        0x0 load address 0x10005670
                0x20001030                        __bss_start__ = .
                0x20001030                        __tls_base = .
 *(.tbss .tbss.* .gnu.linkonce.tb.*)
 *(.tcommon)
                0x20001030                        . = ALIGN (0x4)
                0x20001030                        __tls_end = .

.tbss_space     0x20001030        0x0 load address 0x10005670
                0x20001030                        . = (__bss_start__ + SIZEOF (.tbss))

.bss            0x20001030      0xc18 load address 0x10005670
                0x20001030                        . = ALIGN (0x4)
                0x20001030                        __tbss_end = .
 *(SORT_BY_ALIGNMENT(SORT_BY_NAME(.bss*)))
 .bss._cdcd_itf
                0x20001030       0xc8 CMakeFiles/stepper.dir/Users/andrew/pico/pico-sdk/lib/tinyusb/src/class/cdc/cdc_device.c.o
 .bss.default_alarm_pool_entries
                0x200010f8      0x180 CMakeFiles/stepper.dir/Users/andrew/pico/pico-sdk/src/common/pico_time/time.c.o
 .bss.last_avail_time.1
                0x20001278        0x8 CMakeFiles/stepper.dir/Users/andrew/pico/pico-sdk/src/rp2_common/pico_stdio_usb/stdio_usb.c.o
 .bss.sd_table  0x20001280      0x100 CMakeFiles/stepper.dir/Users/andrew/pico/pico-sdk/src/rp2_common/pico_double/double_init_rom_rp2040.c.o
                0x20001280                sd_table
 .bss.sf_table  0x20001380      0x100 CMakeFiles/stepper.dir/Users/andrew/pico/pico-sdk/src/rp2_common/pico_float/float_init_rom_rp2040.c.o
                0x20001380                sf_table
 .bss._app_driver
                0x20001480        0x4 CMakeFiles/stepper.dir/Users/andrew/pico/pico-sdk/lib/tinyusb/src/device/usbd.c.o
 .bss._cdcd_epbuf
                0x20001484       0x80 CMakeFiles/stepper.dir/Users/andrew/pico/pico-sdk/lib/tinyusb/src/class/cdc/cdc_device.c.o
 .bss._cdcd_fifo_cfg
                0x20001504        0x1 CMakeFiles/stepper.dir/Users/andrew/pico/pico-sdk/lib/tinyusb/src/class/cdc/cdc_device.c.o
 *fill*         0x20001505        0x3 
 .bss._ctrl_epbuf
                0x20001508       0x40 CMakeFiles/stepper.dir/Users/andrew/pico/pico-sdk/lib/tinyusb/src/device/usbd_control.c.o
 .bss._ctrl_xfer
                0x20001548       0x14 CMakeFiles/stepper.dir/Users/andrew/pico/pico-sdk/lib/tinyusb/src/device/usbd_control.c.o
 .bss._tusb_rhport_role
                0x2000155c        0x2 CMakeFiles/stepper.dir/Users/andrew/pico/pico-sdk/lib/tinyusb/src/tusb.c.o
                0x2000155c                _tusb_rhport_role
 *fill*         0x2000155e        0x2 
 .bss._ubsd_mutexdef
                0x20001560        0x8 CMakeFiles/stepper.dir/Users/andrew/pico/pico-sdk/lib/tinyusb/src/device/usbd.c.o
 .bss._usbd_dev
                0x20001568       0x54 CMakeFiles/stepper.dir/Users/andrew/pico/pico-sdk/lib/tinyusb/src/device/usbd.c.o
 .bss._usbd_mutex
                0x200015bc        0x4 CMakeFiles/stepper.dir/Users/andrew/pico/pico-sdk/lib/tinyusb/src/device/usbd.c.o
 .bss._usbd_q   0x200015c0        0x4 CMakeFiles/stepper.dir/Users/andrew/pico/pico-sdk/lib/tinyusb/src/device/usbd.c.o
 .bss._usbd_qdef_buf
                0x200015c4       0xc0 CMakeFiles/stepper.dir/Users/andrew/pico/pico-sdk/lib/tinyusb/src/device/usbd.c.o
                0x200015c4                _usbd_qdef_buf
 .bss.boot2_copyout
                0x20001684      0x100 CMakeFiles/stepper.dir/Users/andrew/pico/pico-sdk/src/rp2_common/hardware_flash/flash.c.o
 .bss.chars_available_callback
                0x20001784        0x4 CMakeFiles/stepper.dir/Users/andrew/pico/pico-sdk/src/rp2_common/pico_stdio_usb/stdio_usb.c.o
 .bss.chars_available_param
                0x20001788        0x4 CMakeFiles/stepper.dir/Users/andrew/pico/pico-sdk/src/rp2_common/pico_stdio_usb/stdio_usb.c.o
 .bss.claimed   0x2000178c        0x4 CMakeFiles/stepper.dir/Users/andrew/pico/pico-sdk/src/rp2_common/hardware_sync/sync.c.o
 .bss.claimed   0x20001790        0x1 CMakeFiles/stepper.dir/Users/andrew/pico/pico-sdk/src/rp2_common/hardware_timer/timer.c.o
 *fill*         0x20001791        0x3 
 .bss.configured_freq
                0x20001794       0x28 CMakeFiles/stepper.dir/Users/andrew/pico/pico-sdk/src/rp2_common/hardware_clocks/clocks.c.o
 .bss.desc_str.0
                0x200017bc       0x28 CMakeFiles/stepper.dir/Users/andrew/pico/pico-sdk/src/rp2_common/pico_stdio_usb/stdio_usb_descriptors.c.o
 .bss.drivers   0x200017e4        0x4 CMakeFiles/stepper.dir/Users/andrew/pico/pico-sdk/src/rp2_common/pico_stdio/stdio.c.o
 .bss.e15_last_sof
                0x200017e8        0x4 CMakeFiles/stepper.dir/Users/andrew/pico/pico-sdk/lib/tinyusb/src/portable/raspberrypi/rp2040/rp2040_usb.c.o
                0x200017e8                e15_last_sof
 .bss.filter    0x200017ec        0x4 CMakeFiles/stepper.dir/Users/andrew/pico/pico-sdk/src/rp2_common/pico_stdio/stdio.c.o
 .bss.hw_endpoints
                0x200017f0      0x400 CMakeFiles/stepper.dir/Users/andrew/pico/pico-sdk/lib/tinyusb/src/portable/raspberrypi/rp2040/dcd_rp2040.c.o
 .bss.lazy_vsnprintf
                0x20001bf0        0x4 CMakeFiles/stepper.dir/Users/andrew/pico/pico-sdk/src/rp2_common/pico_printf/printf.c.o
 .bss.load_value
                0x20001bf4        0x4 CMakeFiles/stepper.dir/Users/andrew/pico/pico-sdk/src/rp2_common/hardware_watchdog/watchdog.c.o
 .bss.next_buffer_ptr
                0x20001bf8        0x4 CMakeFiles/stepper.dir/Users/andrew/pico/pico-sdk/lib/tinyusb/src/portable/raspberrypi/rp2040/dcd_rp2040.c.o
 .bss.one_shot_timer_crit_sec
                0x20001bfc        0x8 CMakeFiles/stepper.dir/Users/andrew/pico/pico-sdk/src/rp2_common/pico_stdio_usb/stdio_usb.c.o
 .bss.pools     0x20001c04       0x10 CMakeFiles/stepper.dir/Users/andrew/pico/pico-sdk/src/common/pico_time/time.c.o
 .bss.retrieved_id
                0x20001c14        0x8 CMakeFiles/stepper.dir/Users/andrew/pico/pico-sdk/src/rp2_common/pico_unique_id/unique_id.c.o
 .bss.sf_clz_func
                0x20001c1c        0x4 CMakeFiles/stepper.dir/Users/andrew/pico/pico-sdk/src/rp2_common/pico_double/double_init_rom_rp2040.c.o
                0x20001c1c                sf_clz_func
 .bss.sleep_notifier
                0x20001c20        0x4 CMakeFiles/stepper.dir/Users/andrew/pico/pico-sdk/src/common/pico_time/time.c.o
 .bss.stdio_usb_mutex
                0x20001c24        0x8 CMakeFiles/stepper.dir/Users/andrew/pico/pico-sdk/src/rp2_common/pico_stdio_usb/stdio_usb.c.o
 .bss.usbd_serial_str
                0x20001c2c       0x11 CMakeFiles/stepper.dir/Users/andrew/pico/pico-sdk/src/rp2_common/pico_stdio_usb/stdio_usb_descriptors.c.o
 .bss._app_driver_count
                0x20001c3d        0x1 CMakeFiles/stepper.dir/Users/andrew/pico/pico-sdk/lib/tinyusb/src/device/usbd.c.o
 .bss._sof_enable
                0x20001c3e        0x1 CMakeFiles/stepper.dir/Users/andrew/pico/pico-sdk/lib/tinyusb/src/portable/raspberrypi/rp2040/dcd_rp2040.c.o
 .bss._usbd_queued_setup
                0x20001c3f        0x1 CMakeFiles/stepper.dir/Users/andrew/pico/pico-sdk/lib/tinyusb/src/device/usbd.c.o
 .bss.boot2_copyout_valid
                0x20001c40        0x1 CMakeFiles/stepper.dir/Users/andrew/pico/pico-sdk/src/rp2_common/hardware_flash/flash.c.o
 .bss.irq_handler_chain_free_slot_head
                0x20001c41        0x1 CMakeFiles/stepper.dir/Users/andrew/pico/pico-sdk/src/rp2_common/hardware_irq/irq.c.o
 .bss.itf_num   0x20001c42        0x1 CMakeFiles/stepper.dir/Users/andrew/pico/pico-sdk/src/rp2_common/pico_usb_reset/usb_reset.c.o
 .bss.low_priority_irq_num
                0x20001c43        0x1 CMakeFiles/stepper.dir/Users/andrew/pico/pico-sdk/src/rp2_common/pico_stdio_usb/stdio_usb.c.o
 .bss.one_shot_timer_pending
                0x20001c44        0x1 CMakeFiles/stepper.dir/Users/andrew/pico/pico-sdk/src/rp2_common/pico_stdio_usb/stdio_usb.c.o
 .bss.user_irq_claimed
                0x20001c45        0x1 CMakeFiles/stepper.dir/Users/andrew/pico/pico-sdk/src/rp2_common/hardware_irq/irq.c.o
 *(COMMON)
                [!provide]                        PROVIDE (__global_pointer$ = (. + 0x800))
 *(.sbss*)
                0x20001c48                        . = ALIGN (0x4)
 *fill*         0x20001c46        0x2 
                0x20001c48                        __bss_end__ = .
                [!provide]                        PROVIDE (__tls_start = SIZEOF (.tdata)?ADDR (.tdata):ADDR (.tbss))
                [!provide]                        PROVIDE (__tls_size = (__tls_end - __tls_start))
                0x00000001                        PROVIDE (__tls_align = MAX (ALIGNOF (.tdata), ALIGNOF (.tbss)))
                [!provide]                        PROVIDE (__tls_size_align = ALIGN (__tls_size, __tls_align))
                0x00000008                        PROVIDE (__arm32_tls_tcb_offset = MAX (0x8, __tls_align))
                0x00000000                        PROVIDE (__tdata_size = SIZEOF (.tdata))
                0x10005670                        PROVIDE (__tdata_source = LOADADDR (.tdata))
                0x00000000                        PROVIDE (__tbss_size = SIZEOF (.tbss))
                [!provide]                        PROVIDE (__tbss_offset = (ADDR (.tbss) - __tls_start))

.tlsX_not_needed_marker
 *(.tlsX_not_needed_marker)
                [!provide]                        PROVIDE (__tlsX_align = (SIZEOF (.tlsX_not_needed_marker) > 0x0)?0x4:__tls_align)
                [!provide]                        PROVIDE (__tlsX_size_align = (SIZEOF (.tlsX_not_needed_marker) > 0x0)?0x0:__tls_size_align)
                0x20001030                        __tls_start = DEFINED (__tls_start)?__tls_start:SIZEOF (.tdata)?ADDR (.tdata):ADDR (.tbss)
                0x00000000                        __tls_size = DEFINED (__tls_size)?__tls_size:(__tls_end - __tls_start)
                0x00000001                        __tls_align = DEFINED (__tls_align)?__tls_align:MAX (ALIGNOF (.tdata), ALIGNOF (.tbss))
                0x00000000                        __tls_size_align = DEFINED (__tls_size_align)?__tls_size_align:ALIGN (__tls_size, __tls_align)
                0x00000008                        __arm32_tls_tcb_offset = DEFINED (__arm32_tls_tcb_offset)?__arm32_tls_tcb_offset:MAX (0x8, __tls_align)
                0x00000000                        __tdata_size = DEFINED (__tdata_size)?__tdata_size:SIZEOF (.tdata)
                0x10005670                        __tdata_source = DEFINED (__tdata_source)?__tdata_source:LOADADDR (.tdata)
                0x00000000                        __tbss_size = DEFINED (__tbss_size)?__tbss_size:SIZEOF (.tbss)
                0x00000000                        __tbss_offset = DEFINED (__tbss_offset)?__tbss_offset:(ADDR (.tbss) - __tls_start)
                0x00000001                        __tlsX_align = DEFINED (__tlsX_align)?__tlsX_align:(SIZEOF (.tlsX_not_needed_marker) > 0x0)?0x4:__tls_align
                0x00000000                        __tlsX_size_align = DEFINED (__tlsX_size_align)?__tlsX_size_align:(SIZEOF (.tlsX_not_needed_marker) > 0x0)?0x0:__tls_size_align

.tls0           0x20001c48        0x0 load address 0x10005670
                0x20001c48                        . = ALIGN (__tlsX_align)
                0x20001c48                        PROVIDE (__tls0_base = .)
                0x20001c48                        . = (. + __tlsX_size_align)

.tls1           0x20001c48        0x0 load address 0x10005670
                0x20001c48                        . = ALIGN (__tlsX_align)
                0x20001c48                        PROVIDE (__tls1_base = .)
                0x20001c48                        . = (. + __tlsX_size_align)

.persistent_data
                0x20001c48        0x0 load address 0x10005670
                0x20001c48                        __persistent_data_start__ = .
 *(.persistent_data*)
                0x20001c48                        . = ALIGN (0x4)
                [!provide]                        PROVIDE (__persistent_data_end__ = .)

.dummy_pre_heap
                0x20001c48        0x0 load address 0x10005670
                0x20001c48                        . = .

.heap           0x20001c48      0x800
                0x20001c48                        __end__ = .
                0x20001c48                        end = __end__
 *(.heap*)
 .heap          0x20001c48      0x800 CMakeFiles/stepper.dir/Users/andrew/pico/pico-sdk/src/rp2_common/pico_crt0/crt0.S.o
                0x20040000                        __HeapLimit = DEFINED (HEAP_LIMIT)?HEAP_LIMIT:(ORIGIN (RAM) + LENGTH (RAM))

.scratch_x      0x20040000        0x0 load address 0x10005670
                0x20040000                        __scratch_x_start__ = .
 *(.scratch_x.*)
                0x20040000                        . = ALIGN (0x4)
                0x20040000                        __scratch_x_end__ = .
                0x10005670                        __scratch_x_source__ = LOADADDR (.scratch_x)

.scratch_y      0x20041000        0x0 load address 0x10005670
                0x20041000                        __scratch_y_start__ = .
 *(.scratch_y.*)
                0x20041000                        . = ALIGN (0x4)
                0x20041000                        __scratch_y_end__ = .
                0x10005670                        __scratch_y_source__ = LOADADDR (.scratch_y)

.stack1_dummy
 *(.stack1*)

.stack_dummy    0x20041000      0x800
 *(.stack*)
 .stack         0x20041000      0x800 CMakeFiles/stepper.dir/Users/andrew/pico/pico-sdk/src/rp2_common/pico_crt0/crt0.S.o

.rel.dyn        0x20041800        0x0
 .rel.iplt      0x20041800        0x0 CMakeFiles/stepper.dir/stepper.c.o

.flash_end      0x10005670        0x0
 *(.embedded_end_block*)
                0x10005670                        PROVIDE (__flash_binary_end = .)
                0x20040000                        __StackLimit = (ORIGIN (RAM) + LENGTH (RAM))
                0x20041000                        __StackOneTop = (ORIGIN (SCRATCH_X) + LENGTH (SCRATCH_X))
                0x20042000                        __StackTop = (ORIGIN (SCRATCH_Y) + LENGTH (SCRATCH_Y))
                0x20041000                        __StackOneBottom = (__StackOneTop - SIZEOF (.stack1_dummy))
                0x20041800                        __StackBottom = (__StackTop - SIZEOF (.stack_dummy))
                [!provide]                        PROVIDE (__stack = __StackTop)
                [!provide]                        PROVIDE (__heap_start = __end__)
                [!provide]                        PROVIDE (__heap_end = __HeapLimit)
                0x00000001                        PROVIDE (__tls_align = MAX (ALIGNOF (.tdata), ALIGNOF (.tbss)))
                [!provide]                        PROVIDE (__tls_size_align = (((__tls_size + __tls_align) - 0x1) & ~ ((__tls_align - 0x1))))
                0x00000008                        PROVIDE (__arm32_tls_tcb_offset = MAX (0x8, __tls_align))
                [!provide]                        PROVIDE (_end = __end__)
                [!provide]                        PROVIDE (__llvm_libc_heap_limit = __HeapLimit)
                0x00000001                        ASSERT ((__StackLimit >= __HeapLimit), region RAM overflowed)
                0x00000001                        ASSERT (((__binary_info_header_end - __logical_binary_start) <= 0x100), Binary info must be in first 256 bytes of the binary)
OUTPUT(stepper.elf elf32-littlearm)
LOAD linker stubs

.debug_info     0x00000000    0x2f0a6
 .debug_info    0x00000000      0xd88 CMakeFiles/stepper.dir/stepper.c.o
 .debug_info    0x00000d88     0x2366 CMakeFiles/stepper.dir/Users/andrew/pico/pico-sdk/src/rp2_common/hardware_gpio/gpio.c.o
 .debug_info    0x000030ee      0x12e CMakeFiles/stepper.dir/Users/andrew/pico/pico-sdk/src/rp2040/pico_platform/platform.c.o
 .debug_info    0x0000321c      0x1c4 CMakeFiles/stepper.dir/Users/andrew/pico/pico-sdk/src/rp2_common/pico_platform_panic/panic.c.o
 .debug_info    0x000033e0      0x98a CMakeFiles/stepper.dir/Users/andrew/pico/pico-sdk/src/common/hardware_claim/claim.c.o
 .debug_info    0x00003d6a      0x460 CMakeFiles/stepper.dir/Users/andrew/pico/pico-sdk/src/rp2_common/hardware_sync/sync.c.o
 .debug_info    0x000041ca      0x248 CMakeFiles/stepper.dir/Users/andrew/pico/pico-sdk/src/rp2_common/hardware_sync_spin_lock/sync_spin_lock.c.o
 .debug_info    0x00004412     0x2250 CMakeFiles/stepper.dir/Users/andrew/pico/pico-sdk/src/rp2_common/hardware_irq/irq.c.o
 .debug_info    0x00006662      0x166 CMakeFiles/stepper.dir/Users/andrew/pico/pico-sdk/src/common/pico_sync/lock_core.c.o
 .debug_info    0x000067c8     0x1b94 CMakeFiles/stepper.dir/Users/andrew/pico/pico-sdk/src/common/pico_sync/mutex.c.o
 .debug_info    0x0000835c      0x30b CMakeFiles/stepper.dir/Users/andrew/pico/pico-sdk/src/common/pico_sync/critical_section.c.o
 .debug_info    0x00008667     0x4f87 CMakeFiles/stepper.dir/Users/andrew/pico/pico-sdk/src/common/pico_time/time.c.o
 .debug_info    0x0000d5ee     0x2aa8 CMakeFiles/stepper.dir/Users/andrew/pico/pico-sdk/src/rp2_common/hardware_timer/timer.c.o
 .debug_info    0x00010096     0x2e9c CMakeFiles/stepper.dir/Users/andrew/pico/pico-sdk/src/rp2_common/hardware_clocks/clocks.c.o
 .debug_info    0x00012f32      0x502 CMakeFiles/stepper.dir/Users/andrew/pico/pico-sdk/src/rp2_common/hardware_pll/pll.c.o
 .debug_info    0x00013434      0x8c8 CMakeFiles/stepper.dir/Users/andrew/pico/pico-sdk/src/rp2_common/hardware_watchdog/watchdog.c.o
 .debug_info    0x00013cfc      0x24e CMakeFiles/stepper.dir/Users/andrew/pico/pico-sdk/src/rp2_common/hardware_ticks/ticks.c.o
 .debug_info    0x00013f4a      0x660 CMakeFiles/stepper.dir/Users/andrew/pico/pico-sdk/src/rp2_common/pico_bootrom/bootrom.c.o
 .debug_info    0x000145aa      0x1d6 CMakeFiles/stepper.dir/Users/andrew/pico/pico-sdk/src/rp2_common/hardware_xosc/xosc.c.o
 .debug_info    0x00014780      0x20c CMakeFiles/stepper.dir/Users/andrew/pico/pico-sdk/src/rp2_common/pico_runtime/runtime.c.o
 .debug_info    0x0001498c      0x7f0 CMakeFiles/stepper.dir/Users/andrew/pico/pico-sdk/src/rp2_common/pico_runtime_init/runtime_init.c.o
 .debug_info    0x0001517c      0x787 CMakeFiles/stepper.dir/Users/andrew/pico/pico-sdk/src/rp2_common/pico_runtime_init/runtime_init_clocks.c.o
 .debug_info    0x00015903       0x23 CMakeFiles/stepper.dir/Users/andrew/pico/pico-sdk/src/rp2_common/pico_bit_ops/bit_ops_aeabi.S.o
 .debug_info    0x00015926       0x23 CMakeFiles/stepper.dir/Users/andrew/pico/pico-sdk/src/rp2_common/pico_divider/divider_hardware.S.o
 .debug_info    0x00015949       0x23 CMakeFiles/stepper.dir/Users/andrew/pico/pico-sdk/src/rp2_common/pico_double/double_aeabi_rp2040.S.o
 .debug_info    0x0001596c      0x292 CMakeFiles/stepper.dir/Users/andrew/pico/pico-sdk/src/rp2_common/pico_double/double_init_rom_rp2040.c.o
 .debug_info    0x00015bfe       0x23 CMakeFiles/stepper.dir/Users/andrew/pico/pico-sdk/src/rp2_common/pico_double/double_v1_rom_shim_rp2040.S.o
 .debug_info    0x00015c21       0x24 CMakeFiles/stepper.dir/Users/andrew/pico/pico-sdk/src/rp2_common/pico_int64_ops/pico_int64_ops_aeabi.S.o
 .debug_info    0x00015c45       0x23 CMakeFiles/stepper.dir/Users/andrew/pico/pico-sdk/src/rp2_common/pico_float/float_aeabi_rp2040.S.o
 .debug_info    0x00015c68      0x292 CMakeFiles/stepper.dir/Users/andrew/pico/pico-sdk/src/rp2_common/pico_float/float_init_rom_rp2040.c.o
 .debug_info    0x00015efa       0x23 CMakeFiles/stepper.dir/Users/andrew/pico/pico-sdk/src/rp2_common/pico_float/float_v1_rom_shim_rp2040.S.o